BL51 BANKED LINKER/LOCATER V6.22                                                        10/09/2016  16:12:15  PAGE 1


BL51 BANKED LINKER/LOCATER V6.22, INVOKED BY:
D:\PROGRAM FILES\KEIL4\C51\BIN\BL51.EXE .\eeprom.obj, .\key.obj, .\led.obj, .\main.obj, .\uart.obj, .\process.obj, .\crc
>> .obj TO 910U-P0_V3_4_15W1K16S_20161009 RAMSIZE (256)


MEMORY MODEL: SMALL


INPUT MODULES INCLUDED:
  .\eeprom.obj (EEPROM)
  .\key.obj (KEY)
  .\led.obj (LED)
  .\main.obj (MAIN)
  .\uart.obj (UART)
  .\process.obj (PROCESS)
  .\crc.obj (CRC)
  D:\PROGRAM FILES\KEIL4\C51\LIB\C51S.LIB (?C_STARTUP)
  D:\PROGRAM FILES\KEIL4\C51\LIB\C51S.LIB (?C?CLDPTR)
  D:\PROGRAM FILES\KEIL4\C51\LIB\C51S.LIB (?C?CLDOPTR)
  D:\PROGRAM FILES\KEIL4\C51\LIB\C51S.LIB (?C?CSTPTR)
  D:\PROGRAM FILES\KEIL4\C51\LIB\C51S.LIB (?C?CSTOPTR)
  D:\PROGRAM FILES\KEIL4\C51\LIB\C51S.LIB (?C?IMUL)
  D:\PROGRAM FILES\KEIL4\C51\LIB\C51S.LIB (?C?UIDIV)
  D:\PROGRAM FILES\KEIL4\C51\LIB\C51S.LIB (?C?ULCMP)


LINK MAP OF MODULE:  910U-P0_V3_4_15W1K16S_20161009 (EEPROM)


            TYPE    BASE      LENGTH    RELOCATION   SEGMENT NAME
            -----------------------------------------------------

            * * * * * * *   D A T A   M E M O R Y   * * * * * * *
            REG     0000H     0008H     ABSOLUTE     "REG BANK 0"
            DATA    0008H     0036H     UNIT         ?DT?MAIN
            DATA    003EH     001EH     UNIT         _DATA_GROUP_
            IDATA   005CH     0033H     UNIT         ?ID?MAIN
            IDATA   008FH     0001H     UNIT         ?STACK

            * * * * * * *  X D A T A   M E M O R Y  * * * * * * *
            XDATA   0000H     0183H     UNIT         ?XD?MAIN

            * * * * * * *   C O D E   M E M O R Y   * * * * * * *
            CODE    0000H     0003H     ABSOLUTE     
            CODE    0003H     0007H     UNIT         ?PR?DISPBUFFREFRESH_TASKPROCESS?LED
            CODE    000AH     0001H     UNIT         ?PR?LED_SCAN?LED
            CODE    000BH     0003H     ABSOLUTE     
            CODE    000EH     0015H     UNIT         ?PR?DISPBUFFREFRESH_CFGPWD?LED
            CODE    0023H     0003H     ABSOLUTE     
            CODE    0026H     03E2H     UNIT         ?PR?DISCODEPROTOCALV1?PROCESS
            CODE    0408H     0307H     UNIT         ?PR?COMMU_TASK_PROCESS?PROCESS
            CODE    070FH     0252H     UNIT         ?PR?_KEYNORMOLFUN?KEY
            CODE    0961H     024DH     UNIT         ?PR?_DISPBUFFREFRESH_TASK_BACK_COM?LED
            CODE    0BAEH     0200H     UNIT         ?CO?CRC
            CODE    0DAEH     014CH     UNIT         ?PR?_DISPLAY_INFO?PROCESS
            CODE    0EFAH     0139H     UNIT         ?PR?ACK_MULTI_READ?PROCESS
            CODE    1033H     0129H     UNIT         ?PR?_READPARAINEEPROM?EEPROM
            CODE    115CH     00F3H     UNIT         ?PR?_CFGCHGPARAVAL?KEY
BL51 BANKED LINKER/LOCATER V6.22                                                      10/09/2016  16:12:15  PAGE 2


            CODE    124FH     00F2H     UNIT         ?C?LIB_CODE
            CODE    1341H     00E4H     UNIT         ?PR?_NORMOLCHGVAL?KEY
            CODE    1425H     00B0H     UNIT         ?PR?KEY_SCAN?KEY
            CODE    14D5H     00A4H     UNIT         ?PR?TIMER0_INT?MAIN
            CODE    1579H     0088H     UNIT         ?PR?_PUTFINISHEDTOSTACK_COM?KEY
            CODE    1601H     0082H     UNIT         ?PR?LEDDISPBUFFREFRESH?LED
            CODE    1683H     0075H     UNIT         ?PR?TIME_LEDDISPBUFFREFRESH?LED
            CODE    16F8H     0072H     UNIT         ?PR?SYS_DATA_RESET?MAIN
            CODE    176AH     0066H     UNIT         ?PR?_NORMOLCHGFOCUS?KEY
            CODE    17D0H     005FH     UNIT         ?PR?PUTFINISHEDTOSTACK?KEY
            CODE    182FH     005FH     UNIT         ?PR?_LED_LIGHT_CTRL?LED
            CODE    188EH     005DH     UNIT         ?PR?_CALC_VALUE3?LED
            CODE    18EBH     0059H     UNIT         ?PR?DISPBUFFREFRESH_AD?LED
            CODE    1944H     0055H     UNIT         ?PR?_DISPBUFFREFRESH_FNCOM?LED
            CODE    1999H     004EH     UNIT         ?PR?DISPBUFFREFRESH_WAIT?LED
            CODE    19E7H     004AH     UNIT         ?PR?SAVEPARATOBLOCK?EEPROM
            CODE    1A31H     0048H     UNIT         ?PR?SCON_INT?UART
            CODE    1A79H     003DH     UNIT         ?PR?_CFGCHGFOCUS?KEY
            CODE    1AB6H     003CH     UNIT         ?PR?GETLEDONTIME?LED
            CODE    1AF2H     003CH     UNIT         ?PR?GETLEDOFFTIME?LED
            CODE    1B2EH     003AH     UNIT         ?PR?START_DISPLAY?LED
            CODE    1B68H     0039H     UNIT         ?PR?_EEPROM_READ_BLOCK?EEPROM
            CODE    1BA1H     0039H     UNIT         ?PR?_EEPROM_WRITE_BLOCK?EEPROM
            CODE    1BDAH     0038H     UNIT         ?PR?ACK_MULTI_WRITE?PROCESS
            CODE    1C12H     0034H     UNIT         ?PR?_CFGCHGPAGE?KEY
            CODE    1C46H     0034H     UNIT         ?PR?_CRC16?CRC
            CODE    1C7AH     0033H     UNIT         ?PR?_CALC_VALUE4?LED
            CODE    1CADH     0033H     UNIT         ?PR?MAIN?MAIN
            CODE    1CE0H     0031H     UNIT         ?PR?ACK_MULTI_WRITE_REPEATERROR?PROCESS
            CODE    1D11H     0030H     UNIT         ?PR?CMD_LED_FLASH?LED
            CODE    1D41H     0030H     UNIT         ?PR?ACK_MULTI_READTESTADDR?PROCESS
            CODE    1D71H     002EH     UNIT         ?PR?CHKPARAOVERTODEFVAL?EEPROM
            CODE    1D9FH     002DH     UNIT         ?PR?_KEYCONFIGFUN?KEY
            CODE    1DCCH     002DH     UNIT         ?PR?_SENDSERIALBYTE?UART
            CODE    1DF9H     0028H     UNIT         ?PR?CMD_PROCESS?PROCESS
            CODE    1E21H     0027H     UNIT         ?PR?INITT1?UART
            CODE    1E48H     0024H     UNIT         ?PR?_BYTE_READ?EEPROM
            CODE    1E6CH     0024H     UNIT         ?PR?_KEY_FUN?KEY
            CODE    1E90H     0024H     UNIT         ?PR?_CALC_VALUE5?LED
            CODE    1EB4H     0022H     UNIT         ?PR?LOADPARAINEEPROM?EEPROM
            CODE    1ED6H     0020H     UNIT         ?PR?_BYTE_PROGRAM?EEPROM
            CODE    1EF6H     001DH     UNIT         ?PR?EXIT_CFG_MODE?KEY
            CODE    1F13H     001DH     UNIT         ?PR?DISPBUFFREFRESH_OFF?LED
            CODE    1F30H     001CH     UNIT         ?CO?EEPROM
            CODE    1F4CH     001BH     UNIT         ?PR?_DISP0CHGOFF?LED
            CODE    1F67H     001AH     UNIT         ?PR?_SECTOR_ERASE?EEPROM
            CODE    1F81H     0018H     UNIT         ?PR?_DELAYMS?MAIN
            CODE    1F99H     0017H     UNIT         ?PR?DISPLAY_CLEAR?LED
            CODE    1FB0H     0015H     UNIT         ?PR?DISPBUFFREFRESH_BACKDISP?LED
            CODE    1FC5H     0014H     UNIT         ?PR?START_INIT?MAIN
            CODE    1FD9H     0013H     UNIT         ?PR?_SETDISPPAGE?LED
            CODE    1FECH     0013H     UNIT         ?PR?SYS_DISP_SET?MAIN
            CODE    1FFFH     0013H     UNIT         ?PR?INITT0?MAIN
            CODE    2012H     0011H     UNIT         ?PR?UART_INIT?UART
            CODE    2023H     000EH     UNIT         ?PR?SCAN_VAL?KEY
            CODE    2031H     000EH     UNIT         ?PR?DELAY1MS?MAIN
            CODE    203FH     000EH     UNIT         ?PR?IO_INIT?MAIN
BL51 BANKED LINKER/LOCATER V6.22                                                      10/09/2016  16:12:15  PAGE 3


            CODE    204DH     000EH     UNIT         ?PR?ACK_SINGLE_WRITE?PROCESS
            CODE    205BH     000DH     UNIT         ?PR?_DISPSAMECHAR?LED
            CODE    2068H     000DH     UNIT         ?PR?RESETADDR?PROCESS
            CODE    2075H     000CH     UNIT         ?PR?IAP_DISABLE?EEPROM
            CODE    2081H     000CH     UNIT         ?CO?KEY
            CODE    208DH     000CH     UNIT         ?C_C51STARTUP
            CODE    2099H     000BH     UNIT         ?PR?_EEPROM_ERASE_SECTOR?EEPROM
            CODE    20A4H     0006H     UNIT         ?PR?DISPBUFFREFRESH_NULL?LED
            CODE    20AAH     0006H     UNIT         ?CO?MAIN
            CODE    20B0H     0005H     UNIT         ?PR?DISPBUFFREFRESH_F1?LED
            CODE    20B5H     0005H     UNIT         ?PR?DISPBUFFREFRESH_F2?LED
            CODE    20BAH     0005H     UNIT         ?PR?DISPBUFFREFRESH_F3?LED
            CODE    20BFH     0005H     UNIT         ?PR?DISPBUFFREFRESH_F4?LED
            CODE    20C4H     0005H     UNIT         ?PR?DISPBUFFREFRESH_F5?LED
            CODE    20C9H     0001H     UNIT         ?PR?DIGITAL_LED_CNTRL_INIT?LED
            CODE    20CAH     0001H     UNIT         ?PR?DISPVERSION?LED
            CODE    20CBH     0001H     UNIT         ?PR?DISPLEDBIT?LED
            CODE    20CCH     0001H     UNIT         ?PR?DISPLAY_PARA_AD_FN?LED
            CODE    20CDH     0001H     UNIT         ?PR?ALL_DIGITAL_LED_PWR_OFF?LED
            CODE    20CEH     0001H     UNIT         ?PR?DIGI_DOTLED_DISP?LED



OVERLAY MAP OF MODULE:   910U-P0_V3_4_15W1K16S_20161009 (EEPROM)


SEGMENT                                           DATA_GROUP 
  +--> CALLED SEGMENT                           START    LENGTH
---------------------------------------------------------------
?PR?TIMER0_INT?MAIN                             -----    -----
  +--> ?PR?LED_SCAN?LED

*** NEW ROOT ***************************************************

?C_C51STARTUP                                   -----    -----
  +--> ?PR?MAIN?MAIN

?PR?MAIN?MAIN                                   -----    -----
  +--> ?PR?IO_INIT?MAIN
  +--> ?PR?_DELAYMS?MAIN
  +--> ?PR?DIGITAL_LED_CNTRL_INIT?LED
  +--> ?PR?INITT0?MAIN
  +--> ?PR?LOADPARAINEEPROM?EEPROM
  +--> ?PR?SYS_DISP_SET?MAIN
  +--> ?PR?UART_INIT?UART
  +--> ?PR?START_INIT?MAIN
  +--> ?PR?START_DISPLAY?LED
  +--> ?PR?CMD_LED_FLASH?LED
  +--> ?PR?KEY_SCAN?KEY
  +--> ?PR?LEDDISPBUFFREFRESH?LED
  +--> ?PR?CMD_PROCESS?PROCESS

?PR?IO_INIT?MAIN                                -----    -----
  +--> ?PR?ALL_DIGITAL_LED_PWR_OFF?LED

?PR?_DELAYMS?MAIN                               -----    -----
  +--> ?PR?DELAY1MS?MAIN
BL51 BANKED LINKER/LOCATER V6.22                                                      10/09/2016  16:12:15  PAGE 4



?PR?LOADPARAINEEPROM?EEPROM                     003EH    0001H
  +--> ?PR?_READPARAINEEPROM?EEPROM
  +--> ?PR?CHKPARAOVERTODEFVAL?EEPROM

?PR?_READPARAINEEPROM?EEPROM                    003FH    0013H
  +--> ?CO?EEPROM
  +--> ?PR?_EEPROM_READ_BLOCK?EEPROM
  +--> ?PR?_EEPROM_ERASE_SECTOR?EEPROM
  +--> ?PR?_EEPROM_WRITE_BLOCK?EEPROM

?PR?_EEPROM_READ_BLOCK?EEPROM                   0052H    0008H
  +--> ?PR?_BYTE_READ?EEPROM

?PR?_BYTE_READ?EEPROM                           005AH    0002H
  +--> ?PR?IAP_DISABLE?EEPROM

?PR?_EEPROM_ERASE_SECTOR?EEPROM                 -----    -----
  +--> ?PR?_SECTOR_ERASE?EEPROM

?PR?_SECTOR_ERASE?EEPROM                        0052H    0002H
  +--> ?PR?IAP_DISABLE?EEPROM

?PR?_EEPROM_WRITE_BLOCK?EEPROM                  0052H    0008H
  +--> ?PR?_BYTE_PROGRAM?EEPROM

?PR?_BYTE_PROGRAM?EEPROM                        005AH    0002H
  +--> ?PR?IAP_DISABLE?EEPROM

?PR?CHKPARAOVERTODEFVAL?EEPROM                  -----    -----
  +--> ?CO?EEPROM

?PR?UART_INIT?UART                              -----    -----
  +--> ?PR?INITT1?UART

?PR?START_INIT?MAIN                             -----    -----
  +--> ?PR?DISPLAY_CLEAR?LED
  +--> ?PR?SYS_DATA_RESET?MAIN

?PR?DISPLAY_CLEAR?LED                           -----    -----
  +--> ?PR?_SETDISPPAGE?LED

?PR?START_DISPLAY?LED                           -----    -----
  +--> ?PR?DISPVERSION?LED
  +--> ?PR?DISPLEDBIT?LED
  +--> ?PR?_DISPSAMECHAR?LED
  +--> ?PR?_LED_LIGHT_CTRL?LED
  +--> ?PR?_DELAYMS?MAIN
  +--> ?PR?DISPLAY_PARA_AD_FN?LED
  +--> ?PR?DISPLAY_CLEAR?LED

?PR?CMD_LED_FLASH?LED                           -----    -----
  +--> ?PR?_LED_LIGHT_CTRL?LED
  +--> ?PR?GETLEDONTIME?LED
  +--> ?PR?GETLEDOFFTIME?LED

?PR?KEY_SCAN?KEY                                003EH    0001H
BL51 BANKED LINKER/LOCATER V6.22                                                      10/09/2016  16:12:15  PAGE 5


  +--> ?PR?SCAN_VAL?KEY
  +--> ?PR?_KEY_FUN?KEY

?PR?_KEY_FUN?KEY                                003FH    0001H
  +--> ?PR?SAVEPARATOBLOCK?EEPROM
  +--> ?PR?_KEYCONFIGFUN?KEY
  +--> ?PR?_KEYNORMOLFUN?KEY

?PR?SAVEPARATOBLOCK?EEPROM                      0040H    0001H
  +--> ?PR?CHKPARAOVERTODEFVAL?EEPROM
  +--> ?CO?EEPROM
  +--> ?PR?_EEPROM_ERASE_SECTOR?EEPROM
  +--> ?PR?_EEPROM_WRITE_BLOCK?EEPROM
  +--> ?PR?SYS_DISP_SET?MAIN

?PR?_KEYCONFIGFUN?KEY                           -----    -----
  +--> ?PR?_CFGCHGPAGE?KEY
  +--> ?PR?_CFGCHGPARAVAL?KEY
  +--> ?PR?_CFGCHGFOCUS?KEY
  +--> ?PR?EXIT_CFG_MODE?KEY

?PR?_CFGCHGPAGE?KEY                             -----    -----
  +--> ?CO?KEY
  +--> ?PR?_SETDISPPAGE?LED

?PR?_CFGCHGPARAVAL?KEY                          0040H    0005H
  +--> ?PR?_CALC_VALUE3?LED
  +--> ?CO?KEY
  +--> ?PR?_SETDISPPAGE?LED

?PR?_CALC_VALUE3?LED                            0049H    0002H

?PR?_CFGCHGFOCUS?KEY                            -----    -----
  +--> ?CO?KEY
  +--> ?PR?_SETDISPPAGE?LED

?PR?EXIT_CFG_MODE?KEY                           -----    -----
  +--> ?PR?DISPLAY_CLEAR?LED
  +--> ?PR?SAVEPARATOBLOCK?EEPROM

?PR?_KEYNORMOLFUN?KEY                           0040H    0001H
  +--> ?PR?_NORMOLCHGVAL?KEY
  +--> ?PR?_NORMOLCHGFOCUS?KEY
  +--> ?PR?_PUTFINISHEDTOSTACK_COM?KEY
  +--> ?PR?PUTFINISHEDTOSTACK?KEY
  +--> ?PR?DISPLAY_CLEAR?LED
  +--> ?PR?_SETDISPPAGE?LED

?PR?_NORMOLCHGVAL?KEY                           0041H    0004H
  +--> ?PR?_CALC_VALUE5?LED
  +--> ?PR?_SETDISPPAGE?LED

?PR?_CALC_VALUE5?LED                            0045H    0002H
  +--> ?PR?_CALC_VALUE4?LED

?PR?_CALC_VALUE4?LED                            0047H    0002H
  +--> ?PR?_CALC_VALUE3?LED
BL51 BANKED LINKER/LOCATER V6.22                                                      10/09/2016  16:12:15  PAGE 6



?PR?_NORMOLCHGFOCUS?KEY                         0041H    0001H
  +--> ?PR?_SETDISPPAGE?LED

?PR?_PUTFINISHEDTOSTACK_COM?KEY                 0049H    0004H

?PR?PUTFINISHEDTOSTACK?KEY                      -----    -----
  +--> ?PR?_PUTFINISHEDTOSTACK_COM?KEY

?PR?LEDDISPBUFFREFRESH?LED                      -----    -----
  +--> ?PR?TIME_LEDDISPBUFFREFRESH?LED
  +--> ?PR?DISPBUFFREFRESH_TASKPROCESS?LED
  +--> ?PR?DISPBUFFREFRESH_WAIT?LED
  +--> ?PR?DISPBUFFREFRESH_BACKDISP?LED
  +--> ?PR?DISPBUFFREFRESH_AD?LED
  +--> ?PR?DISPBUFFREFRESH_F1?LED
  +--> ?PR?DISPBUFFREFRESH_F2?LED
  +--> ?PR?DISPBUFFREFRESH_F3?LED
  +--> ?PR?DISPBUFFREFRESH_F4?LED
  +--> ?PR?DISPBUFFREFRESH_F5?LED
  +--> ?PR?DISPBUFFREFRESH_NULL?LED
  +--> ?PR?DISPBUFFREFRESH_CFGPWD?LED
  +--> ?PR?DISPBUFFREFRESH_OFF?LED
  +--> ?PR?DIGI_DOTLED_DISP?LED

?PR?TIME_LEDDISPBUFFREFRESH?LED                 -----    -----
  +--> ?PR?DISPLAY_CLEAR?LED
  +--> ?PR?EXIT_CFG_MODE?KEY
  +--> ?PR?_SETDISPPAGE?LED

?PR?DISPBUFFREFRESH_TASKPROCESS?LED             -----    -----
  +--> ?PR?_DISPBUFFREFRESH_TASK_BACK_COM?LED

?PR?_DISPBUFFREFRESH_TASK_BACK_COM?LED          003EH    0003H
  +--> ?PR?DISPBUFFREFRESH_OFF?LED
  +--> ?PR?_CALC_VALUE5?LED
  +--> ?PR?_DISP0CHGOFF?LED

?PR?DISPBUFFREFRESH_BACKDISP?LED                -----    -----
  +--> ?PR?_DISPBUFFREFRESH_TASK_BACK_COM?LED

?PR?DISPBUFFREFRESH_AD?LED                      -----    -----
  +--> ?PR?DISPBUFFREFRESH_OFF?LED
  +--> ?PR?_CALC_VALUE3?LED
  +--> ?PR?_DISP0CHGOFF?LED

?PR?DISPBUFFREFRESH_F1?LED                      -----    -----
  +--> ?PR?_DISPBUFFREFRESH_FNCOM?LED

?PR?_DISPBUFFREFRESH_FNCOM?LED                  -----    -----
  +--> ?PR?DISPBUFFREFRESH_OFF?LED

?PR?DISPBUFFREFRESH_F2?LED                      -----    -----
  +--> ?PR?_DISPBUFFREFRESH_FNCOM?LED

?PR?DISPBUFFREFRESH_F3?LED                      -----    -----
  +--> ?PR?_DISPBUFFREFRESH_FNCOM?LED
BL51 BANKED LINKER/LOCATER V6.22                                                      10/09/2016  16:12:15  PAGE 7



?PR?DISPBUFFREFRESH_F4?LED                      -----    -----
  +--> ?PR?_DISPBUFFREFRESH_FNCOM?LED

?PR?DISPBUFFREFRESH_F5?LED                      -----    -----
  +--> ?PR?_DISPBUFFREFRESH_FNCOM?LED

?PR?DISPBUFFREFRESH_NULL?LED                    003EH    0001H
  +--> ?PR?DISPBUFFREFRESH_OFF?LED

?PR?CMD_PROCESS?PROCESS                         -----    -----
  +--> ?PR?DISCODEPROTOCALV1?PROCESS

?PR?DISCODEPROTOCALV1?PROCESS                   003EH    0002H
  +--> ?PR?_CRC16?CRC
  +--> ?PR?RESETADDR?PROCESS
  +--> ?PR?_SETDISPPAGE?LED
  +--> ?PR?DISPLAY_CLEAR?LED
  +--> ?PR?SYS_DATA_RESET?MAIN
  +--> ?PR?SAVEPARATOBLOCK?EEPROM
  +--> ?PR?ACK_MULTI_READTESTADDR?PROCESS
  +--> ?PR?ACK_MULTI_READ?PROCESS
  +--> ?PR?ACK_SINGLE_WRITE?PROCESS
  +--> ?PR?_PUTFINISHEDTOSTACK_COM?KEY
  +--> ?PR?ACK_MULTI_WRITE?PROCESS
  +--> ?PR?ACK_MULTI_WRITE_REPEATERROR?PROCESS
  +--> ?PR?COMMU_TASK_PROCESS?PROCESS
  +--> ?PR?_DISPLAY_INFO?PROCESS

?PR?_CRC16?CRC                                  0042H    0002H
  +--> ?CO?CRC

?PR?RESETADDR?PROCESS                           -----    -----
  +--> ?PR?DISPLAY_CLEAR?LED
  +--> ?PR?SYS_DATA_RESET?MAIN
  +--> ?PR?SAVEPARATOBLOCK?EEPROM

?PR?ACK_MULTI_READTESTADDR?PROCESS              -----    -----
  +--> ?PR?_CRC16?CRC
  +--> ?PR?_SENDSERIALBYTE?UART

?PR?ACK_MULTI_READ?PROCESS                      0040H    0002H
  +--> ?PR?_CRC16?CRC
  +--> ?PR?_SENDSERIALBYTE?UART

?PR?ACK_SINGLE_WRITE?PROCESS                    -----    -----
  +--> ?PR?_SENDSERIALBYTE?UART

?PR?ACK_MULTI_WRITE?PROCESS                     -----    -----
  +--> ?PR?_CRC16?CRC
  +--> ?PR?_SENDSERIALBYTE?UART

?PR?ACK_MULTI_WRITE_REPEATERROR?PROCESS         -----    -----
  +--> ?PR?_CRC16?CRC
  +--> ?PR?_SENDSERIALBYTE?UART

?PR?COMMU_TASK_PROCESS?PROCESS                  0040H    0009H
BL51 BANKED LINKER/LOCATER V6.22                                                      10/09/2016  16:12:15  PAGE 8


  +--> ?PR?_PUTFINISHEDTOSTACK_COM?KEY
  +--> ?PR?_SETDISPPAGE?LED

?PR?_DISPLAY_INFO?PROCESS                       0040H    0004H
  +--> ?PR?_SETDISPPAGE?LED



SYMBOL TABLE OF MODULE:  910U-P0_V3_4_15W1K16S_20161009 (EEPROM)

  VALUE           TYPE          NAME
  ----------------------------------

  -------         MODULE        EEPROM
  C:0000H         SYMBOL        _ICE_DUMMY_
  D:0080H         PUBLIC        P0
  D:0090H         PUBLIC        P1
  D:00A0H         PUBLIC        P2
  D:00B0H         PUBLIC        P3
  D:00C0H         PUBLIC        P4
  D:00C8H         PUBLIC        P5
  C:1BA1H         PUBLIC        _eeprom_write_block
  C:1F46H         PUBLIC        Para_DefTB
  D:00A8H         PUBLIC        IE
  D:00C5H         PUBLIC        IAP_CMD
  D:00B8H         PUBLIC        IP
  D:00C3H         PUBLIC        IAP_ADDRH
  D:00D8H         PUBLIC        CCON
  D:00C4H         PUBLIC        IAP_ADDRL
  C:1F40H         PUBLIC        Para_MaxTB
  C:1033H         PUBLIC        _ReadParaInEeprom
  C:1EB4H         PUBLIC        LoadParaInEeprom
  D:0098H         PUBLIC        SCON
  D:0088H         PUBLIC        TCON
  C:1D71H         PUBLIC        ChkParaOverToDefVal
  D:00F0H         PUBLIC        B
  D:00C7H         PUBLIC        IAP_CONTR
  C:1F67H         PUBLIC        _Sector_Erase
  D:00E0H         PUBLIC        ACC
  C:19E7H         PUBLIC        SaveParaToBlock
  C:1F30H         PUBLIC        SECTOR_PAGE
  C:1ED6H         PUBLIC        _Byte_Program
  D:00C2H         PUBLIC        IAP_DATA
  D:00C6H         PUBLIC        IAP_TRIG
  C:2075H         PUBLIC        IAP_Disable
  C:1E48H         PUBLIC        _Byte_Read
  C:20A0H         PUBLIC        _eeprom_erase_sector
  C:1B68H         PUBLIC        _eeprom_read_block
  D:00D0H         PUBLIC        PSW
  -------         PROC          _BYTE_READ
  D:0001H         SYMBOL        add
  -------         DO            
  D:005AH         SYMBOL        my_unTemp16
  -------         ENDDO         
  C:1E48H         LINE#         23
  C:1E48H         LINE#         24
  C:1E48H         LINE#         27
BL51 BANKED LINKER/LOCATER V6.22                                                      10/09/2016  16:12:15  PAGE 9


  C:1E4BH         LINE#         28
  C:1E4EH         LINE#         29
  C:1E51H         LINE#         31
  C:1E59H         LINE#         32
  C:1E5CH         LINE#         33
  C:1E5FH         LINE#         36
  C:1E62H         LINE#         37
  C:1E65H         LINE#         38
  C:1E66H         LINE#         40
  C:1E69H         LINE#         42
  C:1E6BH         LINE#         43
  -------         ENDPROC       _BYTE_READ
  -------         PROC          _BYTE_PROGRAM
  D:0001H         SYMBOL        add
  D:0005H         SYMBOL        ch
  -------         DO            
  D:005AH         SYMBOL        my_unTemp16
  -------         ENDDO         
  C:1ED6H         LINE#         46
  C:1ED6H         LINE#         47
  C:1ED6H         LINE#         50
  C:1ED9H         LINE#         51
  C:1EDCH         LINE#         53
  C:1EE4H         LINE#         54
  C:1EE7H         LINE#         55
  C:1EEAH         LINE#         57
  C:1EECH         LINE#         59
  C:1EEFH         LINE#         60
  C:1EF2H         LINE#         61
  C:1EF3H         LINE#         63
  -------         ENDPROC       _BYTE_PROGRAM
  -------         PROC          _SECTOR_ERASE
  D:0006H         SYMBOL        add
  -------         DO            
  D:0052H         SYMBOL        my_unTemp16
  -------         ENDDO         
  C:1F67H         LINE#         68
  C:1F67H         LINE#         69
  C:1F67H         LINE#         72
  C:1F6AH         LINE#         73
  C:1F6DH         LINE#         75
  C:1F71H         LINE#         76
  C:1F74H         LINE#         77
  C:1F77H         LINE#         80
  C:1F7AH         LINE#         81
  C:1F7DH         LINE#         82
  C:1F7EH         LINE#         84
  -------         ENDPROC       _SECTOR_ERASE
  -------         PROC          IAP_DISABLE
  C:2075H         LINE#         88
  C:2075H         LINE#         89
  C:2075H         LINE#         92
  C:2078H         LINE#         93
  C:207AH         LINE#         94
  C:207CH         LINE#         95
  C:207EH         LINE#         96
  C:2080H         LINE#         97
BL51 BANKED LINKER/LOCATER V6.22                                                      10/09/2016  16:12:15  PAGE 10


  -------         ENDPROC       IAP_DISABLE
  -------         PROC          _EEPROM_READ_BLOCK
  D:0052H         SYMBOL        Buff
  D:0055H         SYMBOL        beginAddr
  D:0058H         SYMBOL        len
  -------         DO            
  D:0059H         SYMBOL        i
  -------         ENDDO         
  C:1B68H         LINE#         104
  C:1B6EH         LINE#         105
  C:1B6EH         LINE#         108
  C:1B78H         LINE#         109
  C:1B78H         LINE#         110
  C:1B91H         LINE#         111
  C:1B9CH         LINE#         112
  C:1BA0H         LINE#         115
  -------         ENDPROC       _EEPROM_READ_BLOCK
  -------         PROC          _EEPROM_WRITE_BLOCK
  D:0052H         SYMBOL        Buff
  D:0055H         SYMBOL        beginAddr
  D:0058H         SYMBOL        len
  -------         DO            
  D:0059H         SYMBOL        i
  -------         ENDDO         
  C:1BA1H         LINE#         120
  C:1BA7H         LINE#         121
  C:1BA7H         LINE#         124
  C:1BB1H         LINE#         125
  C:1BB1H         LINE#         126
  C:1BCAH         LINE#         127
  C:1BD5H         LINE#         128
  C:1BD9H         LINE#         131
  -------         ENDPROC       _EEPROM_WRITE_BLOCK
  C:2099H         SYMBOL        L?0038
  -------         PROC          L?0037
  -------         ENDPROC       L?0037
  C:2099H         SYMBOL        L?0038
  -------         PROC          _EEPROM_ERASE_SECTOR
  D:0006H         SYMBOL        pageAddr
  C:20A0H         LINE#         146
  C:20A0H         LINE#         147
  C:20A0H         LINE#         148
  C:20A3H         LINE#         150
  -------         ENDPROC       _EEPROM_ERASE_SECTOR
  -------         PROC          _READPARAINEEPROM
  D:0007H         SYMBOL        offset
  -------         DO            
  D:003FH         SYMBOL        i
  D:0040H         SYMBOL        para_page_0
  D:0046H         SYMBOL        para_page_1
  D:004CH         SYMBOL        para_page_2
  -------         ENDDO         
  C:1033H         LINE#         158
  C:1033H         LINE#         159
  C:1033H         LINE#         160
  C:1035H         LINE#         165
  C:103EH         LINE#         167
BL51 BANKED LINKER/LOCATER V6.22                                                      10/09/2016  16:12:15  PAGE 11


  C:105CH         LINE#         168
  C:107AH         LINE#         169
  C:1098H         LINE#         171
  C:10A9H         LINE#         172
  C:10A9H         LINE#         173
  C:10B2H         LINE#         174
  C:10B2H         LINE#         175
  C:10B9H         LINE#         176
  C:10BFH         LINE#         178
  C:10DDH         LINE#         179
  C:10DDH         LINE#         180
  C:10E2H         LINE#         181
  C:10E2H         LINE#         182
  C:10F3H         LINE#         183
  C:10F3H         LINE#         184
  C:10FAH         LINE#         185
  C:1100H         LINE#         187
  C:111EH         LINE#         188
  C:1122H         LINE#         189
  C:1122H         LINE#         191
  C:1122H         LINE#         192
  C:1130H         LINE#         193
  C:1136H         LINE#         194
  C:1154H         LINE#         195
  C:115BH         LINE#         196
  C:115BH         LINE#         197
  -------         ENDPROC       _READPARAINEEPROM
  -------         PROC          CHKPARAOVERTODEFVAL
  -------         DO            
  D:0007H         SYMBOL        i
  -------         ENDDO         
  C:1D71H         LINE#         208
  C:1D71H         LINE#         209
  C:1D71H         LINE#         214
  C:1D73H         LINE#         215
  C:1D73H         LINE#         217
  C:1D82H         LINE#         218
  C:1D8EH         LINE#         220
  C:1D9AH         LINE#         221
  C:1D9EH         LINE#         223
  -------         ENDPROC       CHKPARAOVERTODEFVAL
  -------         PROC          SAVEPARATOBLOCK
  -------         DO            
  D:0040H         SYMBOL        i
  -------         ENDDO         
  C:19E7H         LINE#         229
  C:19E7H         LINE#         230
  C:19E7H         LINE#         233
  C:19EAH         LINE#         236
  C:19EDH         LINE#         237
  C:19EDH         LINE#         238
  C:19FDH         LINE#         239
  C:1A25H         LINE#         240
  C:1A2EH         LINE#         242
  -------         ENDPROC       SAVEPARATOBLOCK
  -------         PROC          LOADPARAINEEPROM
  -------         DO            
BL51 BANKED LINKER/LOCATER V6.22                                                      10/09/2016  16:12:15  PAGE 12


  D:003EH         SYMBOL        i
  -------         ENDDO         
  C:1EB4H         LINE#         249
  C:1EB4H         LINE#         250
  C:1EB4H         LINE#         253
  C:1EB7H         LINE#         254
  C:1ECCH         LINE#         258
  C:1ED1H         LINE#         259
  C:1ED3H         LINE#         261
  -------         ENDPROC       LOADPARAINEEPROM
  -------         ENDMOD        EEPROM

  -------         MODULE        KEY
  C:0000H         SYMBOL        _ICE_DUMMY_
  D:0080H         PUBLIC        P0
  D:0090H         PUBLIC        P1
  D:00A0H         PUBLIC        P2
  D:00B0H         PUBLIC        P3
  D:00C0H         PUBLIC        P4
  D:00C8H         PUBLIC        P5
  C:2023H         PUBLIC        Scan_Val
  D:00A8H         PUBLIC        IE
  C:1425H         PUBLIC        Key_Scan
  C:176AH         PUBLIC        _NormolChgFocus
  C:2081H         PUBLIC        CfgPageDB
  D:00B8H         PUBLIC        IP
  D:00D8H         PUBLIC        CCON
  C:1C12H         PUBLIC        _CfgChgPage
  C:1A79H         PUBLIC        _CfgChgFocus
  C:17D0H         PUBLIC        PutFinishedToStack
  C:1579H         PUBLIC        _PutFinishedToStack_Com
  C:1D9FH         PUBLIC        _KeyConfigFun
  C:1341H         PUBLIC        _NormolChgVal
  D:0098H         PUBLIC        SCON
  C:1E6CH         PUBLIC        _Key_Fun
  D:0088H         PUBLIC        TCON
  D:00F0H         PUBLIC        B
  C:2087H         PUBLIC        CfgParaFocusDb
  D:00E0H         PUBLIC        ACC
  C:115CH         PUBLIC        _CfgChgParaVal
  C:070FH         PUBLIC        _KeyNormolFun
  B:00B0H.3       PUBLIC        KEY_OK
  C:1EF6H         PUBLIC        Exit_Cfg_Mode
  D:00D0H         PUBLIC        PSW
  -------         PROC          _PUTFINISHEDTOSTACK_COM
  D:0049H         SYMBOL        ptr1
  D:004BH         SYMBOL        ptr2
  -------         DO            
  D:0006H         SYMBOL        i
  D:0007H         SYMBOL        len
  -------         ENDDO         
  C:1579H         LINE#         14
  C:1581H         LINE#         15
  C:1581H         LINE#         18
  C:159CH         LINE#         20
  C:15A3H         LINE#         22
  C:15AAH         LINE#         23
BL51 BANKED LINKER/LOCATER V6.22                                                      10/09/2016  16:12:15  PAGE 13


  C:15DBH         LINE#         25
  C:15E9H         LINE#         26
  C:1600H         LINE#         28
  -------         ENDPROC       _PUTFINISHEDTOSTACK_COM
  -------         PROC          PUTFINISHEDTOSTACK
  -------         DO            
  D:0003H         SYMBOL        i
  -------         ENDDO         
  C:17D0H         LINE#         35
  C:17D0H         LINE#         36
  C:17D0H         LINE#         40
  C:17D9H         LINE#         41
  C:17D9H         LINE#         43
  C:17EFH         LINE#         44
  C:17F5H         LINE#         45
  C:17F6H         LINE#         48
  C:17F6H         LINE#         49
  C:17F8H         LINE#         50
  C:17F8H         LINE#         52
  C:1819H         LINE#         53
  C:181DH         LINE#         55
  C:1828H         LINE#         56
  C:182EH         LINE#         57
  C:182EH         LINE#         58
  -------         ENDPROC       PUTFINISHEDTOSTACK
  -------         PROC          _NORMOLCHGVAL
  D:0041H         SYMBOL        sts
  -------         DO            
  D:0007H         SYMBOL        rev
  D:0042H         SYMBOL        num
  D:0043H         SYMBOL        usValue
  -------         ENDDO         
  C:1341H         LINE#         63
  C:1343H         LINE#         64
  C:1343H         LINE#         68
  C:134AH         LINE#         72
  C:1350H         LINE#         73
  C:135AH         LINE#         77
  C:138CH         LINE#         78
  C:138CH         LINE#         83
  C:1395H         LINE#         86
  C:139EH         LINE#         87
  C:13A8H         LINE#         89
  C:13AFH         LINE#         92
  C:13B6H         LINE#         93
  C:13B7H         LINE#         95
  C:13BDH         LINE#         96
  C:13BDH         LINE#         97
  C:13C5H         LINE#         98
  C:13C7H         LINE#         99
  C:13C7H         LINE#         101
  C:13C9H         LINE#         104
  C:1411H         LINE#         105
  C:1419H         LINE#         108
  C:141CH         LINE#         109
  C:141FH         LINE#         110
  C:1424H         LINE#         111
BL51 BANKED LINKER/LOCATER V6.22                                                      10/09/2016  16:12:15  PAGE 14


  C:1424H         LINE#         112
  -------         ENDPROC       _NORMOLCHGVAL
  -------         PROC          _NORMOLCHGFOCUS
  D:0041H         SYMBOL        sts
  -------         DO            
  D:0007H         SYMBOL        num
  D:0004H         SYMBOL        usValue
  -------         ENDDO         
  C:176AH         LINE#         118
  C:176CH         LINE#         119
  C:176CH         LINE#         128
  C:1771H         LINE#         129
  C:1779H         LINE#         131
  C:179DH         LINE#         132
  C:179DH         LINE#         133
  C:17A1H         LINE#         135
  C:17A3H         LINE#         136
  C:17A7H         LINE#         137
  C:17A7H         LINE#         139
  C:17B0H         LINE#         140
  C:17B3H         LINE#         141
  C:17B5H         LINE#         143
  C:17B5H         LINE#         144
  C:17BCH         LINE#         146
  C:17C1H         LINE#         147
  C:17C1H         LINE#         149
  C:17C4H         LINE#         150
  C:17C7H         LINE#         151
  C:17CAH         LINE#         152
  C:17CFH         LINE#         153
  C:17CFH         LINE#         154
  -------         ENDPROC       _NORMOLCHGFOCUS
  -------         PROC          _KEYNORMOLFUN
  D:0040H         SYMBOL        keyvalue
  -------         DO            
  D:0007H         SYMBOL        i
  -------         ENDDO         
  C:070FH         LINE#         159
  C:0711H         LINE#         160
  C:0711H         LINE#         166
  C:071CH         LINE#         167
  C:071FH         LINE#         171
  C:072AH         LINE#         172
  C:072AH         LINE#         173
  C:072DH         LINE#         174
  C:0732H         LINE#         176
  C:0732H         LINE#         180
  C:074FH         LINE#         181
  C:074FH         LINE#         183
  C:074FH         LINE#         184
  C:074FH         LINE#         186
  C:0755H         LINE#         187
  C:0755H         LINE#         188
  C:0757H         LINE#         193
  C:0763H         LINE#         194
  C:0763H         LINE#         195
  C:0766H         LINE#         196
BL51 BANKED LINKER/LOCATER V6.22                                                      10/09/2016  16:12:15  PAGE 15


  C:0768H         LINE#         197
  C:076BH         LINE#         198
  C:076DH         LINE#         210
  C:0770H         LINE#         212
  C:077CH         LINE#         213
  C:077CH         LINE#         214
  C:0785H         LINE#         215
  C:0785H         LINE#         226
  C:0785H         LINE#         227
  C:0788H         LINE#         228
  C:078AH         LINE#         229
  C:078DH         LINE#         230
  C:078DH         LINE#         231
  C:078DH         LINE#         232
  C:078DH         LINE#         236
  C:078DH         LINE#         240
  C:0796H         LINE#         241
  C:0796H         LINE#         245
  C:07A0H         LINE#         246
  C:07A3H         LINE#         247
  C:07A5H         LINE#         248
  C:07A8H         LINE#         251
  C:07BAH         LINE#         252
  C:07BAH         LINE#         254
  C:07C6H         LINE#         255
  C:07C6H         LINE#         257
  C:07CAH         LINE#         258
  C:07CAH         LINE#         259
  C:07CDH         LINE#         260
  C:07D1H         LINE#         262
  C:07D4H         LINE#         263
  C:07D6H         LINE#         264
  C:07D9H         LINE#         266
  C:07D9H         LINE#         268
  C:07DFH         LINE#         269
  C:07DFH         LINE#         270
  C:07E1H         LINE#         272
  C:07E1H         LINE#         273
  C:07E4H         LINE#         275
  C:07E4H         LINE#         277
  C:07EAH         LINE#         279
  C:07EDH         LINE#         280
  C:07EFH         LINE#         281
  C:07EFH         LINE#         282
  C:07EFH         LINE#         283
  C:07EFH         LINE#         284
  C:07EFH         LINE#         285
  C:07EFH         LINE#         286
  C:07F2H         LINE#         289
  C:07F2H         LINE#         290
  C:07F2H         LINE#         291
  C:07F7H         LINE#         292
  C:07F7H         LINE#         293
  C:07FAH         LINE#         297
  C:0806H         LINE#         298
  C:0806H         LINE#         299
  C:080DH         LINE#         300
BL51 BANKED LINKER/LOCATER V6.22                                                      10/09/2016  16:12:15  PAGE 16


  C:0810H         LINE#         301
  C:0812H         LINE#         302
  C:0812H         LINE#         303
  C:0815H         LINE#         304
  C:081EH         LINE#         305
  C:081EH         LINE#         306
  C:081EH         LINE#         308
  C:081EH         LINE#         309
  C:0823H         LINE#         310
  C:0823H         LINE#         311
  C:0823H         LINE#         352
  C:0823H         LINE#         353
  C:0823H         LINE#         354
  C:082CH         LINE#         355
  C:082CH         LINE#         373
  C:082CH         LINE#         374
  C:0832H         LINE#         375
  C:0832H         LINE#         376
  C:083CH         LINE#         377
  C:083CH         LINE#         378
  C:083FH         LINE#         380
  C:0842H         LINE#         381
  C:0845H         LINE#         382
  C:0848H         LINE#         383
  C:084AH         LINE#         385
  C:084BH         LINE#         386
  C:084BH         LINE#         387
  C:0857H         LINE#         388
  C:085BH         LINE#         389
  C:085DH         LINE#         390
  C:0860H         LINE#         392
  C:0860H         LINE#         393
  C:0863H         LINE#         394
  C:0865H         LINE#         395
  C:0865H         LINE#         396
  C:0868H         LINE#         398
  C:0868H         LINE#         399
  C:086DH         LINE#         400
  C:086DH         LINE#         401
  C:086DH         LINE#         405
  C:086DH         LINE#         406
  C:086DH         LINE#         409
  C:0870H         LINE#         413
  C:0883H         LINE#         414
  C:0883H         LINE#         416
  C:088BH         LINE#         417
  C:088BH         LINE#         420
  C:08A1H         LINE#         422
  C:08A9H         LINE#         423
  C:08BCH         LINE#         424
  C:08CCH         LINE#         425
  C:08D2H         LINE#         428
  C:08D5H         LINE#         431
  C:08DCH         LINE#         432
  C:08DCH         LINE#         435
  C:08E7H         LINE#         436
  C:08F1H         LINE#         437
BL51 BANKED LINKER/LOCATER V6.22                                                      10/09/2016  16:12:15  PAGE 17


  C:08F1H         LINE#         439
  C:08F7H         LINE#         440
  C:08F7H         LINE#         443
  C:08FCH         LINE#         444
  C:08FCH         LINE#         447
  C:0901H         LINE#         448
  C:0905H         LINE#         449
  C:0907H         LINE#         450
  C:0907H         LINE#         453
  C:0913H         LINE#         454
  C:0913H         LINE#         455
  C:0916H         LINE#         456
  C:091BH         LINE#         457
  C:091EH         LINE#         458
  C:091FH         LINE#         461
  C:091FH         LINE#         463
  C:0928H         LINE#         464
  C:0928H         LINE#         465
  C:092BH         LINE#         467
  C:0936H         LINE#         469
  C:0938H         LINE#         471
  C:0938H         LINE#         472
  C:093BH         LINE#         474
  C:0941H         LINE#         475
  C:0941H         LINE#         477
  C:0944H         LINE#         478
  C:094AH         LINE#         479
  C:094DH         LINE#         481
  C:0950H         LINE#         482
  C:0953H         LINE#         483
  C:0958H         LINE#         484
  C:0958H         LINE#         485
  C:0958H         LINE#         486
  C:095DH         LINE#         487
  C:095DH         LINE#         488
  C:0960H         LINE#         489
  C:0960H         LINE#         490
  C:0960H         LINE#         491
  C:0960H         LINE#         492
  C:0960H         LINE#         493
  -------         ENDPROC       _KEYNORMOLFUN
  -------         PROC          EXIT_CFG_MODE
  -------         DO            
  D:0007H         SYMBOL        i
  -------         ENDDO         
  C:1EF6H         LINE#         498
  C:1EF6H         LINE#         499
  C:1EF6H         LINE#         502
  C:1EF9H         LINE#         503
  C:1EFDH         LINE#         506
  C:1EFFH         LINE#         507
  C:1F0FH         LINE#         509
  C:1F12H         LINE#         510
  -------         ENDPROC       EXIT_CFG_MODE
  -------         PROC          _CFGCHGPARAVAL
  D:0040H         SYMBOL        sts
  -------         DO            
BL51 BANKED LINKER/LOCATER V6.22                                                      10/09/2016  16:12:15  PAGE 18


  D:0007H         SYMBOL        rev
  D:0041H         SYMBOL        max
  D:0042H         SYMBOL        ptr
  D:0006H         SYMBOL        addr
  -------         ENDDO         
  C:115CH         LINE#         521
  C:115EH         LINE#         522
  C:115EH         LINE#         527
  C:1170H         LINE#         528
  C:1170H         LINE#         529
  C:117FH         LINE#         530
  C:118BH         LINE#         531
  C:1192H         LINE#         532
  C:119EH         LINE#         533
  C:11A0H         LINE#         534
  C:11AEH         LINE#         535
  C:11BCH         LINE#         536
  C:11CAH         LINE#         537
  C:11D8H         LINE#         538
  C:11E4H         LINE#         539
  C:11E4H         LINE#         541
  C:11EEH         LINE#         542
  C:11F5H         LINE#         543
  C:11F6H         LINE#         545
  C:11FCH         LINE#         546
  C:11FCH         LINE#         547
  C:1204H         LINE#         548
  C:1206H         LINE#         549
  C:1206H         LINE#         550
  C:120AH         LINE#         552
  C:120EH         LINE#         553
  C:120EH         LINE#         554
  C:122EH         LINE#         555
  C:1237H         LINE#         556
  C:123BH         LINE#         557
  C:123FH         LINE#         558
  C:123FH         LINE#         560
  C:1242H         LINE#         561
  C:1245H         LINE#         562
  -------         ENDPROC       _CFGCHGPARAVAL
  -------         PROC          _CFGCHGPAGE
  D:0007H         SYMBOL        sts
  C:1C12H         LINE#         572
  C:1C12H         LINE#         573
  C:1C12H         LINE#         574
  C:1C15H         LINE#         575
  C:1C15H         LINE#         576
  C:1C1EH         LINE#         577
  C:1C21H         LINE#         578
  C:1C23H         LINE#         580
  C:1C23H         LINE#         581
  C:1C2AH         LINE#         582
  C:1C2DH         LINE#         583
  C:1C2DH         LINE#         585
  C:1C36H         LINE#         587
  C:1C39H         LINE#         588
  C:1C3CH         LINE#         589
BL51 BANKED LINKER/LOCATER V6.22                                                      10/09/2016  16:12:15  PAGE 19


  -------         ENDPROC       _CFGCHGPAGE
  -------         PROC          _CFGCHGFOCUS
  D:0007H         SYMBOL        sts
  C:1A79H         LINE#         598
  C:1A79H         LINE#         599
  C:1A79H         LINE#         600
  C:1A7CH         LINE#         601
  C:1A7CH         LINE#         602
  C:1A8CH         LINE#         603
  C:1A8FH         LINE#         604
  C:1A91H         LINE#         606
  C:1A91H         LINE#         610
  C:1A98H         LINE#         612
  C:1AA2H         LINE#         613
  C:1AA2H         LINE#         614
  C:1AA6H         LINE#         615
  C:1AA9H         LINE#         616
  C:1AACH         LINE#         617
  -------         ENDPROC       _CFGCHGFOCUS
  -------         PROC          _KEYCONFIGFUN
  D:0007H         SYMBOL        keyvalue
  C:1D9FH         LINE#         624
  C:1D9FH         LINE#         625
  C:1D9FH         LINE#         627
  C:1DAFH         LINE#         628
  C:1DAFH         LINE#         631
  C:1DAFH         LINE#         632
  C:1DAFH         LINE#         633
  C:1DB4H         LINE#         634
  C:1DB4H         LINE#         635
  C:1DB7H         LINE#         636
  C:1DB7H         LINE#         637
  C:1DB9H         LINE#         639
  C:1DBEH         LINE#         640
  C:1DBEH         LINE#         643
  C:1DBEH         LINE#         644
  C:1DBEH         LINE#         645
  C:1DC3H         LINE#         646
  C:1DC3H         LINE#         661
  C:1DC3H         LINE#         662
  C:1DC3H         LINE#         663
  C:1DC8H         LINE#         664
  C:1DC8H         LINE#         667
  C:1DC8H         LINE#         668
  C:1DC8H         LINE#         669
  C:1DCBH         LINE#         670
  C:1DCBH         LINE#         673
  C:1DCBH         LINE#         674
  C:1DCBH         LINE#         675
  -------         ENDPROC       _KEYCONFIGFUN
  -------         PROC          _KEY_FUN
  D:003FH         SYMBOL        keyvalue
  C:1E6CH         LINE#         680
  C:1E6EH         LINE#         681
  C:1E6EH         LINE#         686
  C:1E73H         LINE#         687
  C:1E73H         LINE#         690
BL51 BANKED LINKER/LOCATER V6.22                                                      10/09/2016  16:12:15  PAGE 20


  C:1E79H         LINE#         691
  C:1E7CH         LINE#         693
  C:1E7FH         LINE#         694
  C:1E82H         LINE#         695
  C:1E82H         LINE#         698
  C:1E89H         LINE#         699
  C:1E8CH         LINE#         702
  C:1E8FH         LINE#         703
  -------         ENDPROC       _KEY_FUN
  -------         PROC          SCAN_VAL
  -------         DO            
  D:0007H         SYMBOL        keyval
  -------         ENDDO         
  C:2023H         LINE#         711
  C:2023H         LINE#         712
  C:2023H         LINE#         714
  C:2025H         LINE#         718
  C:2027H         LINE#         719
  C:202CH         LINE#         721
  C:202FH         LINE#         722
  C:2030H         LINE#         737
  C:2030H         LINE#         738
  -------         ENDPROC       SCAN_VAL
  -------         PROC          KEY_SCAN
  -------         DO            
  D:003EH         SYMBOL        keyval
  -------         ENDDO         
  C:1425H         LINE#         743
  C:1425H         LINE#         744
  C:1425H         LINE#         748
  C:142EH         LINE#         749
  C:142EH         LINE#         751
  C:1435H         LINE#         752
  C:1438H         LINE#         756
  C:143DH         LINE#         759
  C:1447H         LINE#         762
  C:144BH         LINE#         763
  C:144BH         LINE#         764
  C:1455H         LINE#         765
  C:1455H         LINE#         766
  C:145AH         LINE#         767
  C:145EH         LINE#         768
  C:146CH         LINE#         769
  C:1471H         LINE#         770
  C:1471H         LINE#         772
  C:1474H         LINE#         773
  C:1476H         LINE#         774
  C:1478H         LINE#         775
  C:147AH         LINE#         777
  C:147AH         LINE#         779
  C:147EH         LINE#         780
  C:147EH         LINE#         781
  C:1481H         LINE#         782
  C:1483H         LINE#         784
  C:1499H         LINE#         786
  C:149EH         LINE#         788
  C:14A2H         LINE#         790
BL51 BANKED LINKER/LOCATER V6.22                                                      10/09/2016  16:12:15  PAGE 21


  C:14A2H         LINE#         792
  C:14A8H         LINE#         793
  C:14A8H         LINE#         801
  C:14A8H         LINE#         803
  C:14B2H         LINE#         804
  C:14B2H         LINE#         805
  C:14B5H         LINE#         806
  C:14B8H         LINE#         809
  C:14CCH         LINE#         810
  C:14D1H         LINE#         812
  C:14D4H         LINE#         813
  C:14D4H         LINE#         814
  -------         ENDPROC       KEY_SCAN
  -------         ENDMOD        KEY

  -------         MODULE        LED
  C:0000H         SYMBOL        _ICE_DUMMY_
  D:0080H         PUBLIC        P0
  D:0090H         PUBLIC        P1
  D:00A0H         PUBLIC        P2
  D:00B0H         PUBLIC        P3
  C:1601H         PUBLIC        LedDispBuffRefresh
  D:00C0H         PUBLIC        P4
  C:1999H         PUBLIC        DispBuffrefresh_Wait
  D:00C8H         PUBLIC        P5
  C:1AB6H         PUBLIC        GetLedOnTime
  C:188EH         PUBLIC        _Calc_Value3
  C:1C7AH         PUBLIC        _Calc_Value4
  C:1E90H         PUBLIC        _Calc_Value5
  C:20CDH         PUBLIC        All_Digital_Led_Pwr_OFF
  D:00A8H         PUBLIC        IE
  C:20CEH         PUBLIC        Digi_DotLed_Disp
  B:00A0H.6       PUBLIC        p_led_blue
  D:00B8H         PUBLIC        IP
  C:205BH         PUBLIC        _DispSameChar
  C:000AH         PUBLIC        led_Scan
  B:0080H.2       PUBLIC        p_led_red
  D:00D8H         PUBLIC        CCON
  C:1F99H         PUBLIC        Display_Clear
  C:20A4H         PUBLIC        DispBuffrefresh_NULL
  C:000EH         PUBLIC        DispBuffrefresh_CFGPWD
  D:0098H         PUBLIC        SCON
  D:0088H         PUBLIC        TCON
  C:20CCH         PUBLIC        Display_Para_AD_Fn
  C:1FD9H         PUBLIC        _SetDispPage
  D:00F0H         PUBLIC        B
  C:1944H         PUBLIC        _DispBuffrefresh_FnCom
  D:00E0H         PUBLIC        ACC
  C:1F13H         PUBLIC        DispBuffrefresh_OFF
  C:182FH         PUBLIC        _led_light_ctrl
  C:20CBH         PUBLIC        DispLedBit
  C:1B2EH         PUBLIC        Start_Display
  C:1D11H         PUBLIC        CMD_led_flash
  C:20B0H         PUBLIC        DispBuffrefresh_F1
  C:20B5H         PUBLIC        DispBuffrefresh_F2
  C:20BAH         PUBLIC        DispBuffrefresh_F3
  C:1AF2H         PUBLIC        GetLedOffTime
BL51 BANKED LINKER/LOCATER V6.22                                                      10/09/2016  16:12:15  PAGE 22


  C:0003H         PUBLIC        DispBuffrefresh_TaskProcess
  C:20BFH         PUBLIC        DispBuffrefresh_F4
  C:20C4H         PUBLIC        DispBuffrefresh_F5
  C:18EBH         PUBLIC        DispBuffrefresh_AD
  C:1FB0H         PUBLIC        DispBuffrefresh_BackDisp
  C:1F4CH         PUBLIC        _Disp0ChgOff
  C:1683H         PUBLIC        Time_LedDispBuffRefresh
  C:0961H         PUBLIC        _DispBuffrefresh_Task_Back_com
  C:20C9H         PUBLIC        digital_led_cntrl_Init
  D:00D0H         PUBLIC        PSW
  B:00A0H.7       PUBLIC        p_led_green
  C:20CAH         PUBLIC        DispVersion
  -------         PROC          LED_SCAN
  C:000AH         LINE#         22
  C:000AH         LINE#         23
  -------         ENDPROC       LED_SCAN
  -------         PROC          DIGITAL_LED_CNTRL_INIT
  C:20C9H         LINE#         25
  C:20C9H         LINE#         26
  -------         ENDPROC       DIGITAL_LED_CNTRL_INIT
  -------         PROC          DISPVERSION
  C:20CAH         LINE#         28
  C:20CAH         LINE#         29
  -------         ENDPROC       DISPVERSION
  -------         PROC          DISPLEDBIT
  C:20CBH         LINE#         31
  C:20CBH         LINE#         32
  -------         ENDPROC       DISPLEDBIT
  -------         PROC          DISPLAY_PARA_AD_FN
  C:20CCH         LINE#         34
  C:20CCH         LINE#         35
  -------         ENDPROC       DISPLAY_PARA_AD_FN
  -------         PROC          ALL_DIGITAL_LED_PWR_OFF
  C:20CDH         LINE#         37
  C:20CDH         LINE#         38
  -------         ENDPROC       ALL_DIGITAL_LED_PWR_OFF
  -------         PROC          DIGI_DOTLED_DISP
  C:20CEH         LINE#         40
  C:20CEH         LINE#         41
  -------         ENDPROC       DIGI_DOTLED_DISP
  -------         PROC          _CALC_VALUE3
  D:0049H         SYMBOL        Order
  D:004AH         SYMBOL        ASICREL
  D:0002H         SYMBOL        Dat
  -------         DO            
  D:0007H         SYMBOL        residue08
  -------         ENDDO         
  C:188EH         LINE#         887
  C:1892H         LINE#         888
  C:1892H         LINE#         890
  C:18A1H         LINE#         891
  C:18BAH         LINE#         892
  C:18C7H         LINE#         893
  C:18D9H         LINE#         894
  C:18EAH         LINE#         895
  -------         ENDPROC       _CALC_VALUE3
  -------         PROC          _CALC_VALUE4
BL51 BANKED LINKER/LOCATER V6.22                                                      10/09/2016  16:12:15  PAGE 23


  D:0047H         SYMBOL        Order
  D:0048H         SYMBOL        ASICREL
  D:0002H         SYMBOL        Dat
  C:1C7AH         LINE#         904
  C:1C7EH         LINE#         905
  C:1C7EH         LINE#         906
  C:1C8DH         LINE#         907
  C:1CA6H         LINE#         908
  -------         ENDPROC       _CALC_VALUE4
  -------         PROC          _CALC_VALUE5
  D:0045H         SYMBOL        Order
  D:0046H         SYMBOL        ASICREL
  D:0002H         SYMBOL        Dat
  C:1E90H         LINE#         918
  C:1E94H         LINE#         919
  C:1E94H         LINE#         920
  C:1EADH         LINE#         921
  -------         ENDPROC       _CALC_VALUE5
  -------         PROC          _DISP0CHGOFF
  D:0007H         SYMBOL        Order
  D:0005H         SYMBOL        len
  -------         DO            
  D:0006H         SYMBOL        i
  -------         ENDDO         
  C:1F4CH         LINE#         928
  C:1F4CH         LINE#         929
  C:1F4CH         LINE#         932
  C:1F53H         LINE#         933
  C:1F53H         LINE#         934
  C:1F61H         LINE#         935
  C:1F61H         LINE#         936
  C:1F63H         LINE#         937
  C:1F66H         LINE#         938
  -------         ENDPROC       _DISP0CHGOFF
  -------         PROC          DISPBUFFREFRESH_CFGPWD
  -------         DO            
  D:0007H         SYMBOL        i
  -------         ENDDO         
  C:000EH         LINE#         945
  C:000EH         LINE#         946
  C:000EH         LINE#         950
  C:0010H         LINE#         951
  C:001AH         LINE#         953
  C:001EH         LINE#         954
  C:0022H         LINE#         955
  -------         ENDPROC       DISPBUFFREFRESH_CFGPWD
  -------         PROC          DISPBUFFREFRESH_OFF
  -------         DO            
  D:0007H         SYMBOL        i
  -------         ENDDO         
  C:1F13H         LINE#         961
  C:1F13H         LINE#         962
  C:1F13H         LINE#         964
  C:1F17H         LINE#         965
  C:1F19H         LINE#         966
  C:1F23H         LINE#         968
  C:1F25H         LINE#         969
BL51 BANKED LINKER/LOCATER V6.22                                                      10/09/2016  16:12:15  PAGE 24


  C:1F2FH         LINE#         970
  -------         ENDPROC       DISPBUFFREFRESH_OFF
  -------         PROC          DISPBUFFREFRESH_AD
  C:18EBH         LINE#         977
  C:18EBH         LINE#         978
  C:18EBH         LINE#         980
  C:18EEH         LINE#         983
  C:1902H         LINE#         984
  C:1902H         LINE#         985
  C:1906H         LINE#         986
  C:1909H         LINE#         987
  C:1909H         LINE#         990
  C:190DH         LINE#         991
  C:1919H         LINE#         993
  C:191DH         LINE#         994
  C:1925H         LINE#         995
  C:192AH         LINE#         996
  C:1931H         LINE#         998
  C:1937H         LINE#         999
  C:193DH         LINE#         1000
  C:1943H         LINE#         1001
  -------         ENDPROC       DISPBUFFREFRESH_AD
  -------         PROC          _DISPBUFFREFRESH_FNCOM
  D:0006H         SYMBOL        fn
  C:1944H         LINE#         1007
  C:1946H         LINE#         1008
  C:1946H         LINE#         1009
  C:1949H         LINE#         1012
  C:1957H         LINE#         1013
  C:1957H         LINE#         1014
  C:1959H         LINE#         1015
  C:1959H         LINE#         1016
  C:195BH         LINE#         1018
  C:195BH         LINE#         1020
  C:195FH         LINE#         1021
  C:1964H         LINE#         1022
  C:1964H         LINE#         1025
  C:1968H         LINE#         1026
  C:1970H         LINE#         1027
  C:1970H         LINE#         1028
  C:1982H         LINE#         1029
  C:1982H         LINE#         1030
  C:1986H         LINE#         1031
  C:198AH         LINE#         1032
  C:198EH         LINE#         1033
  C:1992H         LINE#         1034
  C:1998H         LINE#         1035
  C:1998H         LINE#         1036
  C:1998H         LINE#         1037
  -------         ENDPROC       _DISPBUFFREFRESH_FNCOM
  -------         PROC          DISPBUFFREFRESH_F1
  C:20B0H         LINE#         1044
  C:20B0H         LINE#         1045
  C:20B0H         LINE#         1047
  -------         ENDPROC       DISPBUFFREFRESH_F1
  -------         PROC          DISPBUFFREFRESH_F2
  C:20B5H         LINE#         1055
BL51 BANKED LINKER/LOCATER V6.22                                                      10/09/2016  16:12:15  PAGE 25


  C:20B5H         LINE#         1056
  C:20B5H         LINE#         1057
  -------         ENDPROC       DISPBUFFREFRESH_F2
  -------         PROC          DISPBUFFREFRESH_F3
  C:20BAH         LINE#         1065
  C:20BAH         LINE#         1066
  C:20BAH         LINE#         1067
  -------         ENDPROC       DISPBUFFREFRESH_F3
  -------         PROC          DISPBUFFREFRESH_F4
  C:20BFH         LINE#         1075
  C:20BFH         LINE#         1076
  C:20BFH         LINE#         1077
  -------         ENDPROC       DISPBUFFREFRESH_F4
  -------         PROC          DISPBUFFREFRESH_F5
  C:20C4H         LINE#         1085
  C:20C4H         LINE#         1086
  C:20C4H         LINE#         1087
  -------         ENDPROC       DISPBUFFREFRESH_F5
  -------         PROC          DISPBUFFREFRESH_WAIT
  -------         DO            
  D:0007H         SYMBOL        i
  -------         ENDDO         
  C:1999H         LINE#         1094
  C:1999H         LINE#         1095
  C:1999H         LINE#         1097
  C:19A0H         LINE#         1098
  C:19A3H         LINE#         1100
  C:19ABH         LINE#         1101
  C:19B4H         LINE#         1103
  C:19BCH         LINE#         1104
  C:19C5H         LINE#         1106
  C:19C9H         LINE#         1108
  C:19CDH         LINE#         1110
  C:19D1H         LINE#         1111
  C:19D4H         LINE#         1112
  C:19D7H         LINE#         1113
  C:19DAH         LINE#         1114
  C:19DCH         LINE#         1115
  C:19E6H         LINE#         1116
  -------         ENDPROC       DISPBUFFREFRESH_WAIT
  -------         PROC          _DISPSAMECHAR
  D:0007H         SYMBOL        DispChar
  -------         DO            
  D:0006H         SYMBOL        i
  -------         ENDDO         
  C:205BH         LINE#         1124
  C:205BH         LINE#         1125
  C:205BH         LINE#         1127
  C:205DH         LINE#         1128
  C:2067H         LINE#         1129
  -------         ENDPROC       _DISPSAMECHAR
  -------         PROC          _DISPBUFFREFRESH_TASK_BACK_COM
  D:0004H         SYMBOL        ptr
  -------         DO            
  D:003EH         SYMBOL        i
  D:0006H         SYMBOL        len
  D:0007H         SYMBOL        dat
BL51 BANKED LINKER/LOCATER V6.22                                                      10/09/2016  16:12:15  PAGE 26


  D:003FH         SYMBOL        usValue
  -------         ENDDO         
  C:0961H         LINE#         1136
  C:0965H         LINE#         1137
  C:0965H         LINE#         1141
  C:0968H         LINE#         1142
  C:096EH         LINE#         1143
  C:0976H         LINE#         1144
  C:0981H         LINE#         1150
  C:0987H         LINE#         1151
  C:0987H         LINE#         1152
  C:099AH         LINE#         1153
  C:09ACH         LINE#         1154
  C:09BEH         LINE#         1155
  C:09C0H         LINE#         1156
  C:09C5H         LINE#         1157
  C:09C5H         LINE#         1160
  C:09C9H         LINE#         1161
  C:09C9H         LINE#         1162
  C:09D0H         LINE#         1163
  C:09D5H         LINE#         1164
  C:09D5H         LINE#         1165
  C:09D5H         LINE#         1168
  C:09E0H         LINE#         1169
  C:09E6H         LINE#         1170
  C:09F1H         LINE#         1171
  C:09F7H         LINE#         1172
  C:0A02H         LINE#         1173
  C:0A08H         LINE#         1174
  C:0A15H         LINE#         1175
  C:0A19H         LINE#         1177
  C:0A1BH         LINE#         1181
  C:0A23H         LINE#         1182
  C:0A25H         LINE#         1185
  C:0A29H         LINE#         1186
  C:0A32H         LINE#         1187
  C:0A53H         LINE#         1190
  C:0A58H         LINE#         1191
  C:0A58H         LINE#         1192
  C:0A5CH         LINE#         1195
  C:0A69H         LINE#         1196
  C:0A79H         LINE#         1197
  C:0A79H         LINE#         1198
  C:0A80H         LINE#         1199
  C:0A80H         LINE#         1200
  C:0A83H         LINE#         1202
  C:0A89H         LINE#         1203
  C:0A8FH         LINE#         1204
  C:0A91H         LINE#         1206
  C:0A9EH         LINE#         1207
  C:0A9EH         LINE#         1209
  C:0AA4H         LINE#         1211
  C:0AC8H         LINE#         1213
  C:0ACAH         LINE#         1215
  C:0AD1H         LINE#         1216
  C:0AD6H         LINE#         1217
  C:0AD6H         LINE#         1219
BL51 BANKED LINKER/LOCATER V6.22                                                      10/09/2016  16:12:15  PAGE 27


  C:0AEBH         LINE#         1220
  C:0AEBH         LINE#         1221
  C:0AF5H         LINE#         1222
  C:0AF9H         LINE#         1223
  C:0B01H         LINE#         1224
  C:0B06H         LINE#         1226
  C:0B12H         LINE#         1229
  C:0B1CH         LINE#         1230
  C:0B38H         LINE#         1231
  C:0B38H         LINE#         1233
  C:0B38H         LINE#         1235
  C:0B3DH         LINE#         1236
  C:0B3DH         LINE#         1237
  C:0B41H         LINE#         1238
  C:0B44H         LINE#         1239
  C:0B46H         LINE#         1240
  C:0B4BH         LINE#         1241
  C:0B4BH         LINE#         1243
  C:0B4FH         LINE#         1244
  C:0B52H         LINE#         1245
  C:0B52H         LINE#         1246
  C:0B54H         LINE#         1247
  C:0B5BH         LINE#         1248
  C:0B5BH         LINE#         1250
  C:0B5FH         LINE#         1251
  C:0B62H         LINE#         1252
  C:0B65H         LINE#         1253
  C:0B68H         LINE#         1255
  C:0B68H         LINE#         1256
  C:0B68H         LINE#         1260
  C:0B83H         LINE#         1262
  C:0B83H         LINE#         1263
  C:0B88H         LINE#         1264
  C:0B8BH         LINE#         1265
  C:0B8DH         LINE#         1267
  C:0B90H         LINE#         1270
  C:0BA1H         LINE#         1271
  C:0BA1H         LINE#         1272
  C:0BA6H         LINE#         1273
  C:0BA9H         LINE#         1274
  C:0BAAH         LINE#         1275
  C:0BADH         LINE#         1276
  -------         ENDPROC       _DISPBUFFREFRESH_TASK_BACK_COM
  -------         PROC          DISPBUFFREFRESH_BACKDISP
  C:1FB0H         LINE#         1283
  C:1FB0H         LINE#         1284
  C:1FB0H         LINE#         1285
  -------         ENDPROC       DISPBUFFREFRESH_BACKDISP
  -------         PROC          DISPBUFFREFRESH_TASKPROCESS
  C:0003H         LINE#         1293
  C:0003H         LINE#         1294
  C:0003H         LINE#         1295
  -------         ENDPROC       DISPBUFFREFRESH_TASKPROCESS
  -------         PROC          DISPBUFFREFRESH_NULL
  -------         DO            
  D:003EH         SYMBOL        tmp
  -------         ENDDO         
BL51 BANKED LINKER/LOCATER V6.22                                                      10/09/2016  16:12:15  PAGE 28


  C:20A4H         LINE#         1303
  C:20A4H         LINE#         1304
  C:20A4H         LINE#         1305
  C:20A7H         LINE#         1306
  -------         ENDPROC       DISPBUFFREFRESH_NULL
  -------         PROC          _LED_LIGHT_CTRL
  D:0007H         SYMBOL        ucValue
  C:182FH         LINE#         1337
  C:182FH         LINE#         1338
  C:182FH         LINE#         1339
  C:1859H         LINE#         1340
  C:1859H         LINE#         1341
  C:1860H         LINE#         1342
  C:1867H         LINE#         1343
  C:186EH         LINE#         1345
  C:1875H         LINE#         1346
  C:187CH         LINE#         1347
  C:1880H         LINE#         1348
  C:1887H         LINE#         1349
  C:188DH         LINE#         1350
  C:188DH         LINE#         1351
  -------         ENDPROC       _LED_LIGHT_CTRL
  -------         PROC          GETLEDONTIME
  -------         DO            
  D:0004H         SYMBOL        unRet
  -------         ENDDO         
  C:1AB6H         LINE#         1359
  C:1AB6H         LINE#         1360
  C:1AB6H         LINE#         1362
  C:1AC3H         LINE#         1363
  C:1AC3H         LINE#         1364
  C:1ACEH         LINE#         1365
  C:1AD8H         LINE#         1366
  C:1AE9H         LINE#         1367
  C:1AEDH         LINE#         1368
  C:1AEDH         LINE#         1370
  C:1AF1H         LINE#         1371
  -------         ENDPROC       GETLEDONTIME
  -------         PROC          GETLEDOFFTIME
  -------         DO            
  D:0004H         SYMBOL        unRet
  -------         ENDDO         
  C:1AF2H         LINE#         1378
  C:1AF2H         LINE#         1379
  C:1AF2H         LINE#         1381
  C:1AFFH         LINE#         1382
  C:1AFFH         LINE#         1383
  C:1B0AH         LINE#         1384
  C:1B14H         LINE#         1385
  C:1B25H         LINE#         1386
  C:1B29H         LINE#         1387
  C:1B29H         LINE#         1389
  C:1B2DH         LINE#         1390
  -------         ENDPROC       GETLEDOFFTIME
  -------         PROC          CMD_LED_FLASH
  C:1D11H         LINE#         1399
  C:1D11H         LINE#         1400
BL51 BANKED LINKER/LOCATER V6.22                                                      10/09/2016  16:12:15  PAGE 29


  C:1D11H         LINE#         1401
  C:1D15H         LINE#         1402
  C:1D15H         LINE#         1403
  C:1D18H         LINE#         1405
  C:1D18H         LINE#         1407
  C:1D1CH         LINE#         1408
  C:1D1CH         LINE#         1409
  C:1D21H         LINE#         1411
  C:1D21H         LINE#         1413
  C:1D27H         LINE#         1414
  C:1D27H         LINE#         1416
  C:1D2BH         LINE#         1417
  C:1D2BH         LINE#         1419
  C:1D2EH         LINE#         1420
  C:1D33H         LINE#         1421
  C:1D36H         LINE#         1422
  C:1D36H         LINE#         1425
  C:1D36H         LINE#         1427
  C:1D39H         LINE#         1428
  C:1D3DH         LINE#         1429
  C:1D40H         LINE#         1430
  C:1D40H         LINE#         1431
  C:1D40H         LINE#         1432
  -------         ENDPROC       CMD_LED_FLASH
  -------         PROC          DISPLAY_CLEAR
  C:1F99H         LINE#         1440
  C:1F99H         LINE#         1441
  C:1F99H         LINE#         1442
  C:1F9CH         LINE#         1443
  C:1F9EH         LINE#         1444
  C:1FA0H         LINE#         1445
  C:1FA2H         LINE#         1449
  C:1FA6H         LINE#         1450
  C:1FACH         LINE#         1453
  C:1FAFH         LINE#         1455
  -------         ENDPROC       DISPLAY_CLEAR
  -------         PROC          START_DISPLAY
  C:1B2EH         LINE#         1464
  C:1B2EH         LINE#         1465
  C:1B2EH         LINE#         1467
  C:1B31H         LINE#         1470
  C:1B34H         LINE#         1473
  C:1B39H         LINE#         1476
  C:1B3EH         LINE#         1477
  C:1B45H         LINE#         1479
  C:1B4AH         LINE#         1480
  C:1B51H         LINE#         1482
  C:1B56H         LINE#         1483
  C:1B5DH         LINE#         1494
  C:1B62H         LINE#         1496
  C:1B65H         LINE#         1497
  -------         ENDPROC       START_DISPLAY
  -------         PROC          _SETDISPPAGE
  D:0007H         SYMBOL        Page
  C:1FD9H         LINE#         1504
  C:1FD9H         LINE#         1505
  C:1FD9H         LINE#         1507
BL51 BANKED LINKER/LOCATER V6.22                                                      10/09/2016  16:12:15  PAGE 30


  C:1FDCH         LINE#         1508
  C:1FDEH         LINE#         1509
  C:1FE8H         LINE#         1510
  C:1FEBH         LINE#         1511
  -------         ENDPROC       _SETDISPPAGE
  -------         PROC          TIME_LEDDISPBUFFREFRESH
  C:1683H         LINE#         1518
  C:1683H         LINE#         1519
  C:1683H         LINE#         1520
  C:1687H         LINE#         1521
  C:1687H         LINE#         1522
  C:168CH         LINE#         1523
  C:168CH         LINE#         1524
  C:1690H         LINE#         1525
  C:1690H         LINE#         1526
  C:1693H         LINE#         1527
  C:1693H         LINE#         1528
  C:1693H         LINE#         1529
  C:169FH         LINE#         1530
  C:169FH         LINE#         1531
  C:16A3H         LINE#         1532
  C:16A3H         LINE#         1533
  C:16A8H         LINE#         1534
  C:16ABH         LINE#         1536
  C:16ABH         LINE#         1537
  C:16AEH         LINE#         1538
  C:16B0H         LINE#         1539
  C:16B3H         LINE#         1540
  C:16B3H         LINE#         1541
  C:16B4H         LINE#         1542
  C:16BAH         LINE#         1543
  C:16BAH         LINE#         1544
  C:16BDH         LINE#         1546
  C:16C1H         LINE#         1547
  C:16CAH         LINE#         1548
  C:16D2H         LINE#         1549
  C:16D2H         LINE#         1550
  C:16D3H         LINE#         1552
  C:16D7H         LINE#         1553
  C:16D7H         LINE#         1555
  C:16DDH         LINE#         1556
  C:16DDH         LINE#         1558
  C:16DFH         LINE#         1559
  C:16E2H         LINE#         1560
  C:16E7H         LINE#         1561
  C:16E7H         LINE#         1562
  C:16EDH         LINE#         1563
  C:16EDH         LINE#         1564
  C:16F0H         LINE#         1565
  C:16F5H         LINE#         1566
  C:16F7H         LINE#         1567
  C:16F7H         LINE#         1568
  C:16F7H         LINE#         1586
  C:16F7H         LINE#         1587
  -------         ENDPROC       TIME_LEDDISPBUFFREFRESH
  -------         PROC          LEDDISPBUFFREFRESH
  C:1601H         LINE#         1594
BL51 BANKED LINKER/LOCATER V6.22                                                      10/09/2016  16:12:15  PAGE 31


  C:1601H         LINE#         1595
  C:1601H         LINE#         1597
  C:1604H         LINE#         1599
  C:1608H         LINE#         1601
  C:160BH         LINE#         1603
  C:1645H         LINE#         1604
  C:1645H         LINE#         1605
  C:164AH         LINE#         1606
  C:164FH         LINE#         1607
  C:1654H         LINE#         1608
  C:1659H         LINE#         1609
  C:165EH         LINE#         1610
  C:1663H         LINE#         1611
  C:1668H         LINE#         1612
  C:166DH         LINE#         1613
  C:1672H         LINE#         1614
  C:1677H         LINE#         1616
  C:167CH         LINE#         1617
  C:167FH         LINE#         1618
  C:167FH         LINE#         1621
  C:1682H         LINE#         1622
  -------         ENDPROC       LEDDISPBUFFREFRESH
  -------         ENDMOD        LED

  -------         MODULE        MAIN
  C:0000H         SYMBOL        _ICE_DUMMY_
  D:0080H         PUBLIC        P0
  D:0090H         PUBLIC        P1
  C:14D5H         PUBLIC        timer0_int
  D:00A0H         PUBLIC        P2
  D:00B0H         PUBLIC        P3
  D:00C0H         PUBLIC        P4
  D:00C8H         PUBLIC        P5
  B:00A8H.7       PUBLIC        EA
  X:0000H         PUBLIC        CountCodeData
  D:0008H         PUBLIC        OsCmdSet
  C:1FC5H         PUBLIC        Start_Init
  X:0008H         PUBLIC        BackTask
  D:00A8H         PUBLIC        IE
  C:203FH         PUBLIC        IO_Init
  D:000EH         PUBLIC        Disp
  B:00A0H.6       PUBLIC        p_led_blue
  I:005CH         PUBLIC        DigiLed
  D:00B8H         PUBLIC        IP
  C:1FFFH         PUBLIC        InitT0
  X:005FH         PUBLIC        SRCodeData
  C:1FECH         PUBLIC        sys_disp_set
  D:001FH         PUBLIC        os_disp_set
  B:0080H.2       PUBLIC        p_led_red
  D:00D8H         PUBLIC        CCON
  I:0073H         PUBLIC        para
  C:1CADH         PUBLIC        main
  D:0027H         PUBLIC        Key
  D:0032H         PUBLIC        KeyMode
  C:1F81H         PUBLIC        _DelayMs
  D:0098H         PUBLIC        SCON
  D:0089H         PUBLIC        TMOD
BL51 BANKED LINKER/LOCATER V6.22                                                      10/09/2016  16:12:15  PAGE 32


  D:0088H         PUBLIC        TCON
  D:0035H         PUBLIC        led
  B:00A0H.2       PUBLIC        p_led_rxd
  B:00A0H.1       PUBLIC        p_led_txd
  X:00C7H         PUBLIC        uart
  D:00F0H         PUBLIC        B
  D:00E0H         PUBLIC        ACC
  B:00A8H.1       PUBLIC        ET0
  D:008CH         PUBLIC        TH0
  D:008AH         PUBLIC        TL0
  I:0079H         PUBLIC        para_bk
  B:0088H.4       PUBLIC        TR0
  I:007FH         PUBLIC        Buffer
  X:012FH         PUBLIC        UnfinishTask
  C:2031H         PUBLIC        Delay1Ms
  C:16F8H         PUBLIC        sys_data_reset
  C:20AAH         PUBLIC        Version
  X:0155H         PUBLIC        SKUCodeData
  D:003DH         PUBLIC        os_time
  B:0080H.0       PUBLIC        p_m485_ctrl
  X:015DH         PUBLIC        FinishTask
  D:00D0H         PUBLIC        PSW
  B:00A0H.7       PUBLIC        p_led_green
  -------         PROC          SYS_DATA_RESET
  -------         DO            
  D:0007H         SYMBOL        i
  -------         ENDDO         
  C:16F8H         LINE#         85
  C:16F8H         LINE#         86
  C:16F8H         LINE#         89
  C:16FDH         LINE#         90
  C:1701H         LINE#         91
  C:1705H         LINE#         92
  C:1707H         LINE#         93
  C:1709H         LINE#         94
  C:170DH         LINE#         96
  C:170EH         LINE#         97
  C:170EH         LINE#         101
  C:171EH         LINE#         102
  C:1730H         LINE#         108
  C:1740H         LINE#         109
  C:1752H         LINE#         110
  C:1762H         LINE#         111
  C:1766H         LINE#         113
  C:1769H         LINE#         115
  -------         ENDPROC       SYS_DATA_RESET
  -------         PROC          SYS_DISP_SET
  C:1FECH         LINE#         120
  C:1FECH         LINE#         121
  C:1FECH         LINE#         133
  C:1FECH         LINE#         134
  C:1FEFH         LINE#         135
  C:1FF1H         LINE#         136
  C:1FF9H         LINE#         137
  C:1FFCH         LINE#         138
  C:1FFEH         LINE#         139
  C:1FFEH         LINE#         140
BL51 BANKED LINKER/LOCATER V6.22                                                      10/09/2016  16:12:15  PAGE 33


  -------         ENDPROC       SYS_DISP_SET
  -------         PROC          DELAY1MS
  -------         DO            
  D:0006H         SYMBOL        i
  -------         ENDDO         
  C:2031H         LINE#         145
  C:2031H         LINE#         146
  C:2031H         LINE#         147
  C:2035H         LINE#         149
  C:203EH         LINE#         150
  -------         ENDPROC       DELAY1MS
  -------         PROC          _DELAYMS
  D:0004H         SYMBOL        usDelay
  C:1F81H         LINE#         158
  C:1F85H         LINE#         159
  C:1F85H         LINE#         160
  C:1F8EH         LINE#         161
  C:1F98H         LINE#         162
  -------         ENDPROC       _DELAYMS
  -------         PROC          IO_INIT
  C:203FH         LINE#         176
  C:203FH         LINE#         177
  C:203FH         LINE#         184
  C:2042H         LINE#         187
  C:2044H         LINE#         188
  C:2046H         LINE#         189
  C:2048H         LINE#         192
  C:204AH         LINE#         193
  C:204CH         LINE#         194
  -------         ENDPROC       IO_INIT
  -------         PROC          INITT0
  C:1FFFH         LINE#         202
  C:1FFFH         LINE#         203
  C:1FFFH         LINE#         205
  C:2007H         LINE#         206
  C:200AH         LINE#         207
  C:200DH         LINE#         209
  C:200FH         LINE#         210
  C:2011H         LINE#         211
  -------         ENDPROC       INITT0
  -------         PROC          TIMER0_INT
  C:14D5H         LINE#         219
  C:14F2H         LINE#         221
  C:14F5H         LINE#         222
  C:14F8H         LINE#         227
  C:14FEH         LINE#         228
  C:14FEH         LINE#         229
  C:1508H         LINE#         230
  C:1508H         LINE#         231
  C:150BH         LINE#         232
  C:150BH         LINE#         233
  C:150BH         LINE#         238
  C:1515H         LINE#         239
  C:151BH         LINE#         242
  C:1529H         LINE#         245
  C:1537H         LINE#         248
  C:153DH         LINE#         251
BL51 BANKED LINKER/LOCATER V6.22                                                      10/09/2016  16:12:15  PAGE 34


  C:1544H         LINE#         252
  C:1544H         LINE#         253
  C:1547H         LINE#         257
  C:154DH         LINE#         260
  C:155BH         LINE#         261
  C:155BH         LINE#         264
  C:155EH         LINE#         266
  -------         ENDPROC       TIMER0_INT
  -------         PROC          START_INIT
  C:1FC5H         LINE#         274
  C:1FC5H         LINE#         275
  C:1FC5H         LINE#         276
  C:1FC8H         LINE#         277
  C:1FCAH         LINE#         278
  C:1FCEH         LINE#         279
  C:1FD1H         LINE#         280
  C:1FD3H         LINE#         283
  C:1FD6H         LINE#         285
  -------         ENDPROC       START_INIT
  -------         PROC          MAIN
  C:1CADH         LINE#         291
  C:1CADH         LINE#         292
  C:1CADH         LINE#         294
  C:1CB0H         LINE#         296
  C:1CB7H         LINE#         298
  C:1CB9H         LINE#         299
  C:1CBCH         LINE#         300
  C:1CBFH         LINE#         302
  C:1CC2H         LINE#         303
  C:1CC5H         LINE#         304
  C:1CC8H         LINE#         305
  C:1CCBH         LINE#         307
  C:1CCDH         LINE#         309
  C:1CD0H         LINE#         310
  C:1CD2H         LINE#         317
  C:1CD2H         LINE#         318
  C:1CD2H         LINE#         320
  C:1CD5H         LINE#         322
  C:1CD8H         LINE#         324
  C:1CDBH         LINE#         326
  C:1CDEH         LINE#         327
  -------         ENDPROC       MAIN
  -------         ENDMOD        MAIN

  -------         MODULE        UART
  C:0000H         SYMBOL        _ICE_DUMMY_
  D:0080H         PUBLIC        P0
  D:0090H         PUBLIC        P1
  D:00A0H         PUBLIC        P2
  D:00B0H         PUBLIC        P3
  D:00C0H         PUBLIC        P4
  D:00C8H         PUBLIC        P5
  C:1DCCH         PUBLIC        _SendSerialByte
  D:00A8H         PUBLIC        IE
  B:00A8H.4       PUBLIC        ES
  D:00B8H         PUBLIC        IP
  B:0098H.0       PUBLIC        RI
BL51 BANKED LINKER/LOCATER V6.22                                                      10/09/2016  16:12:15  PAGE 35


  C:1E21H         PUBLIC        InitT1
  B:0098H.1       PUBLIC        TI
  D:00D8H         PUBLIC        CCON
  D:0099H         PUBLIC        SBUF
  D:0087H         PUBLIC        PCON
  C:2012H         PUBLIC        UART_Init
  D:0098H         PUBLIC        SCON
  D:0089H         PUBLIC        TMOD
  D:0088H         PUBLIC        TCON
  B:00A0H.1       PUBLIC        p_led_txd
  D:00F0H         PUBLIC        B
  D:008EH         PUBLIC        AUXR
  D:00E0H         PUBLIC        ACC
  B:00A8H.3       PUBLIC        ET1
  D:008DH         PUBLIC        TH1
  B:0098H.3       PUBLIC        TB8
  B:00D0H.0       PUBLIC        P
  D:008BH         PUBLIC        TL1
  B:0088H.6       PUBLIC        TR1
  C:1A31H         PUBLIC        SCON_int
  D:00A2H         PUBLIC        AUXR1
  B:0080H.0       PUBLIC        p_m485_ctrl
  D:00D0H         PUBLIC        PSW
  -------         PROC          INITT1
  C:1E21H         LINE#         17
  C:1E21H         LINE#         18
[...]
  C:054AH         LINE#         182
  C:0550H         LINE#         183
  C:0553H         LINE#         184
  C:0553H         LINE#         185
  C:0553H         LINE#         186
  C:0553H         LINE#         187
  C:0559H         LINE#         188
  C:0559H         LINE#         189
  C:055CH         LINE#         190
  C:055EH         LINE#         191
  C:0560H         LINE#         192
  C:0562H         LINE#         193
  C:0569H         LINE#         194
  C:0569H         LINE#         195
  C:056CH         LINE#         196
  C:0572H         LINE#         197
  C:057DH         LINE#         198
  C:057DH         LINE#         200
  C:0583H         LINE#         201
  C:058DH         LINE#         202
  C:058DH         LINE#         203
  C:0594H         LINE#         204
  C:05B0H         LINE#         205
  C:05B4H         LINE#         207
  C:05BAH         LINE#         208
  C:05C8H         LINE#         209
  C:05EFH         LINE#         212
  C:05F5H         LINE#         213
  C:05FBH         LINE#         214
  C:0605H         LINE#         215
  C:0605H         LINE#         216
  C:060CH         LINE#         217
  C:0628H         LINE#         218
  C:062CH         LINE#         220
  C:0632H         LINE#         221
  C:0640H         LINE#         222
  C:0667H         LINE#         223
  C:0671H         LINE#         224
  C:0677H         LINE#         225
  C:0677H         LINE#         226
  C:0677H         LINE#         227
  C:0677H         LINE#         228
  C:0677H         LINE#         232
BL51 BANKED LINKER/LOCATER V6.22                                                      10/09/2016  16:12:15  PAGE 40


  C:0681H         LINE#         233
  C:0685H         LINE#         234
  C:0688H         LINE#         237
  C:069BH         LINE#         238
  C:069BH         LINE#         239
  C:06A3H         LINE#         240
  C:06ABH         LINE#         241
  C:06B3H         LINE#         243
  C:06B9H         LINE#         244
  C:06B9H         LINE#         246
  C:06C1H         LINE#         248
  C:06C6H         LINE#         249
  C:06C8H         LINE#         253
  C:06CDH         LINE#         254
  C:06CDH         LINE#         258
  C:06DAH         LINE#         260
  C:06E5H         LINE#         262
  C:06F0H         LINE#         263
  C:06F0H         LINE#         264
  C:06F3H         LINE#         265
  C:06F6H         LINE#         266
  C:06F8H         LINE#         269
  C:06F8H         LINE#         270
  C:0705H         LINE#         271
  C:0705H         LINE#         272
  C:0705H         LINE#         274
  C:0709H         LINE#         275
  C:070EH         LINE#         276
  -------         ENDPROC       COMMU_TASK_PROCESS
  -------         PROC          ACK_MULTI_READ
  -------         DO            
  D:0007H         SYMBOL        addr
  D:0040H         SYMBOL        usCRC
  -------         ENDDO         
  C:0EFAH         LINE#         284
  C:0EFAH         LINE#         285
  C:0EFAH         LINE#         289
  C:0EFFH         LINE#         290
  C:0F02H         LINE#         292
  C:0F06H         LINE#         293
  C:0F0AH         LINE#         294
  C:0F0FH         LINE#         295
  C:0F13H         LINE#         296
  C:0F13H         LINE#         297
  C:0F17H         LINE#         299
  C:0F24H         LINE#         300
  C:0F29H         LINE#         301
  C:0F2DH         LINE#         302
  C:0F33H         LINE#         303
  C:0F36H         LINE#         304
  C:0F3FH         LINE#         305
  C:0F3FH         LINE#         311
  C:0F45H         LINE#         312
  C:0F45H         LINE#         313
  C:0F4BH         LINE#         315
  C:0F4EH         LINE#         316
  C:0F51H         LINE#         318
BL51 BANKED LINKER/LOCATER V6.22                                                      10/09/2016  16:12:15  PAGE 41


  C:0F5EH         LINE#         319
  C:0F63H         LINE#         320
  C:0F67H         LINE#         321
  C:0F6DH         LINE#         322
  C:0F70H         LINE#         323
  C:0F78H         LINE#         324
  C:0F78H         LINE#         325
  C:0F7EH         LINE#         327
  C:0F81H         LINE#         328
  C:0F92H         LINE#         329
  C:0F9AH         LINE#         330
  C:0FA4H         LINE#         332
  C:0FB1H         LINE#         333
  C:0FB6H         LINE#         334
  C:0FBAH         LINE#         335
  C:0FC0H         LINE#         336
  C:0FC2H         LINE#         337
  C:0FCAH         LINE#         338
  C:0FCAH         LINE#         339
  C:0FD0H         LINE#         341
  C:0FD4H         LINE#         342
  C:0FE5H         LINE#         343
  C:0FEDH         LINE#         344
  C:0FF7H         LINE#         345
  C:0FFFH         LINE#         346
  C:1009H         LINE#         348
  C:1016H         LINE#         349
  C:101BH         LINE#         350
  C:101FH         LINE#         351
  C:1025H         LINE#         352
  C:1025H         LINE#         353
  C:1025H         LINE#         354
  -------         ENDPROC       ACK_MULTI_READ
  -------         PROC          ACK_MULTI_READTESTADDR
  -------         DO            
  D:0007H         SYMBOL        addr
  D:0006H         SYMBOL        usCRC
  -------         ENDDO         
  C:1D41H         LINE#         357
  C:1D41H         LINE#         358
  C:1D41H         LINE#         362
  C:1D44H         LINE#         364
  C:1D48H         LINE#         365
  C:1D4CH         LINE#         366
  C:1D4FH         LINE#         367
  C:1D58H         LINE#         368
  C:1D5DH         LINE#         369
  C:1D60H         LINE#         370
  C:1D66H         LINE#         371
  -------         ENDPROC       ACK_MULTI_READTESTADDR
  -------         PROC          ACK_SINGLE_WRITE
  C:204DH         LINE#         378
  C:204DH         LINE#         379
  C:204DH         LINE#         380
  -------         ENDPROC       ACK_SINGLE_WRITE
  -------         PROC          ACK_MULTI_WRITE_REPEATERROR
  -------         DO            
BL51 BANKED LINKER/LOCATER V6.22                                                      10/09/2016  16:12:15  PAGE 42


  D:0007H         SYMBOL        addr
  D:0006H         SYMBOL        usCRC
  -------         ENDDO         
  C:1CE0H         LINE#         387
  C:1CE0H         LINE#         388
  C:1CE0H         LINE#         389
  C:1CE3H         LINE#         392
  C:1CE7H         LINE#         393
  C:1CEBH         LINE#         394
  C:1CEFH         LINE#         396
  C:1CF8H         LINE#         398
  C:1CFDH         LINE#         399
  C:1D00H         LINE#         401
  C:1D06H         LINE#         402
  -------         ENDPROC       ACK_MULTI_WRITE_REPEATERROR
  -------         PROC          ACK_MULTI_WRITE
  -------         DO            
  D:0007H         SYMBOL        addr
  D:0006H         SYMBOL        usCRC
  -------         ENDDO         
  C:1BDAH         LINE#         409
  C:1BDAH         LINE#         410
  C:1BDAH         LINE#         411
  C:1BDDH         LINE#         414
  C:1BE1H         LINE#         415
  C:1BE5H         LINE#         416
  C:1BE8H         LINE#         417
  C:1BEAH         LINE#         418
  C:1BECH         LINE#         419
  C:1BF0H         LINE#         421
  C:1BF9H         LINE#         423
  C:1BFEH         LINE#         424
  C:1C01H         LINE#         426
  C:1C07H         LINE#         427
  -------         ENDPROC       ACK_MULTI_WRITE
  -------         PROC          RESETADDR
  C:2068H         LINE#         433
  C:2068H         LINE#         434
  C:2068H         LINE#         436
  C:206BH         LINE#         437
  C:206EH         LINE#         440
  C:2072H         LINE#         441
  -------         ENDPROC       RESETADDR
  -------         PROC          DISCODEPROTOCALV1
  -------         DO            
  D:003EH         SYMBOL        addr
  D:0002H         SYMBOL        usCRC
  D:0004H         SYMBOL        retCRC
  D:003FH         SYMBOL        i
  -------         ENDDO         
  C:0026H         LINE#         447
  C:0026H         LINE#         448
  C:0026H         LINE#         449
  C:002BH         LINE#         452
  C:002EH         LINE#         454
  C:0040H         LINE#         455
  C:0051H         LINE#         456
BL51 BANKED LINKER/LOCATER V6.22                                                      10/09/2016  16:12:15  PAGE 43


  C:0066H         LINE#         458
  C:0071H         LINE#         459
  C:0071H         LINE#         461
  C:0073H         LINE#         463
  C:0090H         LINE#         464
  C:0090H         LINE#         466
  C:0096H         LINE#         467
  C:009CH         LINE#         469
  C:00A3H         LINE#         470
  C:00A3H         LINE#         471
  C:00ACH         LINE#         472
  C:00ACH         LINE#         473
  C:00AFH         LINE#         475
  C:00B6H         LINE#         477
  C:00B9H         LINE#         478
  C:00BCH         LINE#         480
  C:00C1H         LINE#         481
  C:00C1H         LINE#         482
  C:00C4H         LINE#         485
  C:00CFH         LINE#         486
  C:00CFH         LINE#         487
  C:00DEH         LINE#         489
  C:00E1H         LINE#         490
  C:00E1H         LINE#         491
  C:00EFH         LINE#         492
  C:00F6H         LINE#         494
  C:00FCH         LINE#         495
  C:0100H         LINE#         496
  C:010AH         LINE#         497
  C:010EH         LINE#         498
  C:0118H         LINE#         499
  C:011CH         LINE#         500
  C:0126H         LINE#         501
  C:012AH         LINE#         502
  C:0134H         LINE#         503
  C:0138H         LINE#         504
  C:0142H         LINE#         505
  C:0146H         LINE#         507
  C:014BH         LINE#         509
  C:014EH         LINE#         510
  C:0151H         LINE#         511
  C:0154H         LINE#         513
  C:015BH         LINE#         514
  C:015BH         LINE#         515
  C:015EH         LINE#         516
  C:0161H         LINE#         517
  C:0164H         LINE#         520
  C:016BH         LINE#         521
  C:016BH         LINE#         522
  C:0172H         LINE#         523
  C:0177H         LINE#         525
  C:0179H         LINE#         526
  C:0179H         LINE#         527
  C:0179H         LINE#         528
  C:017BH         LINE#         530
  C:0182H         LINE#         531
  C:0182H         LINE#         532
BL51 BANKED LINKER/LOCATER V6.22                                                      10/09/2016  16:12:15  PAGE 44


  C:0189H         LINE#         533
  C:018BH         LINE#         535
  C:018BH         LINE#         536
  C:018BH         LINE#         537
  C:018BH         LINE#         538
  C:018BH         LINE#         539
  C:018BH         LINE#         540
  C:018BH         LINE#         541
  C:018DH         LINE#         543
  C:0194H         LINE#         544
  C:0194H         LINE#         545
  C:019BH         LINE#         546
  C:019DH         LINE#         548
  C:019DH         LINE#         549
  C:019DH         LINE#         550
  C:019DH         LINE#         551
  C:019DH         LINE#         552
  C:019DH         LINE#         553
  C:019DH         LINE#         554
  C:019FH         LINE#         556
  C:01A6H         LINE#         557
  C:01A6H         LINE#         558
  C:01ADH         LINE#         559
  C:01B2H         LINE#         561
  C:01B5H         LINE#         562
  C:01B8H         LINE#         563
  C:01BDH         LINE#         564
  C:01BFH         LINE#         565
  C:01C4H         LINE#         566
  C:01C4H         LINE#         568
  C:01C6H         LINE#         570
  C:01D1H         LINE#         571
  C:01D1H         LINE#         572
  C:01D8H         LINE#         573
  C:01DDH         LINE#         575
  C:01E2H         LINE#         576
  C:01E5H         LINE#         577
  C:01E8H         LINE#         578
  C:01E8H         LINE#         579
  C:01EBH         LINE#         582
  C:01FDH         LINE#         583
  C:01FDH         LINE#         585
  C:0211H         LINE#         586
  C:0211H         LINE#         587
  C:0211H         LINE#         588
  C:0211H         LINE#         589
  C:021CH         LINE#         590
  C:021CH         LINE#         591
  C:021FH         LINE#         592
  C:0222H         LINE#         593
  C:0234H         LINE#         594
  C:0234H         LINE#         595
  C:0237H         LINE#         596
  C:0237H         LINE#         597
  C:023AH         LINE#         598
  C:023AH         LINE#         599
  C:023AH         LINE#         600
BL51 BANKED LINKER/LOCATER V6.22                                                      10/09/2016  16:12:15  PAGE 45


  C:023AH         LINE#         601
  C:0245H         LINE#         602
  C:0245H         LINE#         603
  C:0248H         LINE#         605
  C:024EH         LINE#         606
  C:024EH         LINE#         607
  C:024EH         LINE#         608
  C:024EH         LINE#         609
  C:024EH         LINE#         610
  C:0250H         LINE#         612
  C:025CH         LINE#         613
  C:025CH         LINE#         614
  C:025FH         LINE#         615
  C:0262H         LINE#         616
  C:0265H         LINE#         617
  C:0268H         LINE#         618
  C:026FH         LINE#         619
  C:026FH         LINE#         620
  C:0275H         LINE#         621
  C:0275H         LINE#         622
  C:0277H         LINE#         623
  C:027AH         LINE#         624
  C:0285H         LINE#         625
  C:0285H         LINE#         626
  C:0288H         LINE#         627
  C:0288H         LINE#         628
  C:028BH         LINE#         629
  C:0296H         LINE#         630
  C:0296H         LINE#         633
  C:02C4H         LINE#         634
  C:02C4H         LINE#         635
  C:02CAH         LINE#         636
  C:02D2H         LINE#         637
  C:02D2H         LINE#         639
  C:02DDH         LINE#         640
  C:02E5H         LINE#         641
  C:02E5H         LINE#         642
  C:02E5H         LINE#         643
  C:02E5H         LINE#         644
  C:02E5H         LINE#         645
  C:02E8H         LINE#         646
  C:02E8H         LINE#         647
  C:02E8H         LINE#         648
  C:02E8H         LINE#         655
  C:02F5H         LINE#         656
  C:02F5H         LINE#         657
  C:02F8H         LINE#         658
  C:02FBH         LINE#         659
  C:02FEH         LINE#         660
  C:0300H         LINE#         661
  C:033DH         LINE#         663
  C:033DH         LINE#         665
  C:0347H         LINE#         687
  C:0353H         LINE#         688
  C:0353H         LINE#         689
  C:0356H         LINE#         690
  C:0359H         LINE#         691
BL51 BANKED LINKER/LOCATER V6.22                                                      10/09/2016  16:12:15  PAGE 46


  C:0359H         LINE#         692
  C:035CH         LINE#         694
  C:035FH         LINE#         695
  C:0365H         LINE#         696
  C:0365H         LINE#         724
  C:036BH         LINE#         725
  C:036EH         LINE#         726
  C:036EH         LINE#         727
  C:036EH         LINE#         728
  C:036EH         LINE#         729
  C:036EH         LINE#         730
  C:036EH         LINE#         731
  C:036EH         LINE#         732
  C:036EH         LINE#         735
  C:0379H         LINE#         736
  C:0379H         LINE#         738
  C:0398H         LINE#         739
  C:0398H         LINE#         740
  C:039CH         LINE#         741
  C:039CH         LINE#         742
  C:03A9H         LINE#         743
  C:03A9H         LINE#         744
  C:03B8H         LINE#         745
  C:03B8H         LINE#         746
  C:03BBH         LINE#         747
  C:03BEH         LINE#         748
  C:03C1H         LINE#         749
  C:03C3H         LINE#         750
  C:03C3H         LINE#         751
  C:03C7H         LINE#         752
  C:03C7H         LINE#         753
  C:03CFH         LINE#         754
  C:03CFH         LINE#         755
  C:03DCH         LINE#         756
  C:03DCH         LINE#         757
  C:03EBH         LINE#         758
  C:03EBH         LINE#         759
  C:03FCH         LINE#         760
  C:03FFH         LINE#         761
  C:0401H         LINE#         762
  C:0401H         LINE#         763
  C:0405H         LINE#         764
  C:0405H         LINE#         765
  C:0405H         LINE#         766
  C:0405H         LINE#         769
  C:0407H         LINE#         770
  C:0407H         LINE#         773
  -------         ENDPROC       DISCODEPROTOCALV1
  -------         PROC          CMD_PROCESS
  C:1DF9H         LINE#         798
  C:1DF9H         LINE#         799
  C:1DF9H         LINE#         802
  C:1E0BH         LINE#         803
  C:1E0BH         LINE#         806
  C:1E14H         LINE#         810
  C:1E14H         LINE#         813
  C:1E17H         LINE#         814
BL51 BANKED LINKER/LOCATER V6.22                                                      10/09/2016  16:12:15  PAGE 47


  C:1E17H         LINE#         816
  C:1E1CH         LINE#         817
  C:1E20H         LINE#         818
  -------         ENDPROC       CMD_PROCESS
  -------         ENDMOD        PROCESS

  -------         MODULE        CRC
  C:0000H         SYMBOL        _ICE_DUMMY_
  D:0080H         PUBLIC        P0
  D:0090H         PUBLIC        P1
  D:00A0H         PUBLIC        P2
  D:00B0H         PUBLIC        P3
  D:00C0H         PUBLIC        P4
  D:00C8H         PUBLIC        P5
  D:00A8H         PUBLIC        IE
  D:00B8H         PUBLIC        IP
  D:00D8H         PUBLIC        CCON
  C:0BAEH         PUBLIC        auchCRCHi
  D:0098H         PUBLIC        SCON
  D:0088H         PUBLIC        TCON
  C:0CAEH         PUBLIC        auchCRCLo
  C:1C46H         PUBLIC        _CRC16
  D:00F0H         PUBLIC        B
  D:00E0H         PUBLIC        ACC
  D:00D0H         PUBLIC        PSW
  -------         PROC          _CRC16
  D:0006H         SYMBOL        puchMsg
  D:0001H         SYMBOL        usDataLen
  -------         DO            
  D:0005H         SYMBOL        uchCRCHi
  D:0004H         SYMBOL        uchCRCLo
  D:0042H         SYMBOL        uIndex
  -------         ENDDO         
  C:1C46H         LINE#         92
  C:1C48H         LINE#         93
  C:1C48H         LINE#         94
  C:1C4AH         LINE#         95
  C:1C4CH         LINE#         98
  C:1C52H         LINE#         99
  C:1C52H         LINE#         100
  C:1C5DH         LINE#         101
  C:1C62H         LINE#         102
  C:1C6BH         LINE#         103
  C:1C71H         LINE#         104
  C:1C73H         LINE#         105
  C:1C79H         LINE#         106
  -------         ENDPROC       _CRC16
  -------         ENDMOD        CRC

  -------         MODULE        ?C?CLDPTR
  C:124FH         PUBLIC        ?C?CLDPTR
  -------         ENDMOD        ?C?CLDPTR

  -------         MODULE        ?C?CLDOPTR
  C:1268H         PUBLIC        ?C?CLDOPTR
  -------         ENDMOD        ?C?CLDOPTR

BL51 BANKED LINKER/LOCATER V6.22                                                      10/09/2016  16:12:15  PAGE 48


  -------         MODULE        ?C?CSTPTR
  C:1295H         PUBLIC        ?C?CSTPTR
  -------         ENDMOD        ?C?CSTPTR

  -------         MODULE        ?C?CSTOPTR
  C:12A7H         PUBLIC        ?C?CSTOPTR
  -------         ENDMOD        ?C?CSTOPTR

  -------         MODULE        ?C?IMUL
  C:12C9H         PUBLIC        ?C?IMUL
  -------         ENDMOD        ?C?IMUL

  -------         MODULE        ?C?UIDIV
  C:12DBH         PUBLIC        ?C?UIDIV
  -------         ENDMOD        ?C?UIDIV

  -------         MODULE        ?C?ULCMP
  C:1330H         PUBLIC        ?C?ULCMP
  -------         ENDMOD        ?C?ULCMP

*** WARNING L16: UNCALLED SEGMENT, IGNORED FOR OVERLAY PROCESS
    SEGMENT: ?CO?MAIN

Program Size: data=144.0 xdata=387 code=8399
LINK/LOCATE RUN COMPLETE.  1 WARNING(S),  0 ERROR(S)
