BL51 BANKED LINKER/LOCATER V6.22                                                        10/09/2016  16:10:38  PAGE 1


BL51 BANKED LINKER/LOCATER V6.22, INVOKED BY:
D:\PROGRAM FILES\KEIL4\C51\BIN\BL51.EXE .\eeprom.obj, .\key.obj, .\led.obj, .\main.obj, .\uart.obj, .\process.obj, .\crc
>> .obj TO 910U-P6_V3_4_15W1K16S_20160720 RAMSIZE (256)


MEMORY MODEL: SMALL


INPUT MODULES INCLUDED:
  .\eeprom.obj (EEPROM)
  .\key.obj (KEY)
  .\led.obj (LED)
  .\main.obj (MAIN)
  .\uart.obj (UART)
  .\process.obj (PROCESS)
  .\crc.obj (CRC)
  D:\PROGRAM FILES\KEIL4\C51\LIB\C51S.LIB (?C_STARTUP)
  D:\PROGRAM FILES\KEIL4\C51\LIB\C51S.LIB (?C?CLDPTR)
  D:\PROGRAM FILES\KEIL4\C51\LIB\C51S.LIB (?C?CLDOPTR)
  D:\PROGRAM FILES\KEIL4\C51\LIB\C51S.LIB (?C?CSTPTR)
  D:\PROGRAM FILES\KEIL4\C51\LIB\C51S.LIB (?C?CSTOPTR)
  D:\PROGRAM FILES\KEIL4\C51\LIB\C51S.LIB (?C?IMUL)
  D:\PROGRAM FILES\KEIL4\C51\LIB\C51S.LIB (?C?UIDIV)
  D:\PROGRAM FILES\KEIL4\C51\LIB\C51S.LIB (?C?ULCMP)


LINK MAP OF MODULE:  910U-P6_V3_4_15W1K16S_20160720 (EEPROM)


            TYPE    BASE      LENGTH    RELOCATION   SEGMENT NAME
            -----------------------------------------------------

            * * * * * * *   D A T A   M E M O R Y   * * * * * * *
            REG     0000H     0008H     ABSOLUTE     "REG BANK 0"
            DATA    0008H     0036H     UNIT         ?DT?MAIN
            DATA    003EH     001EH     UNIT         _DATA_GROUP_
            IDATA   005CH     0033H     UNIT         ?ID?MAIN
            IDATA   008FH     0001H     UNIT         ?STACK

            * * * * * * *  X D A T A   M E M O R Y  * * * * * * *
            XDATA   0000H     01B3H     UNIT         ?XD?MAIN

            * * * * * * *   C O D E   M E M O R Y   * * * * * * *
            CODE    0000H     0003H     ABSOLUTE     
            CODE    0003H     0007H     UNIT         ?PR?DISPBUFFREFRESH_TASKPROCESS?LED
            CODE    000AH     0001H     UNIT         ?PR?DIGI_DOTLED_DISP?LED
            CODE    000BH     0003H     ABSOLUTE     
            CODE    000EH     0015H     UNIT         ?PR?DISPBUFFREFRESH_CFGPWD?LED
            CODE    0023H     0003H     ABSOLUTE     
            CODE    0026H     03E2H     UNIT         ?PR?DISCODEPROTOCALV1?PROCESS
            CODE    0408H     0307H     UNIT         ?PR?COMMU_TASK_PROCESS?PROCESS
            CODE    070FH     0252H     UNIT         ?PR?_KEYNORMOLFUN?KEY
            CODE    0961H     024DH     UNIT         ?PR?_DISPBUFFREFRESH_TASK_BACK_COM?LED
            CODE    0BAEH     0200H     UNIT         ?CO?CRC
            CODE    0DAEH     014CH     UNIT         ?PR?_DISPLAY_INFO?PROCESS
            CODE    0EFAH     0139H     UNIT         ?PR?ACK_MULTI_READ?PROCESS
            CODE    1033H     0129H     UNIT         ?PR?_READPARAINEEPROM?EEPROM
            CODE    115CH     00F3H     UNIT         ?PR?_CFGCHGPARAVAL?KEY
BL51 BANKED LINKER/LOCATER V6.22                                                      10/09/2016  16:10:38  PAGE 2


            CODE    124FH     00F2H     UNIT         ?C?LIB_CODE
            CODE    1341H     00E4H     UNIT         ?PR?_NORMOLCHGVAL?KEY
            CODE    1425H     00B0H     UNIT         ?PR?KEY_SCAN?KEY
            CODE    14D5H     00A4H     UNIT         ?PR?TIMER0_INT?MAIN
            CODE    1579H     0088H     UNIT         ?PR?_PUTFINISHEDTOSTACK_COM?KEY
            CODE    1601H     0087H     UNIT         ?CO?LED
            CODE    1688H     0082H     UNIT         ?PR?LEDDISPBUFFREFRESH?LED
            CODE    170AH     0075H     UNIT         ?PR?TIME_LEDDISPBUFFREFRESH?LED
            CODE    177FH     0072H     UNIT         ?PR?SYS_DATA_RESET?MAIN
            CODE    17F1H     0066H     UNIT         ?PR?_NORMOLCHGFOCUS?KEY
            CODE    1857H     005FH     UNIT         ?PR?PUTFINISHEDTOSTACK?KEY
            CODE    18B6H     005FH     UNIT         ?PR?_LED_LIGHT_CTRL?LED
            CODE    1915H     005DH     UNIT         ?PR?_CALC_VALUE3?LED
            CODE    1972H     0059H     UNIT         ?PR?DISPBUFFREFRESH_AD?LED
            CODE    19CBH     0055H     UNIT         ?PR?_DISPBUFFREFRESH_FNCOM?LED
            CODE    1A20H     004EH     UNIT         ?PR?DISPBUFFREFRESH_WAIT?LED
            CODE    1A6EH     004BH     UNIT         ?PR?LED_SCAN?LED
            CODE    1AB9H     004AH     UNIT         ?PR?SAVEPARATOBLOCK?EEPROM
            CODE    1B03H     0048H     UNIT         ?PR?SCON_INT?UART
            CODE    1B4BH     003DH     UNIT         ?PR?_CFGCHGFOCUS?KEY
            CODE    1B88H     003CH     UNIT         ?PR?GETLEDONTIME?LED
            CODE    1BC4H     003CH     UNIT         ?PR?GETLEDOFFTIME?LED
            CODE    1C00H     003AH     UNIT         ?PR?START_DISPLAY?LED
            CODE    1C3AH     0039H     UNIT         ?PR?_EEPROM_READ_BLOCK?EEPROM
            CODE    1C73H     0039H     UNIT         ?PR?_EEPROM_WRITE_BLOCK?EEPROM
            CODE    1CACH     0038H     UNIT         ?PR?ACK_MULTI_WRITE?PROCESS
            CODE    1CE4H     0034H     UNIT         ?PR?_CFGCHGPAGE?KEY
            CODE    1D18H     0034H     UNIT         ?PR?_CRC16?CRC
            CODE    1D4CH     0033H     UNIT         ?PR?_CALC_VALUE4?LED
            CODE    1D7FH     0033H     UNIT         ?PR?MAIN?MAIN
            CODE    1DB2H     0031H     UNIT         ?PR?ACK_MULTI_WRITE_REPEATERROR?PROCESS
            CODE    1DE3H     0030H     UNIT         ?PR?CMD_LED_FLASH?LED
            CODE    1E13H     0030H     UNIT         ?PR?ACK_MULTI_READTESTADDR?PROCESS
            CODE    1E43H     002EH     UNIT         ?PR?CHKPARAOVERTODEFVAL?EEPROM
            CODE    1E71H     002DH     UNIT         ?PR?_KEYCONFIGFUN?KEY
            CODE    1E9EH     002DH     UNIT         ?PR?_SENDSERIALBYTE?UART
            CODE    1ECBH     002BH     UNIT         ?PR?SYS_DISP_SET?MAIN
            CODE    1EF6H     0029H     UNIT         ?PR?SCAN_VAL?KEY
            CODE    1F1FH     0029H     UNIT         ?PR?DISPLAY_PARA_AD_FN?LED
            CODE    1F48H     0028H     UNIT         ?PR?CMD_PROCESS?PROCESS
            CODE    1F70H     0027H     UNIT         ?PR?DISPLEDBIT?LED
            CODE    1F97H     0027H     UNIT         ?PR?INITT1?UART
            CODE    1FBEH     0024H     UNIT         ?PR?_BYTE_READ?EEPROM
            CODE    1FE2H     0024H     UNIT         ?PR?_KEY_FUN?KEY
            CODE    2006H     0024H     UNIT         ?PR?_CALC_VALUE5?LED
            CODE    202AH     0022H     UNIT         ?PR?LOADPARAINEEPROM?EEPROM
            CODE    204CH     0021H     UNIT         ?PR?_LED_SHOW?LED
            CODE    206DH     0020H     UNIT         ?PR?_BYTE_PROGRAM?EEPROM
            CODE    208DH     001DH     UNIT         ?PR?EXIT_CFG_MODE?KEY
            CODE    20AAH     001DH     UNIT         ?PR?DISPBUFFREFRESH_OFF?LED
            CODE    20C7H     001CH     UNIT         ?CO?EEPROM
            CODE    20E3H     001BH     UNIT         ?PR?_DISP0CHGOFF?LED
            CODE    20FEH     001AH     UNIT         ?PR?_SECTOR_ERASE?EEPROM
            CODE    2118H     0019H     UNIT         ?PR?DISPVERSION?LED
            CODE    2131H     0018H     UNIT         ?PR?_DELAYMS?MAIN
            CODE    2149H     0017H     UNIT         ?PR?DISPLAY_CLEAR?LED
            CODE    2160H     0015H     UNIT         ?PR?DISPBUFFREFRESH_BACKDISP?LED
BL51 BANKED LINKER/LOCATER V6.22                                                      10/09/2016  16:10:38  PAGE 3


            CODE    2175H     0014H     UNIT         ?PR?START_INIT?MAIN
            CODE    2189H     0013H     UNIT         ?PR?_SETDISPPAGE?LED
            CODE    219CH     0013H     UNIT         ?PR?INITT0?MAIN
            CODE    21AFH     0011H     UNIT         ?PR?UART_INIT?UART
            CODE    21C0H     000EH     UNIT         ?PR?DELAY1MS?MAIN
            CODE    21CEH     000EH     UNIT         ?PR?IO_INIT?MAIN
            CODE    21DCH     000EH     UNIT         ?PR?ACK_SINGLE_WRITE?PROCESS
            CODE    21EAH     000DH     UNIT         ?PR?ALL_DIGITAL_LED_PWR_OFF?LED
            CODE    21F7H     000DH     UNIT         ?PR?_DISPSAMECHAR?LED
            CODE    2204H     000DH     UNIT         ?PR?RESETADDR?PROCESS
            CODE    2211H     000CH     UNIT         ?PR?IAP_DISABLE?EEPROM
            CODE    221DH     000CH     UNIT         ?CO?KEY
            CODE    2229H     000CH     UNIT         ?C_C51STARTUP
            CODE    2235H     000BH     UNIT         ?PR?_EEPROM_ERASE_SECTOR?EEPROM
            CODE    2240H     0009H     UNIT         ?PR?DIGITAL_LED_CNTRL_INIT?LED
            CODE    2249H     0006H     UNIT         ?PR?DISPBUFFREFRESH_NULL?LED
            CODE    224FH     0006H     UNIT         ?CO?MAIN
            CODE    2255H     0005H     UNIT         ?PR?DISPBUFFREFRESH_F1?LED
            CODE    225AH     0005H     UNIT         ?PR?DISPBUFFREFRESH_F2?LED
            CODE    225FH     0005H     UNIT         ?PR?DISPBUFFREFRESH_F3?LED
            CODE    2264H     0005H     UNIT         ?PR?DISPBUFFREFRESH_F4?LED
            CODE    2269H     0005H     UNIT         ?PR?DISPBUFFREFRESH_F5?LED



OVERLAY MAP OF MODULE:   910U-P6_V3_4_15W1K16S_20160720 (EEPROM)


SEGMENT                                           DATA_GROUP 
  +--> CALLED SEGMENT                           START    LENGTH
---------------------------------------------------------------
?PR?TIMER0_INT?MAIN                             -----    -----
  +--> ?PR?LED_SCAN?LED

?PR?LED_SCAN?LED                                -----    -----
  +--> ?PR?ALL_DIGITAL_LED_PWR_OFF?LED
  +--> ?CO?LED
  +--> ?PR?_LED_SHOW?LED

*** NEW ROOT ***************************************************

?C_C51STARTUP                                   -----    -----
  +--> ?PR?MAIN?MAIN

?PR?MAIN?MAIN                                   -----    -----
  +--> ?PR?IO_INIT?MAIN
  +--> ?PR?_DELAYMS?MAIN
  +--> ?PR?DIGITAL_LED_CNTRL_INIT?LED
  +--> ?PR?INITT0?MAIN
  +--> ?PR?LOADPARAINEEPROM?EEPROM
  +--> ?PR?SYS_DISP_SET?MAIN
  +--> ?PR?UART_INIT?UART
  +--> ?PR?START_INIT?MAIN
  +--> ?PR?START_DISPLAY?LED
  +--> ?PR?CMD_LED_FLASH?LED
  +--> ?PR?KEY_SCAN?KEY
  +--> ?PR?LEDDISPBUFFREFRESH?LED
BL51 BANKED LINKER/LOCATER V6.22                                                      10/09/2016  16:10:38  PAGE 4


  +--> ?PR?CMD_PROCESS?PROCESS

?PR?IO_INIT?MAIN                                -----    -----
  +--> ?PR?ALL_DIGITAL_LED_PWR_OFF?LED

?PR?_DELAYMS?MAIN                               -----    -----
  +--> ?PR?DELAY1MS?MAIN

?PR?LOADPARAINEEPROM?EEPROM                     003EH    0001H
  +--> ?PR?_READPARAINEEPROM?EEPROM
  +--> ?PR?CHKPARAOVERTODEFVAL?EEPROM

?PR?_READPARAINEEPROM?EEPROM                    003FH    0013H
  +--> ?CO?EEPROM
  +--> ?PR?_EEPROM_READ_BLOCK?EEPROM
  +--> ?PR?_EEPROM_ERASE_SECTOR?EEPROM
  +--> ?PR?_EEPROM_WRITE_BLOCK?EEPROM

?PR?_EEPROM_READ_BLOCK?EEPROM                   0052H    0008H
  +--> ?PR?_BYTE_READ?EEPROM

?PR?_BYTE_READ?EEPROM                           005AH    0002H
  +--> ?PR?IAP_DISABLE?EEPROM

?PR?_EEPROM_ERASE_SECTOR?EEPROM                 -----    -----
  +--> ?PR?_SECTOR_ERASE?EEPROM

?PR?_SECTOR_ERASE?EEPROM                        0052H    0002H
  +--> ?PR?IAP_DISABLE?EEPROM

?PR?_EEPROM_WRITE_BLOCK?EEPROM                  0052H    0008H
  +--> ?PR?_BYTE_PROGRAM?EEPROM

?PR?_BYTE_PROGRAM?EEPROM                        005AH    0002H
  +--> ?PR?IAP_DISABLE?EEPROM

?PR?CHKPARAOVERTODEFVAL?EEPROM                  -----    -----
  +--> ?CO?EEPROM

?PR?UART_INIT?UART                              -----    -----
  +--> ?PR?INITT1?UART

?PR?START_INIT?MAIN                             -----    -----
  +--> ?PR?DISPLAY_CLEAR?LED
  +--> ?PR?SYS_DATA_RESET?MAIN

?PR?DISPLAY_CLEAR?LED                           -----    -----
  +--> ?PR?_SETDISPPAGE?LED

?PR?START_DISPLAY?LED                           -----    -----
  +--> ?PR?DISPVERSION?LED
  +--> ?PR?DISPLEDBIT?LED
  +--> ?PR?_DISPSAMECHAR?LED
  +--> ?PR?_LED_LIGHT_CTRL?LED
  +--> ?PR?_DELAYMS?MAIN
  +--> ?PR?DISPLAY_PARA_AD_FN?LED
  +--> ?PR?DISPLAY_CLEAR?LED
BL51 BANKED LINKER/LOCATER V6.22                                                      10/09/2016  16:10:38  PAGE 5



?PR?DISPVERSION?LED                             -----    -----
  +--> ?CO?MAIN
  +--> ?PR?_DELAYMS?MAIN

?PR?DISPLEDBIT?LED                              003EH    0001H
  +--> ?CO?LED
  +--> ?PR?_DELAYMS?MAIN

?PR?DISPLAY_PARA_AD_FN?LED                      003EH    0001H
  +--> ?PR?DISPBUFFREFRESH_AD?LED
  +--> ?PR?DIGI_DOTLED_DISP?LED
  +--> ?PR?_DELAYMS?MAIN
  +--> ?PR?_DISPBUFFREFRESH_FNCOM?LED

?PR?DISPBUFFREFRESH_AD?LED                      -----    -----
  +--> ?PR?DISPBUFFREFRESH_OFF?LED
  +--> ?PR?_CALC_VALUE3?LED
  +--> ?PR?_DISP0CHGOFF?LED

?PR?_CALC_VALUE3?LED                            0049H    0002H

?PR?_DISPBUFFREFRESH_FNCOM?LED                  -----    -----
  +--> ?PR?DISPBUFFREFRESH_OFF?LED

?PR?CMD_LED_FLASH?LED                           -----    -----
  +--> ?PR?_LED_LIGHT_CTRL?LED
  +--> ?PR?GETLEDONTIME?LED
  +--> ?PR?GETLEDOFFTIME?LED

?PR?KEY_SCAN?KEY                                003EH    0001H
  +--> ?PR?SCAN_VAL?KEY
  +--> ?PR?_KEY_FUN?KEY

?PR?_KEY_FUN?KEY                                003FH    0001H
  +--> ?PR?SAVEPARATOBLOCK?EEPROM
  +--> ?PR?_KEYCONFIGFUN?KEY
  +--> ?PR?_KEYNORMOLFUN?KEY

?PR?SAVEPARATOBLOCK?EEPROM                      0040H    0001H
  +--> ?PR?CHKPARAOVERTODEFVAL?EEPROM
  +--> ?CO?EEPROM
  +--> ?PR?_EEPROM_ERASE_SECTOR?EEPROM
  +--> ?PR?_EEPROM_WRITE_BLOCK?EEPROM
  +--> ?PR?SYS_DISP_SET?MAIN

?PR?_KEYCONFIGFUN?KEY                           -----    -----
  +--> ?PR?_CFGCHGPAGE?KEY
  +--> ?PR?_CFGCHGPARAVAL?KEY
  +--> ?PR?_CFGCHGFOCUS?KEY
  +--> ?PR?EXIT_CFG_MODE?KEY

?PR?_CFGCHGPAGE?KEY                             -----    -----
  +--> ?CO?KEY
  +--> ?PR?_SETDISPPAGE?LED

?PR?_CFGCHGPARAVAL?KEY                          0040H    0005H
BL51 BANKED LINKER/LOCATER V6.22                                                      10/09/2016  16:10:38  PAGE 6


  +--> ?PR?_CALC_VALUE3?LED
  +--> ?CO?KEY
  +--> ?PR?_SETDISPPAGE?LED

?PR?_CFGCHGFOCUS?KEY                            -----    -----
  +--> ?CO?KEY
  +--> ?PR?_SETDISPPAGE?LED

?PR?EXIT_CFG_MODE?KEY                           -----    -----
  +--> ?PR?DISPLAY_CLEAR?LED
  +--> ?PR?SAVEPARATOBLOCK?EEPROM

?PR?_KEYNORMOLFUN?KEY                           0040H    0001H
  +--> ?PR?_NORMOLCHGVAL?KEY
  +--> ?PR?_NORMOLCHGFOCUS?KEY
  +--> ?PR?_PUTFINISHEDTOSTACK_COM?KEY
  +--> ?PR?PUTFINISHEDTOSTACK?KEY
  +--> ?PR?DISPLAY_CLEAR?LED
  +--> ?PR?_SETDISPPAGE?LED

?PR?_NORMOLCHGVAL?KEY                           0041H    0004H
  +--> ?PR?_CALC_VALUE5?LED
  +--> ?PR?_SETDISPPAGE?LED

?PR?_CALC_VALUE5?LED                            0045H    0002H
  +--> ?PR?_CALC_VALUE4?LED

?PR?_CALC_VALUE4?LED                            0047H    0002H
  +--> ?PR?_CALC_VALUE3?LED

?PR?_NORMOLCHGFOCUS?KEY                         0041H    0001H
  +--> ?PR?_SETDISPPAGE?LED

?PR?_PUTFINISHEDTOSTACK_COM?KEY                 0049H    0004H

?PR?PUTFINISHEDTOSTACK?KEY                      -----    -----
  +--> ?PR?_PUTFINISHEDTOSTACK_COM?KEY

?PR?LEDDISPBUFFREFRESH?LED                      -----    -----
  +--> ?PR?TIME_LEDDISPBUFFREFRESH?LED
  +--> ?PR?DISPBUFFREFRESH_TASKPROCESS?LED
  +--> ?PR?DISPBUFFREFRESH_WAIT?LED
  +--> ?PR?DISPBUFFREFRESH_BACKDISP?LED
  +--> ?PR?DISPBUFFREFRESH_AD?LED
  +--> ?PR?DISPBUFFREFRESH_F1?LED
  +--> ?PR?DISPBUFFREFRESH_F2?LED
  +--> ?PR?DISPBUFFREFRESH_F3?LED
  +--> ?PR?DISPBUFFREFRESH_F4?LED
  +--> ?PR?DISPBUFFREFRESH_F5?LED
  +--> ?PR?DISPBUFFREFRESH_NULL?LED
  +--> ?PR?DISPBUFFREFRESH_CFGPWD?LED
  +--> ?PR?DISPBUFFREFRESH_OFF?LED
  +--> ?PR?DIGI_DOTLED_DISP?LED

?PR?TIME_LEDDISPBUFFREFRESH?LED                 -----    -----
  +--> ?PR?DISPLAY_CLEAR?LED
  +--> ?PR?EXIT_CFG_MODE?KEY
BL51 BANKED LINKER/LOCATER V6.22                                                      10/09/2016  16:10:38  PAGE 7


  +--> ?PR?_SETDISPPAGE?LED

?PR?DISPBUFFREFRESH_TASKPROCESS?LED             -----    -----
  +--> ?PR?_DISPBUFFREFRESH_TASK_BACK_COM?LED

?PR?_DISPBUFFREFRESH_TASK_BACK_COM?LED          003EH    0003H
  +--> ?PR?DISPBUFFREFRESH_OFF?LED
  +--> ?PR?_CALC_VALUE5?LED
  +--> ?PR?_DISP0CHGOFF?LED

?PR?DISPBUFFREFRESH_BACKDISP?LED                -----    -----
  +--> ?PR?_DISPBUFFREFRESH_TASK_BACK_COM?LED

?PR?DISPBUFFREFRESH_F1?LED                      -----    -----
  +--> ?PR?_DISPBUFFREFRESH_FNCOM?LED

?PR?DISPBUFFREFRESH_F2?LED                      -----    -----
  +--> ?PR?_DISPBUFFREFRESH_FNCOM?LED

?PR?DISPBUFFREFRESH_F3?LED                      -----    -----
  +--> ?PR?_DISPBUFFREFRESH_FNCOM?LED

?PR?DISPBUFFREFRESH_F4?LED                      -----    -----
  +--> ?PR?_DISPBUFFREFRESH_FNCOM?LED

?PR?DISPBUFFREFRESH_F5?LED                      -----    -----
  +--> ?PR?_DISPBUFFREFRESH_FNCOM?LED

?PR?DISPBUFFREFRESH_NULL?LED                    003EH    0001H
  +--> ?PR?DISPBUFFREFRESH_OFF?LED

?PR?CMD_PROCESS?PROCESS                         -----    -----
  +--> ?PR?DISCODEPROTOCALV1?PROCESS

?PR?DISCODEPROTOCALV1?PROCESS                   003EH    0002H
  +--> ?PR?_CRC16?CRC
  +--> ?PR?RESETADDR?PROCESS
  +--> ?PR?_SETDISPPAGE?LED
  +--> ?PR?DISPLAY_CLEAR?LED
  +--> ?PR?SYS_DATA_RESET?MAIN
  +--> ?PR?SAVEPARATOBLOCK?EEPROM
  +--> ?PR?ACK_MULTI_READTESTADDR?PROCESS
  +--> ?PR?ACK_MULTI_READ?PROCESS
  +--> ?PR?ACK_SINGLE_WRITE?PROCESS
  +--> ?PR?_PUTFINISHEDTOSTACK_COM?KEY
  +--> ?PR?ACK_MULTI_WRITE?PROCESS
  +--> ?PR?ACK_MULTI_WRITE_REPEATERROR?PROCESS
  +--> ?PR?COMMU_TASK_PROCESS?PROCESS
  +--> ?PR?_DISPLAY_INFO?PROCESS

?PR?_CRC16?CRC                                  0042H    0002H
  +--> ?CO?CRC

?PR?RESETADDR?PROCESS                           -----    -----
  +--> ?PR?DISPLAY_CLEAR?LED
  +--> ?PR?SYS_DATA_RESET?MAIN
  +--> ?PR?SAVEPARATOBLOCK?EEPROM
BL51 BANKED LINKER/LOCATER V6.22                                                      10/09/2016  16:10:38  PAGE 8



?PR?ACK_MULTI_READTESTADDR?PROCESS              -----    -----
  +--> ?PR?_CRC16?CRC
  +--> ?PR?_SENDSERIALBYTE?UART

?PR?ACK_MULTI_READ?PROCESS                      0040H    0002H
  +--> ?PR?_CRC16?CRC
  +--> ?PR?_SENDSERIALBYTE?UART

?PR?ACK_SINGLE_WRITE?PROCESS                    -----    -----
  +--> ?PR?_SENDSERIALBYTE?UART

?PR?ACK_MULTI_WRITE?PROCESS                     -----    -----
  +--> ?PR?_CRC16?CRC
  +--> ?PR?_SENDSERIALBYTE?UART

?PR?ACK_MULTI_WRITE_REPEATERROR?PROCESS         -----    -----
  +--> ?PR?_CRC16?CRC
  +--> ?PR?_SENDSERIALBYTE?UART

?PR?COMMU_TASK_PROCESS?PROCESS                  0040H    0009H
  +--> ?PR?_PUTFINISHEDTOSTACK_COM?KEY
  +--> ?PR?_SETDISPPAGE?LED

?PR?_DISPLAY_INFO?PROCESS                       0040H    0004H
  +--> ?PR?_SETDISPPAGE?LED



SYMBOL TABLE OF MODULE:  910U-P6_V3_4_15W1K16S_20160720 (EEPROM)

  VALUE           TYPE          NAME
  ----------------------------------

  -------         MODULE        EEPROM
  C:0000H         SYMBOL        _ICE_DUMMY_
  D:0080H         PUBLIC        P0
  D:0090H         PUBLIC        P1
  D:00A0H         PUBLIC        P2
  D:00B0H         PUBLIC        P3
  D:00C0H         PUBLIC        P4
  D:00C8H         PUBLIC        P5
  C:1C73H         PUBLIC        _eeprom_write_block
  C:20DDH         PUBLIC        Para_DefTB
  D:00A8H         PUBLIC        IE
  D:00C5H         PUBLIC        IAP_CMD
  D:00B8H         PUBLIC        IP
  D:00C3H         PUBLIC        IAP_ADDRH
  D:00D8H         PUBLIC        CCON
  D:00C4H         PUBLIC        IAP_ADDRL
  C:20D7H         PUBLIC        Para_MaxTB
  C:1033H         PUBLIC        _ReadParaInEeprom
  C:202AH         PUBLIC        LoadParaInEeprom
  D:0098H         PUBLIC        SCON
  D:0088H         PUBLIC        TCON
  C:1E43H         PUBLIC        ChkParaOverToDefVal
  D:00F0H         PUBLIC        B
BL51 BANKED LINKER/LOCATER V6.22                                                      10/09/2016  16:10:38  PAGE 9


  D:00C7H         PUBLIC        IAP_CONTR
  C:20FEH         PUBLIC        _Sector_Erase
  D:00E0H         PUBLIC        ACC
  C:1AB9H         PUBLIC        SaveParaToBlock
  C:20C7H         PUBLIC        SECTOR_PAGE
  C:206DH         PUBLIC        _Byte_Program
  D:00C2H         PUBLIC        IAP_DATA
  D:00C6H         PUBLIC        IAP_TRIG
  C:2211H         PUBLIC        IAP_Disable
  C:1FBEH         PUBLIC        _Byte_Read
  C:223CH         PUBLIC        _eeprom_erase_sector
  C:1C3AH         PUBLIC        _eeprom_read_block
  D:00D0H         PUBLIC        PSW
  -------         PROC          _BYTE_READ
  D:0001H         SYMBOL        add
  -------         DO            
  D:005AH         SYMBOL        my_unTemp16
  -------         ENDDO         
  C:1FBEH         LINE#         23
  C:1FBEH         LINE#         24
  C:1FBEH         LINE#         27
  C:1FC1H         LINE#         28
  C:1FC4H         LINE#         29
  C:1FC7H         LINE#         31
  C:1FCFH         LINE#         32
  C:1FD2H         LINE#         33
  C:1FD5H         LINE#         36
  C:1FD8H         LINE#         37
  C:1FDBH         LINE#         38
  C:1FDCH         LINE#         40
  C:1FDFH         LINE#         42
  C:1FE1H         LINE#         43
  -------         ENDPROC       _BYTE_READ
  -------         PROC          _BYTE_PROGRAM
  D:0001H         SYMBOL        add
  D:0005H         SYMBOL        ch
  -------         DO            
  D:005AH         SYMBOL        my_unTemp16
  -------         ENDDO         
  C:206DH         LINE#         46
  C:206DH         LINE#         47
  C:206DH         LINE#         50
  C:2070H         LINE#         51
  C:2073H         LINE#         53
  C:207BH         LINE#         54
  C:207EH         LINE#         55
  C:2081H         LINE#         57
  C:2083H         LINE#         59
  C:2086H         LINE#         60
  C:2089H         LINE#         61
  C:208AH         LINE#         63
  -------         ENDPROC       _BYTE_PROGRAM
  -------         PROC          _SECTOR_ERASE
  D:0006H         SYMBOL        add
  -------         DO            
  D:0052H         SYMBOL        my_unTemp16
  -------         ENDDO         
BL51 BANKED LINKER/LOCATER V6.22                                                      10/09/2016  16:10:38  PAGE 10


  C:20FEH         LINE#         68
  C:20FEH         LINE#         69
  C:20FEH         LINE#         72
  C:2101H         LINE#         73
  C:2104H         LINE#         75
  C:2108H         LINE#         76
  C:210BH         LINE#         77
  C:210EH         LINE#         80
  C:2111H         LINE#         81
  C:2114H         LINE#         82
  C:2115H         LINE#         84
  -------         ENDPROC       _SECTOR_ERASE
  -------         PROC          IAP_DISABLE
  C:2211H         LINE#         88
  C:2211H         LINE#         89
  C:2211H         LINE#         92
  C:2214H         LINE#         93
  C:2216H         LINE#         94
  C:2218H         LINE#         95
  C:221AH         LINE#         96
  C:221CH         LINE#         97
  -------         ENDPROC       IAP_DISABLE
  -------         PROC          _EEPROM_READ_BLOCK
  D:0052H         SYMBOL        Buff
  D:0055H         SYMBOL        beginAddr
  D:0058H         SYMBOL        len
  -------         DO            
  D:0059H         SYMBOL        i
  -------         ENDDO         
  C:1C3AH         LINE#         104
  C:1C40H         LINE#         105
  C:1C40H         LINE#         108
  C:1C4AH         LINE#         109
  C:1C4AH         LINE#         110
  C:1C63H         LINE#         111
  C:1C6EH         LINE#         112
  C:1C72H         LINE#         115
  -------         ENDPROC       _EEPROM_READ_BLOCK
  -------         PROC          _EEPROM_WRITE_BLOCK
  D:0052H         SYMBOL        Buff
  D:0055H         SYMBOL        beginAddr
  D:0058H         SYMBOL        len
  -------         DO            
  D:0059H         SYMBOL        i
  -------         ENDDO         
  C:1C73H         LINE#         120
  C:1C79H         LINE#         121
  C:1C79H         LINE#         124
  C:1C83H         LINE#         125
  C:1C83H         LINE#         126
  C:1C9CH         LINE#         127
  C:1CA7H         LINE#         128
  C:1CABH         LINE#         131
  -------         ENDPROC       _EEPROM_WRITE_BLOCK
  C:2235H         SYMBOL        L?0038
  -------         PROC          L?0037
  -------         ENDPROC       L?0037
BL51 BANKED LINKER/LOCATER V6.22                                                      10/09/2016  16:10:38  PAGE 11


  C:2235H         SYMBOL        L?0038
  -------         PROC          _EEPROM_ERASE_SECTOR
  D:0006H         SYMBOL        pageAddr
  C:223CH         LINE#         146
  C:223CH         LINE#         147
  C:223CH         LINE#         148
  C:223FH         LINE#         150
  -------         ENDPROC       _EEPROM_ERASE_SECTOR
  -------         PROC          _READPARAINEEPROM
  D:0007H         SYMBOL        offset
  -------         DO            
  D:003FH         SYMBOL        i
  D:0040H         SYMBOL        para_page_0
  D:0046H         SYMBOL        para_page_1
  D:004CH         SYMBOL        para_page_2
  -------         ENDDO         
  C:1033H         LINE#         158
  C:1033H         LINE#         159
  C:1033H         LINE#         160
  C:1035H         LINE#         165
  C:103EH         LINE#         167
  C:105CH         LINE#         168
  C:107AH         LINE#         169
  C:1098H         LINE#         171
  C:10A9H         LINE#         172
  C:10A9H         LINE#         173
  C:10B2H         LINE#         174
  C:10B2H         LINE#         175
  C:10B9H         LINE#         176
  C:10BFH         LINE#         178
  C:10DDH         LINE#         179
  C:10DDH         LINE#         180
  C:10E2H         LINE#         181
  C:10E2H         LINE#         182
  C:10F3H         LINE#         183
  C:10F3H         LINE#         184
  C:10FAH         LINE#         185
  C:1100H         LINE#         187
  C:111EH         LINE#         188
  C:1122H         LINE#         189
  C:1122H         LINE#         191
  C:1122H         LINE#         192
  C:1130H         LINE#         193
  C:1136H         LINE#         194
  C:1154H         LINE#         195
  C:115BH         LINE#         196
  C:115BH         LINE#         197
  -------         ENDPROC       _READPARAINEEPROM
  -------         PROC          CHKPARAOVERTODEFVAL
  -------         DO            
  D:0007H         SYMBOL        i
  -------         ENDDO         
  C:1E43H         LINE#         208
  C:1E43H         LINE#         209
  C:1E43H         LINE#         214
  C:1E45H         LINE#         215
  C:1E45H         LINE#         217
BL51 BANKED LINKER/LOCATER V6.22                                                      10/09/2016  16:10:38  PAGE 12


  C:1E54H         LINE#         218
  C:1E60H         LINE#         220
  C:1E6CH         LINE#         221
  C:1E70H         LINE#         223
  -------         ENDPROC       CHKPARAOVERTODEFVAL
  -------         PROC          SAVEPARATOBLOCK
  -------         DO            
  D:0040H         SYMBOL        i
  -------         ENDDO         
  C:1AB9H         LINE#         229
  C:1AB9H         LINE#         230
  C:1AB9H         LINE#         233
  C:1ABCH         LINE#         236
  C:1ABFH         LINE#         237
  C:1ABFH         LINE#         238
  C:1ACFH         LINE#         239
  C:1AF7H         LINE#         240
  C:1B00H         LINE#         242
  -------         ENDPROC       SAVEPARATOBLOCK
  -------         PROC          LOADPARAINEEPROM
  -------         DO            
  D:003EH         SYMBOL        i
  -------         ENDDO         
  C:202AH         LINE#         249
  C:202AH         LINE#         250
  C:202AH         LINE#         253
  C:202DH         LINE#         254
  C:2042H         LINE#         258
  C:2047H         LINE#         259
  C:2049H         LINE#         261
  -------         ENDPROC       LOADPARAINEEPROM
  -------         ENDMOD        EEPROM

  -------         MODULE        KEY
  C:0000H         SYMBOL        _ICE_DUMMY_
  D:0080H         PUBLIC        P0
  D:0090H         PUBLIC        P1
  D:00A0H         PUBLIC        P2
  D:00B0H         PUBLIC        P3
  D:00C0H         PUBLIC        P4
  D:00C8H         PUBLIC        P5
  C:1EF6H         PUBLIC        Scan_Val
  D:00A8H         PUBLIC        IE
  C:1425H         PUBLIC        Key_Scan
  C:17F1H         PUBLIC        _NormolChgFocus
  C:221DH         PUBLIC        CfgPageDB
  D:00B8H         PUBLIC        IP
  B:00A0H.4       PUBLIC        KEY_CFG
  D:00D8H         PUBLIC        CCON
  C:1CE4H         PUBLIC        _CfgChgPage
  C:1B4BH         PUBLIC        _CfgChgFocus
  C:1857H         PUBLIC        PutFinishedToStack
  C:1579H         PUBLIC        _PutFinishedToStack_Com
  C:1E71H         PUBLIC        _KeyConfigFun
  C:1341H         PUBLIC        _NormolChgVal
  D:0098H         PUBLIC        SCON
  C:1FE2H         PUBLIC        _Key_Fun
BL51 BANKED LINKER/LOCATER V6.22                                                      10/09/2016  16:10:38  PAGE 13


  B:00B0H.5       PUBLIC        KEY_SUB
  D:0088H         PUBLIC        TCON
  B:00B0H.4       PUBLIC        KEY_SHT
  D:00F0H         PUBLIC        B
  C:2223H         PUBLIC        CfgParaFocusDb
  D:00E0H         PUBLIC        ACC
  C:115CH         PUBLIC        _CfgChgParaVal
  C:070FH         PUBLIC        _KeyNormolFun
  B:00B0H.3       PUBLIC        KEY_OK
  C:208DH         PUBLIC        Exit_Cfg_Mode
  D:00D0H         PUBLIC        PSW
  -------         PROC          _PUTFINISHEDTOSTACK_COM
  D:0049H         SYMBOL        ptr1
  D:004BH         SYMBOL        ptr2
  -------         DO            
  D:0006H         SYMBOL        i
  D:0007H         SYMBOL        len
  -------         ENDDO         
  C:1579H         LINE#         14
  C:1581H         LINE#         15
  C:1581H         LINE#         18
  C:159CH         LINE#         20
  C:15A3H         LINE#         22
  C:15AAH         LINE#         23
  C:15DBH         LINE#         25
  C:15E9H         LINE#         26
  C:1600H         LINE#         28
  -------         ENDPROC       _PUTFINISHEDTOSTACK_COM
  -------         PROC          PUTFINISHEDTOSTACK
  -------         DO            
  D:0003H         SYMBOL        i
  -------         ENDDO         
  C:1857H         LINE#         35
  C:1857H         LINE#         36
  C:1857H         LINE#         40
  C:1860H         LINE#         41
  C:1860H         LINE#         43
  C:1876H         LINE#         44
  C:187CH         LINE#         45
  C:187DH         LINE#         48
  C:187DH         LINE#         49
  C:187FH         LINE#         50
  C:187FH         LINE#         52
  C:18A0H         LINE#         53
  C:18A4H         LINE#         55
  C:18AFH         LINE#         56
  C:18B5H         LINE#         57
  C:18B5H         LINE#         58
  -------         ENDPROC       PUTFINISHEDTOSTACK
  -------         PROC          _NORMOLCHGVAL
  D:0041H         SYMBOL        sts
  -------         DO            
  D:0007H         SYMBOL        rev
  D:0042H         SYMBOL        num
  D:0043H         SYMBOL        usValue
  -------         ENDDO         
  C:1341H         LINE#         63
BL51 BANKED LINKER/LOCATER V6.22                                                      10/09/2016  16:10:38  PAGE 14


  C:1343H         LINE#         64
  C:1343H         LINE#         68
  C:134AH         LINE#         72
  C:1350H         LINE#         73
  C:135AH         LINE#         77
  C:138CH         LINE#         78
  C:138CH         LINE#         83
  C:1395H         LINE#         86
  C:139EH         LINE#         87
  C:13A8H         LINE#         89
  C:13AFH         LINE#         92
  C:13B6H         LINE#         93
  C:13B7H         LINE#         95
  C:13BDH         LINE#         96
  C:13BDH         LINE#         97
  C:13C5H         LINE#         98
  C:13C7H         LINE#         99
  C:13C7H         LINE#         101
  C:13C9H         LINE#         104
  C:1411H         LINE#         105
  C:1419H         LINE#         108
  C:141CH         LINE#         109
  C:141FH         LINE#         110
  C:1424H         LINE#         111
  C:1424H         LINE#         112
  -------         ENDPROC       _NORMOLCHGVAL
  -------         PROC          _NORMOLCHGFOCUS
  D:0041H         SYMBOL        sts
  -------         DO            
  D:0007H         SYMBOL        num
  D:0004H         SYMBOL        usValue
  -------         ENDDO         
  C:17F1H         LINE#         118
  C:17F3H         LINE#         119
  C:17F3H         LINE#         128
  C:17F8H         LINE#         129
  C:1800H         LINE#         131
  C:1824H         LINE#         132
  C:1824H         LINE#         133
  C:1828H         LINE#         135
  C:182AH         LINE#         136
  C:182EH         LINE#         137
  C:182EH         LINE#         139
  C:1837H         LINE#         140
  C:183AH         LINE#         141
  C:183CH         LINE#         143
  C:183CH         LINE#         144
  C:1843H         LINE#         146
  C:1848H         LINE#         147
  C:1848H         LINE#         149
  C:184BH         LINE#         150
  C:184EH         LINE#         151
  C:1851H         LINE#         152
  C:1856H         LINE#         153
  C:1856H         LINE#         154
  -------         ENDPROC       _NORMOLCHGFOCUS
  -------         PROC          _KEYNORMOLFUN
BL51 BANKED LINKER/LOCATER V6.22                                                      10/09/2016  16:10:38  PAGE 15


  D:0040H         SYMBOL        keyvalue
  -------         DO            
  D:0007H         SYMBOL        i
  -------         ENDDO         
  C:070FH         LINE#         159
  C:0711H         LINE#         160
  C:0711H         LINE#         166
  C:071CH         LINE#         167
  C:071FH         LINE#         171
  C:072AH         LINE#         172
  C:072AH         LINE#         173
  C:072DH         LINE#         174
  C:0732H         LINE#         176
  C:0732H         LINE#         180
  C:074FH         LINE#         181
  C:074FH         LINE#         183
  C:074FH         LINE#         184
  C:074FH         LINE#         186
  C:0755H         LINE#         187
  C:0755H         LINE#         188
  C:0757H         LINE#         193
  C:0763H         LINE#         194
  C:0763H         LINE#         195
  C:0766H         LINE#         196
  C:0768H         LINE#         197
  C:076BH         LINE#         198
  C:076DH         LINE#         210
  C:0770H         LINE#         212
  C:077CH         LINE#         213
  C:077CH         LINE#         214
  C:0785H         LINE#         215
  C:0785H         LINE#         226
  C:0785H         LINE#         227
  C:0788H         LINE#         228
  C:078AH         LINE#         229
  C:078DH         LINE#         230
  C:078DH         LINE#         231
  C:078DH         LINE#         232
  C:078DH         LINE#         236
  C:078DH         LINE#         240
  C:0796H         LINE#         241
  C:0796H         LINE#         245
  C:07A0H         LINE#         246
  C:07A3H         LINE#         247
  C:07A5H         LINE#         248
  C:07A8H         LINE#         251
  C:07BAH         LINE#         252
  C:07BAH         LINE#         254
  C:07C6H         LINE#         255
  C:07C6H         LINE#         257
  C:07CAH         LINE#         258
  C:07CAH         LINE#         259
  C:07CDH         LINE#         260
  C:07D1H         LINE#         262
  C:07D4H         LINE#         263
  C:07D6H         LINE#         264
  C:07D9H         LINE#         266
BL51 BANKED LINKER/LOCATER V6.22                                                      10/09/2016  16:10:38  PAGE 16


  C:07D9H         LINE#         268
  C:07DFH         LINE#         269
  C:07DFH         LINE#         270
  C:07E1H         LINE#         272
  C:07E1H         LINE#         273
  C:07E4H         LINE#         275
  C:07E4H         LINE#         277
  C:07EAH         LINE#         279
  C:07EDH         LINE#         280
  C:07EFH         LINE#         281
  C:07EFH         LINE#         282
  C:07EFH         LINE#         283
  C:07EFH         LINE#         284
  C:07EFH         LINE#         285
  C:07EFH         LINE#         286
  C:07F2H         LINE#         289
  C:07F2H         LINE#         290
  C:07F2H         LINE#         291
  C:07F7H         LINE#         292
  C:07F7H         LINE#         293
  C:07FAH         LINE#         297
  C:0806H         LINE#         298
  C:0806H         LINE#         299
  C:080DH         LINE#         300
  C:0810H         LINE#         301
  C:0812H         LINE#         302
  C:0812H         LINE#         303
  C:0815H         LINE#         304
  C:081EH         LINE#         305
  C:081EH         LINE#         306
  C:081EH         LINE#         308
  C:081EH         LINE#         309
  C:0823H         LINE#         310
  C:0823H         LINE#         311
  C:0823H         LINE#         352
  C:0823H         LINE#         353
  C:0823H         LINE#         354
  C:082CH         LINE#         355
  C:082CH         LINE#         373
  C:082CH         LINE#         374
  C:0832H         LINE#         375
  C:0832H         LINE#         376
  C:083CH         LINE#         377
  C:083CH         LINE#         378
  C:083FH         LINE#         380
  C:0842H         LINE#         381
  C:0845H         LINE#         382
  C:0848H         LINE#         383
  C:084AH         LINE#         385
  C:084BH         LINE#         386
  C:084BH         LINE#         387
  C:0857H         LINE#         388
  C:085BH         LINE#         389
  C:085DH         LINE#         390
  C:0860H         LINE#         392
  C:0860H         LINE#         393
  C:0863H         LINE#         394
BL51 BANKED LINKER/LOCATER V6.22                                                      10/09/2016  16:10:38  PAGE 17


  C:0865H         LINE#         395
  C:0865H         LINE#         396
  C:0868H         LINE#         398
  C:0868H         LINE#         399
  C:086DH         LINE#         400
  C:086DH         LINE#         401
  C:086DH         LINE#         405
  C:086DH         LINE#         406
  C:086DH         LINE#         409
  C:0870H         LINE#         413
  C:0883H         LINE#         414
  C:0883H         LINE#         416
  C:088BH         LINE#         417
  C:088BH         LINE#         420
  C:08A1H         LINE#         422
  C:08A9H         LINE#         423
  C:08BCH         LINE#         424
  C:08CCH         LINE#         425
  C:08D2H         LINE#         428
  C:08D5H         LINE#         431
  C:08DCH         LINE#         432
  C:08DCH         LINE#         435
  C:08E7H         LINE#         436
  C:08F1H         LINE#         437
  C:08F1H         LINE#         439
  C:08F7H         LINE#         440
  C:08F7H         LINE#         443
  C:08FCH         LINE#         444
  C:08FCH         LINE#         447
  C:0901H         LINE#         448
  C:0905H         LINE#         449
  C:0907H         LINE#         450
  C:0907H         LINE#         453
  C:0913H         LINE#         454
  C:0913H         LINE#         455
  C:0916H         LINE#         456
  C:091BH         LINE#         457
  C:091EH         LINE#         458
  C:091FH         LINE#         461
  C:091FH         LINE#         463
  C:0928H         LINE#         464
  C:0928H         LINE#         465
  C:092BH         LINE#         467
  C:0936H         LINE#         469
  C:0938H         LINE#         471
  C:0938H         LINE#         472
  C:093BH         LINE#         474
  C:0941H         LINE#         475
  C:0941H         LINE#         477
  C:0944H         LINE#         478
  C:094AH         LINE#         479
  C:094DH         LINE#         481
  C:0950H         LINE#         482
  C:0953H         LINE#         483
  C:0958H         LINE#         484
  C:0958H         LINE#         485
  C:0958H         LINE#         486
BL51 BANKED LINKER/LOCATER V6.22                                                      10/09/2016  16:10:38  PAGE 18


  C:095DH         LINE#         487
  C:095DH         LINE#         488
  C:0960H         LINE#         489
  C:0960H         LINE#         490
  C:0960H         LINE#         491
  C:0960H         LINE#         492
  C:0960H         LINE#         493
  -------         ENDPROC       _KEYNORMOLFUN
  -------         PROC          EXIT_CFG_MODE
  -------         DO            
  D:0007H         SYMBOL        i
  -------         ENDDO         
  C:208DH         LINE#         498
  C:208DH         LINE#         499
  C:208DH         LINE#         502
  C:2090H         LINE#         503
  C:2094H         LINE#         506
  C:2096H         LINE#         507
  C:20A6H         LINE#         509
  C:20A9H         LINE#         510
  -------         ENDPROC       EXIT_CFG_MODE
  -------         PROC          _CFGCHGPARAVAL
  D:0040H         SYMBOL        sts
  -------         DO            
  D:0007H         SYMBOL        rev
  D:0041H         SYMBOL        max
  D:0042H         SYMBOL        ptr
  D:0006H         SYMBOL        addr
  -------         ENDDO         
  C:115CH         LINE#         521
  C:115EH         LINE#         522
  C:115EH         LINE#         527
  C:1170H         LINE#         528
  C:1170H         LINE#         529
  C:117FH         LINE#         530
  C:118BH         LINE#         531
  C:1192H         LINE#         532
  C:119EH         LINE#         533
  C:11A0H         LINE#         534
  C:11AEH         LINE#         535
  C:11BCH         LINE#         536
  C:11CAH         LINE#         537
  C:11D8H         LINE#         538
  C:11E4H         LINE#         539
  C:11E4H         LINE#         541
  C:11EEH         LINE#         542
  C:11F5H         LINE#         543
  C:11F6H         LINE#         545
  C:11FCH         LINE#         546
  C:11FCH         LINE#         547
  C:1204H         LINE#         548
  C:1206H         LINE#         549
  C:1206H         LINE#         550
  C:120AH         LINE#         552
  C:120EH         LINE#         553
  C:120EH         LINE#         554
  C:122EH         LINE#         555
BL51 BANKED LINKER/LOCATER V6.22                                                      10/09/2016  16:10:38  PAGE 19


  C:1237H         LINE#         556
  C:123BH         LINE#         557
  C:123FH         LINE#         558
  C:123FH         LINE#         560
  C:1242H         LINE#         561
  C:1245H         LINE#         562
  -------         ENDPROC       _CFGCHGPARAVAL
  -------         PROC          _CFGCHGPAGE
  D:0007H         SYMBOL        sts
  C:1CE4H         LINE#         572
  C:1CE4H         LINE#         573
  C:1CE4H         LINE#         574
  C:1CE7H         LINE#         575
  C:1CE7H         LINE#         576
  C:1CF0H         LINE#         577
  C:1CF3H         LINE#         578
  C:1CF5H         LINE#         580
  C:1CF5H         LINE#         581
  C:1CFCH         LINE#         582
  C:1CFFH         LINE#         583
  C:1CFFH         LINE#         585
  C:1D08H         LINE#         587
  C:1D0BH         LINE#         588
  C:1D0EH         LINE#         589
  -------         ENDPROC       _CFGCHGPAGE
  -------         PROC          _CFGCHGFOCUS
  D:0007H         SYMBOL        sts
  C:1B4BH         LINE#         598
  C:1B4BH         LINE#         599
  C:1B4BH         LINE#         600
  C:1B4EH         LINE#         601
  C:1B4EH         LINE#         602
  C:1B5EH         LINE#         603
  C:1B61H         LINE#         604
  C:1B63H         LINE#         606
  C:1B63H         LINE#         610
  C:1B6AH         LINE#         612
  C:1B74H         LINE#         613
  C:1B74H         LINE#         614
  C:1B78H         LINE#         615
  C:1B7BH         LINE#         616
  C:1B7EH         LINE#         617
  -------         ENDPROC       _CFGCHGFOCUS
  -------         PROC          _KEYCONFIGFUN
  D:0007H         SYMBOL        keyvalue
  C:1E71H         LINE#         624
  C:1E71H         LINE#         625
  C:1E71H         LINE#         627
  C:1E81H         LINE#         628
  C:1E81H         LINE#         631
  C:1E81H         LINE#         632
  C:1E81H         LINE#         633
  C:1E86H         LINE#         634
  C:1E86H         LINE#         635
  C:1E89H         LINE#         636
  C:1E89H         LINE#         637
  C:1E8BH         LINE#         639
BL51 BANKED LINKER/LOCATER V6.22                                                      10/09/2016  16:10:38  PAGE 20


  C:1E90H         LINE#         640
  C:1E90H         LINE#         643
  C:1E90H         LINE#         644
  C:1E90H         LINE#         645
  C:1E95H         LINE#         646
  C:1E95H         LINE#         661
  C:1E95H         LINE#         662
  C:1E95H         LINE#         663
  C:1E9AH         LINE#         664
  C:1E9AH         LINE#         667
  C:1E9AH         LINE#         668
  C:1E9AH         LINE#         669
  C:1E9DH         LINE#         670
  C:1E9DH         LINE#         673
  C:1E9DH         LINE#         674
  C:1E9DH         LINE#         675
  -------         ENDPROC       _KEYCONFIGFUN
  -------         PROC          _KEY_FUN
  D:003FH         SYMBOL        keyvalue
  C:1FE2H         LINE#         680
  C:1FE4H         LINE#         681
  C:1FE4H         LINE#         686
  C:1FE9H         LINE#         687
  C:1FE9H         LINE#         690
  C:1FEFH         LINE#         691
  C:1FF2H         LINE#         693
  C:1FF5H         LINE#         694
  C:1FF8H         LINE#         695
  C:1FF8H         LINE#         698
  C:1FFFH         LINE#         699
  C:2002H         LINE#         702
  C:2005H         LINE#         703
  -------         ENDPROC       _KEY_FUN
  -------         PROC          SCAN_VAL
  -------         DO            
  D:0007H         SYMBOL        keyval
  -------         ENDDO         
  C:1EF6H         LINE#         711
  C:1EF6H         LINE#         712
  C:1EF6H         LINE#         714
  C:1EF8H         LINE#         724
  C:1F00H         LINE#         725
  C:1F05H         LINE#         727
  C:1F08H         LINE#         728
  C:1F0BH         LINE#         729
  C:1F0EH         LINE#         730
  C:1F12H         LINE#         731
  C:1F15H         LINE#         732
  C:1F19H         LINE#         733
  C:1F1CH         LINE#         734
  C:1F1EH         LINE#         737
  C:1F1EH         LINE#         738
  -------         ENDPROC       SCAN_VAL
  -------         PROC          KEY_SCAN
  -------         DO            
  D:003EH         SYMBOL        keyval
  -------         ENDDO         
BL51 BANKED LINKER/LOCATER V6.22                                                      10/09/2016  16:10:38  PAGE 21


  C:1425H         LINE#         743
  C:1425H         LINE#         744
  C:1425H         LINE#         748
  C:142EH         LINE#         749
  C:142EH         LINE#         751
  C:1435H         LINE#         752
  C:1438H         LINE#         756
  C:143DH         LINE#         759
  C:1447H         LINE#         762
  C:144BH         LINE#         763
  C:144BH         LINE#         764
  C:1455H         LINE#         765
  C:1455H         LINE#         766
  C:145AH         LINE#         767
  C:145EH         LINE#         768
  C:146CH         LINE#         769
  C:1471H         LINE#         770
  C:1471H         LINE#         772
  C:1474H         LINE#         773
  C:1476H         LINE#         774
  C:1478H         LINE#         775
  C:147AH         LINE#         777
  C:147AH         LINE#         779
  C:147EH         LINE#         780
  C:147EH         LINE#         781
  C:1481H         LINE#         782
  C:1483H         LINE#         784
  C:1499H         LINE#         786
  C:149EH         LINE#         788
  C:14A2H         LINE#         790
  C:14A2H         LINE#         792
  C:14A8H         LINE#         793
  C:14A8H         LINE#         801
  C:14A8H         LINE#         803
  C:14B2H         LINE#         804
  C:14B2H         LINE#         805
  C:14B5H         LINE#         806
  C:14B8H         LINE#         809
  C:14CCH         LINE#         810
  C:14D1H         LINE#         812
  C:14D4H         LINE#         813
  C:14D4H         LINE#         814
  -------         ENDPROC       KEY_SCAN
  -------         ENDMOD        KEY

  -------         MODULE        LED
  C:0000H         SYMBOL        _ICE_DUMMY_
  D:0080H         PUBLIC        P0
  D:0090H         PUBLIC        P1
  D:00A0H         PUBLIC        P2
  D:00B0H         PUBLIC        P3
  C:1688H         PUBLIC        LedDispBuffRefresh
  D:00C0H         PUBLIC        P4
  C:1A20H         PUBLIC        DispBuffrefresh_Wait
  D:00C8H         PUBLIC        P5
  C:1B88H         PUBLIC        GetLedOnTime
  C:1915H         PUBLIC        _Calc_Value3
BL51 BANKED LINKER/LOCATER V6.22                                                      10/09/2016  16:10:38  PAGE 22


  C:1D4CH         PUBLIC        _Calc_Value4
  C:2006H         PUBLIC        _Calc_Value5
  C:21EAH         PUBLIC        All_Digital_Led_Pwr_OFF
  D:00A8H         PUBLIC        IE
  C:000AH         PUBLIC        Digi_DotLed_Disp
  B:00A0H.6       PUBLIC        p_led_blue
  C:1681H         PUBLIC        LEDSecBit
  C:1601H         PUBLIC        LED_TBL
  D:00B8H         PUBLIC        IP
  C:21F7H         PUBLIC        _DispSameChar
  C:1A6EH         PUBLIC        led_Scan
  B:0080H.2       PUBLIC        p_led_red
  D:00D8H         PUBLIC        CCON
  C:2149H         PUBLIC        Display_Clear
  B:00A0H.0       PUBLIC        p_oe
  C:2249H         PUBLIC        DispBuffrefresh_NULL
  C:000EH         PUBLIC        DispBuffrefresh_CFGPWD
  D:0098H         PUBLIC        SCON
  D:0088H         PUBLIC        TCON
  C:204CH         PUBLIC        _led_Show
  C:1F1FH         PUBLIC        Display_Para_AD_Fn
  C:2189H         PUBLIC        _SetDispPage
  D:00F0H         PUBLIC        B
  C:19CBH         PUBLIC        _DispBuffrefresh_FnCom
  D:00E0H         PUBLIC        ACC
  B:0090H.5       PUBLIC        p_sh_clk
  C:20AAH         PUBLIC        DispBuffrefresh_OFF
  C:18B6H         PUBLIC        _led_light_ctrl
  C:1F70H         PUBLIC        DispLedBit
  C:1C00H         PUBLIC        Start_Display
  B:0080H.3       PUBLIC        digital_led1_port
  B:0090H.6       PUBLIC        p_st_clk
  B:0090H.4       PUBLIC        digital_led2_port
  B:0090H.3       PUBLIC        digital_led3_port
  B:0090H.2       PUBLIC        digital_led4_port
  B:0090H.1       PUBLIC        digital_led5_port
  B:0090H.0       PUBLIC        digital_led6_port
  C:1DE3H         PUBLIC        CMD_led_flash
  B:0090H.7       PUBLIC        p_sdata
  C:2255H         PUBLIC        DispBuffrefresh_F1
  C:225AH         PUBLIC        DispBuffrefresh_F2
  C:225FH         PUBLIC        DispBuffrefresh_F3
  C:1BC4H         PUBLIC        GetLedOffTime
  C:0003H         PUBLIC        DispBuffrefresh_TaskProcess
  C:2264H         PUBLIC        DispBuffrefresh_F4
  C:2269H         PUBLIC        DispBuffrefresh_F5
  C:1972H         PUBLIC        DispBuffrefresh_AD
  C:2160H         PUBLIC        DispBuffrefresh_BackDisp
  C:20E3H         PUBLIC        _Disp0ChgOff
  C:170AH         PUBLIC        Time_LedDispBuffRefresh
  C:0961H         PUBLIC        _DispBuffrefresh_Task_Back_com
  C:2240H         PUBLIC        digital_led_cntrl_Init
  D:00D0H         PUBLIC        PSW
  B:00A0H.7       PUBLIC        p_led_green
  C:2118H         PUBLIC        DispVersion
  -------         PROC          DISPLAY_PARA_AD_FN
  -------         DO            
BL51 BANKED LINKER/LOCATER V6.22                                                      10/09/2016  16:10:38  PAGE 23


  D:003EH         SYMBOL        i
  -------         ENDDO         
  C:1F1FH         LINE#         53
  C:1F1FH         LINE#         54
  C:1F1FH         LINE#         58
  C:1F22H         LINE#         59
  C:1F25H         LINE#         60
  C:1F2CH         LINE#         62
  C:1F2FH         LINE#         63
  C:1F2FH         LINE#         64
  C:1F34H         LINE#         65
  C:1F37H         LINE#         66
  C:1F3EH         LINE#         67
  C:1F47H         LINE#         87
  -------         ENDPROC       DISPLAY_PARA_AD_FN
  -------         PROC          DIGI_DOTLED_DISP
  C:000AH         LINE#         93
  C:000AH         LINE#         94
  -------         ENDPROC       DIGI_DOTLED_DISP
  -------         PROC          DISPVERSION
  -------         DO            
  D:0007H         SYMBOL        i
  -------         ENDDO         
  C:2118H         LINE#         103
  C:2118H         LINE#         104
  C:2118H         LINE#         106
  C:211AH         LINE#         107
  C:212AH         LINE#         108
  -------         ENDPROC       DISPVERSION
  -------         PROC          DISPLEDBIT
  -------         DO            
  D:003EH         SYMBOL        i
  D:0007H         SYMBOL        j
  -------         ENDDO         
  C:1F70H         LINE#         117
  C:1F70H         LINE#         118
  C:1F70H         LINE#         120
  C:1F73H         LINE#         121
  C:1F73H         LINE#         122
  C:1F75H         LINE#         123
  C:1F86H         LINE#         125
  C:1F8DH         LINE#         126
  C:1F96H         LINE#         127
  -------         ENDPROC       DISPLEDBIT
  -------         PROC          DIGITAL_LED_CNTRL_INIT
  C:2240H         LINE#         135
  C:2240H         LINE#         136
  C:2240H         LINE#         137
  C:2242H         LINE#         138
  C:2244H         LINE#         139
  C:2246H         LINE#         140
  C:2248H         LINE#         142
  -------         ENDPROC       DIGITAL_LED_CNTRL_INIT
  -------         PROC          ALL_DIGITAL_LED_PWR_OFF
  C:21EAH         LINE#         149
  C:21EAH         LINE#         150
  C:21EAH         LINE#         151
BL51 BANKED LINKER/LOCATER V6.22                                                      10/09/2016  16:10:38  PAGE 24


  C:21ECH         LINE#         153
  C:21EEH         LINE#         154
  C:21F0H         LINE#         155
  C:21F2H         LINE#         156
  C:21F4H         LINE#         157
  C:21F6H         LINE#         158
  -------         ENDPROC       ALL_DIGITAL_LED_PWR_OFF
  -------         PROC          _LED_SHOW
  D:0007H         SYMBOL        ucValue
  -------         DO            
  D:0006H         SYMBOL        i
  -------         ENDDO         
  C:204CH         LINE#         164
  C:204CH         LINE#         165
  C:204CH         LINE#         168
  C:204EH         LINE#         169
  C:2050H         LINE#         170
  C:2050H         LINE#         171
  C:2054H         LINE#         172
  C:2058H         LINE#         174
  C:205AH         LINE#         175
  C:205CH         LINE#         176
  C:2060H         LINE#         177
  C:2062H         LINE#         178
  C:2066H         LINE#         179
  C:206AH         LINE#         181
  C:206CH         LINE#         182
  -------         ENDPROC       _LED_SHOW
  -------         PROC          LED_SCAN
  -------         DO            
  D:0007H         SYMBOL        ucValue
  -------         ENDDO         
  C:1A6EH         LINE#         191
  C:1A6EH         LINE#         192
  C:1A6EH         LINE#         198
  C:1A77H         LINE#         199
  C:1A79H         LINE#         201
  C:1A81H         LINE#         202
  C:1A86H         LINE#         203
  C:1A88H         LINE#         206
  C:1A8BH         LINE#         208
  C:1A94H         LINE#         211
  C:1AA7H         LINE#         212
  C:1AA7H         LINE#         213
  C:1AAAH         LINE#         214
  C:1AADH         LINE#         215
  C:1AB0H         LINE#         216
  C:1AB3H         LINE#         217
  C:1AB6H         LINE#         218
  C:1AB8H         LINE#         219
  C:1AB8H         LINE#         220
  -------         ENDPROC       LED_SCAN
  -------         PROC          _CALC_VALUE3
  D:0049H         SYMBOL        Order
  D:004AH         SYMBOL        ASICREL
  D:0002H         SYMBOL        Dat
  -------         DO            
BL51 BANKED LINKER/LOCATER V6.22                                                      10/09/2016  16:10:38  PAGE 25


  D:0007H         SYMBOL        residue08
  -------         ENDDO         
  C:1915H         LINE#         887
  C:1919H         LINE#         888
  C:1919H         LINE#         890
  C:1928H         LINE#         891
  C:1941H         LINE#         892
  C:194EH         LINE#         893
  C:1960H         LINE#         894
  C:1971H         LINE#         895
  -------         ENDPROC       _CALC_VALUE3
  -------         PROC          _CALC_VALUE4
  D:0047H         SYMBOL        Order
  D:0048H         SYMBOL        ASICREL
  D:0002H         SYMBOL        Dat
  C:1D4CH         LINE#         904
  C:1D50H         LINE#         905
  C:1D50H         LINE#         906
  C:1D5FH         LINE#         907
  C:1D78H         LINE#         908
  -------         ENDPROC       _CALC_VALUE4
  -------         PROC          _CALC_VALUE5
  D:0045H         SYMBOL        Order
  D:0046H         SYMBOL        ASICREL
  D:0002H         SYMBOL        Dat
  C:2006H         LINE#         918
  C:200AH         LINE#         919
  C:200AH         LINE#         920
  C:2023H         LINE#         921
  -------         ENDPROC       _CALC_VALUE5
  -------         PROC          _DISP0CHGOFF
  D:0007H         SYMBOL        Order
  D:0005H         SYMBOL        len
  -------         DO            
  D:0006H         SYMBOL        i
  -------         ENDDO         
  C:20E3H         LINE#         928
  C:20E3H         LINE#         929
  C:20E3H         LINE#         932
  C:20EAH         LINE#         933
  C:20EAH         LINE#         934
  C:20F8H         LINE#         935
  C:20F8H         LINE#         936
  C:20FAH         LINE#         937
  C:20FDH         LINE#         938
  -------         ENDPROC       _DISP0CHGOFF
  -------         PROC          DISPBUFFREFRESH_CFGPWD
  -------         DO            
  D:0007H         SYMBOL        i
  -------         ENDDO         
  C:000EH         LINE#         945
  C:000EH         LINE#         946
  C:000EH         LINE#         950
  C:0010H         LINE#         951
  C:001AH         LINE#         953
  C:001EH         LINE#         954
  C:0022H         LINE#         955
BL51 BANKED LINKER/LOCATER V6.22                                                      10/09/2016  16:10:38  PAGE 26


  -------         ENDPROC       DISPBUFFREFRESH_CFGPWD
  -------         PROC          DISPBUFFREFRESH_OFF
  -------         DO            
  D:0007H         SYMBOL        i
  -------         ENDDO         
  C:20AAH         LINE#         961
  C:20AAH         LINE#         962
  C:20AAH         LINE#         964
  C:20AEH         LINE#         965
  C:20B0H         LINE#         966
  C:20BAH         LINE#         968
  C:20BCH         LINE#         969
  C:20C6H         LINE#         970
  -------         ENDPROC       DISPBUFFREFRESH_OFF
  -------         PROC          DISPBUFFREFRESH_AD
  C:1972H         LINE#         977
  C:1972H         LINE#         978
  C:1972H         LINE#         980
  C:1975H         LINE#         983
  C:1989H         LINE#         984
  C:1989H         LINE#         985
  C:198DH         LINE#         986
  C:1990H         LINE#         987
  C:1990H         LINE#         990
  C:1994H         LINE#         991
  C:19A0H         LINE#         993
  C:19A4H         LINE#         994
  C:19ACH         LINE#         995
  C:19B1H         LINE#         996
  C:19B8H         LINE#         998
  C:19BEH         LINE#         999
  C:19C4H         LINE#         1000
  C:19CAH         LINE#         1001
  -------         ENDPROC       DISPBUFFREFRESH_AD
  -------         PROC          _DISPBUFFREFRESH_FNCOM
  D:0006H         SYMBOL        fn
  C:19CBH         LINE#         1007
  C:19CDH         LINE#         1008
  C:19CDH         LINE#         1009
  C:19D0H         LINE#         1012
  C:19DEH         LINE#         1013
  C:19DEH         LINE#         1014
  C:19E0H         LINE#         1015
  C:19E0H         LINE#         1016
  C:19E2H         LINE#         1018
  C:19E2H         LINE#         1020
  C:19E6H         LINE#         1021
  C:19EBH         LINE#         1022
  C:19EBH         LINE#         1025
  C:19EFH         LINE#         1026
  C:19F7H         LINE#         1027
  C:19F7H         LINE#         1028
  C:1A09H         LINE#         1029
  C:1A09H         LINE#         1030
  C:1A0DH         LINE#         1031
  C:1A11H         LINE#         1032
  C:1A15H         LINE#         1033
BL51 BANKED LINKER/LOCATER V6.22                                                      10/09/2016  16:10:38  PAGE 27


  C:1A19H         LINE#         1034
  C:1A1FH         LINE#         1035
  C:1A1FH         LINE#         1036
  C:1A1FH         LINE#         1037
  -------         ENDPROC       _DISPBUFFREFRESH_FNCOM
  -------         PROC          DISPBUFFREFRESH_F1
  C:2255H         LINE#         1044
  C:2255H         LINE#         1045
  C:2255H         LINE#         1047
  -------         ENDPROC       DISPBUFFREFRESH_F1
  -------         PROC          DISPBUFFREFRESH_F2
  C:225AH         LINE#         1055
  C:225AH         LINE#         1056
  C:225AH         LINE#         1057
  -------         ENDPROC       DISPBUFFREFRESH_F2
  -------         PROC          DISPBUFFREFRESH_F3
  C:225FH         LINE#         1065
  C:225FH         LINE#         1066
  C:225FH         LINE#         1067
  -------         ENDPROC       DISPBUFFREFRESH_F3
  -------         PROC          DISPBUFFREFRESH_F4
  C:2264H         LINE#         1075
  C:2264H         LINE#         1076
  C:2264H         LINE#         1077
  -------         ENDPROC       DISPBUFFREFRESH_F4
  -------         PROC          DISPBUFFREFRESH_F5
  C:2269H         LINE#         1085
  C:2269H         LINE#         1086
  C:2269H         LINE#         1087
  -------         ENDPROC       DISPBUFFREFRESH_F5
  -------         PROC          DISPBUFFREFRESH_WAIT
  -------         DO            
  D:0007H         SYMBOL        i
  -------         ENDDO         
  C:1A20H         LINE#         1094
  C:1A20H         LINE#         1095
  C:1A20H         LINE#         1097
  C:1A27H         LINE#         1098
  C:1A2AH         LINE#         1100
  C:1A32H         LINE#         1101
  C:1A3BH         LINE#         1103
  C:1A43H         LINE#         1104
  C:1A4CH         LINE#         1106
  C:1A50H         LINE#         1108
  C:1A54H         LINE#         1110
  C:1A58H         LINE#         1111
  C:1A5BH         LINE#         1112
  C:1A5EH         LINE#         1113
  C:1A61H         LINE#         1114
  C:1A63H         LINE#         1115
  C:1A6DH         LINE#         1116
  -------         ENDPROC       DISPBUFFREFRESH_WAIT
  -------         PROC          _DISPSAMECHAR
  D:0007H         SYMBOL        DispChar
  -------         DO            
  D:0006H         SYMBOL        i
  -------         ENDDO         
BL51 BANKED LINKER/LOCATER V6.22                                                      10/09/2016  16:10:38  PAGE 28


  C:21F7H         LINE#         1124
  C:21F7H         LINE#         1125
  C:21F7H         LINE#         1127
  C:21F9H         LINE#         1128
  C:2203H         LINE#         1129
  -------         ENDPROC       _DISPSAMECHAR
  -------         PROC          _DISPBUFFREFRESH_TASK_BACK_COM
  D:0004H         SYMBOL        ptr
  -------         DO            
  D:003EH         SYMBOL        i
  D:0006H         SYMBOL        len
  D:0007H         SYMBOL        dat
  D:003FH         SYMBOL        usValue
  -------         ENDDO         
  C:0961H         LINE#         1136
  C:0965H         LINE#         1137
  C:0965H         LINE#         1141
  C:0968H         LINE#         1142
  C:096EH         LINE#         1143
  C:0976H         LINE#         1144
  C:0981H         LINE#         1150
  C:0987H         LINE#         1151
  C:0987H         LINE#         1152
  C:099AH         LINE#         1153
  C:09ACH         LINE#         1154
  C:09BEH         LINE#         1155
  C:09C0H         LINE#         1156
  C:09C5H         LINE#         1157
  C:09C5H         LINE#         1160
  C:09C9H         LINE#         1161
  C:09C9H         LINE#         1162
  C:09D0H         LINE#         1163
  C:09D5H         LINE#         1164
  C:09D5H         LINE#         1165
  C:09D5H         LINE#         1168
  C:09E0H         LINE#         1169
  C:09E6H         LINE#         1170
  C:09F1H         LINE#         1171
  C:09F7H         LINE#         1172
  C:0A02H         LINE#         1173
  C:0A08H         LINE#         1174
  C:0A15H         LINE#         1175
  C:0A19H         LINE#         1177
  C:0A1BH         LINE#         1181
  C:0A23H         LINE#         1182
  C:0A25H         LINE#         1185
  C:0A29H         LINE#         1186
  C:0A32H         LINE#         1187
  C:0A53H         LINE#         1190
  C:0A58H         LINE#         1191
  C:0A58H         LINE#         1192
  C:0A5CH         LINE#         1195
  C:0A69H         LINE#         1196
  C:0A79H         LINE#         1197
  C:0A79H         LINE#         1198
  C:0A80H         LINE#         1199
  C:0A80H         LINE#         1200
BL51 BANKED LINKER/LOCATER V6.22                                                      10/09/2016  16:10:38  PAGE 29


  C:0A83H         LINE#         1202
  C:0A89H         LINE#         1203
  C:0A8FH         LINE#         1204
  C:0A91H         LINE#         1206
  C:0A9EH         LINE#         1207
  C:0A9EH         LINE#         1209
  C:0AA4H         LINE#         1211
  C:0AC8H         LINE#         1213
  C:0ACAH         LINE#         1215
  C:0AD1H         LINE#         1216
  C:0AD6H         LINE#         1217
  C:0AD6H         LINE#         1219
  C:0AEBH         LINE#         1220
  C:0AEBH         LINE#         1221
  C:0AF5H         LINE#         1222
  C:0AF9H         LINE#         1223
  C:0B01H         LINE#         1224
  C:0B06H         LINE#         1226
  C:0B12H         LINE#         1229
  C:0B1CH         LINE#         1230
  C:0B38H         LINE#         1231
  C:0B38H         LINE#         1233
  C:0B38H         LINE#         1235
  C:0B3DH         LINE#         1236
  C:0B3DH         LINE#         1237
  C:0B41H         LINE#         1238
  C:0B44H         LINE#         1239
  C:0B46H         LINE#         1240
  C:0B4BH         LINE#         1241
  C:0B4BH         LINE#         1243
  C:0B4FH         LINE#         1244
  C:0B52H         LINE#         1245
  C:0B52H         LINE#         1246
  C:0B54H         LINE#         1247
  C:0B5BH         LINE#         1248
  C:0B5BH         LINE#         1250
  C:0B5FH         LINE#         1251
  C:0B62H         LINE#         1252
  C:0B65H         LINE#         1253
  C:0B68H         LINE#         1255
  C:0B68H         LINE#         1256
  C:0B68H         LINE#         1260
  C:0B83H         LINE#         1262
  C:0B83H         LINE#         1263
  C:0B88H         LINE#         1264
  C:0B8BH         LINE#         1265
  C:0B8DH         LINE#         1267
  C:0B90H         LINE#         1270
  C:0BA1H         LINE#         1271
  C:0BA1H         LINE#         1272
  C:0BA6H         LINE#         1273
  C:0BA9H         LINE#         1274
  C:0BAAH         LINE#         1275
  C:0BADH         LINE#         1276
  -------         ENDPROC       _DISPBUFFREFRESH_TASK_BACK_COM
  -------         PROC          DISPBUFFREFRESH_BACKDISP
  C:2160H         LINE#         1283
BL51 BANKED LINKER/LOCATER V6.22                                                      10/09/2016  16:10:38  PAGE 30


  C:2160H         LINE#         1284
  C:2160H         LINE#         1285
  -------         ENDPROC       DISPBUFFREFRESH_BACKDISP
  -------         PROC          DISPBUFFREFRESH_TASKPROCESS
  C:0003H         LINE#         1293
  C:0003H         LINE#         1294
  C:0003H         LINE#         1295
  -------         ENDPROC       DISPBUFFREFRESH_TASKPROCESS
  -------         PROC          DISPBUFFREFRESH_NULL
  -------         DO            
  D:003EH         SYMBOL        tmp
  -------         ENDDO         
  C:2249H         LINE#         1303
  C:2249H         LINE#         1304
  C:2249H         LINE#         1305
  C:224CH         LINE#         1306
  -------         ENDPROC       DISPBUFFREFRESH_NULL
  -------         PROC          _LED_LIGHT_CTRL
  D:0007H         SYMBOL        ucValue
  C:18B6H         LINE#         1337
  C:18B6H         LINE#         1338
  C:18B6H         LINE#         1339
  C:18E0H         LINE#         1340
  C:18E0H         LINE#         1341
  C:18E7H         LINE#         1342
  C:18EEH         LINE#         1343
  C:18F5H         LINE#         1345
  C:18FCH         LINE#         1346
  C:1903H         LINE#         1347
  C:1907H         LINE#         1348
  C:190EH         LINE#         1349
  C:1914H         LINE#         1350
  C:1914H         LINE#         1351
  -------         ENDPROC       _LED_LIGHT_CTRL
  -------         PROC          GETLEDONTIME
  -------         DO            
  D:0004H         SYMBOL        unRet
  -------         ENDDO         
  C:1B88H         LINE#         1359
  C:1B88H         LINE#         1360
  C:1B88H         LINE#         1362
  C:1B95H         LINE#         1363
  C:1B95H         LINE#         1364
  C:1BA0H         LINE#         1365
  C:1BAAH         LINE#         1366
  C:1BBBH         LINE#         1367
  C:1BBFH         LINE#         1368
  C:1BBFH         LINE#         1370
  C:1BC3H         LINE#         1371
  -------         ENDPROC       GETLEDONTIME
  -------         PROC          GETLEDOFFTIME
  -------         DO            
  D:0004H         SYMBOL        unRet
  -------         ENDDO         
  C:1BC4H         LINE#         1378
  C:1BC4H         LINE#         1379
  C:1BC4H         LINE#         1381
BL51 BANKED LINKER/LOCATER V6.22                                                      10/09/2016  16:10:38  PAGE 31


  C:1BD1H         LINE#         1382
  C:1BD1H         LINE#         1383
  C:1BDCH         LINE#         1384
  C:1BE6H         LINE#         1385
  C:1BF7H         LINE#         1386
  C:1BFBH         LINE#         1387
  C:1BFBH         LINE#         1389
  C:1BFFH         LINE#         1390
  -------         ENDPROC       GETLEDOFFTIME
  -------         PROC          CMD_LED_FLASH
  C:1DE3H         LINE#         1399
  C:1DE3H         LINE#         1400
  C:1DE3H         LINE#         1401
  C:1DE7H         LINE#         1402
  C:1DE7H         LINE#         1403
  C:1DEAH         LINE#         1405
  C:1DEAH         LINE#         1407
  C:1DEEH         LINE#         1408
  C:1DEEH         LINE#         1409
  C:1DF3H         LINE#         1411
  C:1DF3H         LINE#         1413
  C:1DF9H         LINE#         1414
  C:1DF9H         LINE#         1416
  C:1DFDH         LINE#         1417
  C:1DFDH         LINE#         1419
  C:1E00H         LINE#         1420
  C:1E05H         LINE#         1421
  C:1E08H         LINE#         1422
  C:1E08H         LINE#         1425
  C:1E08H         LINE#         1427
  C:1E0BH         LINE#         1428
  C:1E0FH         LINE#         1429
  C:1E12H         LINE#         1430
  C:1E12H         LINE#         1431
  C:1E12H         LINE#         1432
  -------         ENDPROC       CMD_LED_FLASH
  -------         PROC          DISPLAY_CLEAR
  C:2149H         LINE#         1440
  C:2149H         LINE#         1441
  C:2149H         LINE#         1442
  C:214CH         LINE#         1443
  C:214EH         LINE#         1444
  C:2150H         LINE#         1445
  C:2152H         LINE#         1449
  C:2156H         LINE#         1450
  C:215CH         LINE#         1453
  C:215FH         LINE#         1455
  -------         ENDPROC       DISPLAY_CLEAR
  -------         PROC          START_DISPLAY
  C:1C00H         LINE#         1464
  C:1C00H         LINE#         1465
  C:1C00H         LINE#         1467
  C:1C03H         LINE#         1470
  C:1C06H         LINE#         1473
  C:1C0BH         LINE#         1476
  C:1C10H         LINE#         1477
  C:1C17H         LINE#         1479
BL51 BANKED LINKER/LOCATER V6.22                                                      10/09/2016  16:10:38  PAGE 32


  C:1C1CH         LINE#         1480
  C:1C23H         LINE#         1482
  C:1C28H         LINE#         1483
  C:1C2FH         LINE#         1494
  C:1C34H         LINE#         1496
  C:1C37H         LINE#         1497
  -------         ENDPROC       START_DISPLAY
  -------         PROC          _SETDISPPAGE
  D:0007H         SYMBOL        Page
  C:2189H         LINE#         1504
  C:2189H         LINE#         1505
  C:2189H         LINE#         1507
  C:218CH         LINE#         1508
  C:218EH         LINE#         1509
  C:2198H         LINE#         1510
  C:219BH         LINE#         1511
  -------         ENDPROC       _SETDISPPAGE
  -------         PROC          TIME_LEDDISPBUFFREFRESH
  C:170AH         LINE#         1518
  C:170AH         LINE#         1519
  C:170AH         LINE#         1520
  C:170EH         LINE#         1521
  C:170EH         LINE#         1522
  C:1713H         LINE#         1523
  C:1713H         LINE#         1524
  C:1717H         LINE#         1525
  C:1717H         LINE#         1526
  C:171AH         LINE#         1527
  C:171AH         LINE#         1528
  C:171AH         LINE#         1529
  C:1726H         LINE#         1530
  C:1726H         LINE#         1531
  C:172AH         LINE#         1532
  C:172AH         LINE#         1533
  C:172FH         LINE#         1534
  C:1732H         LINE#         1536
  C:1732H         LINE#         1537
  C:1735H         LINE#         1538
  C:1737H         LINE#         1539
  C:173AH         LINE#         1540
  C:173AH         LINE#         1541
  C:173BH         LINE#         1542
  C:1741H         LINE#         1543
  C:1741H         LINE#         1544
  C:1744H         LINE#         1546
  C:1748H         LINE#         1547
  C:1751H         LINE#         1548
  C:1759H         LINE#         1549
  C:1759H         LINE#         1550
  C:175AH         LINE#         1552
  C:175EH         LINE#         1553
  C:175EH         LINE#         1555
  C:1764H         LINE#         1556
  C:1764H         LINE#         1558
  C:1766H         LINE#         1559
  C:1769H         LINE#         1560
  C:176EH         LINE#         1561
BL51 BANKED LINKER/LOCATER V6.22                                                      10/09/2016  16:10:38  PAGE 33


  C:176EH         LINE#         1562
  C:1774H         LINE#         1563
  C:1774H         LINE#         1564
  C:1777H         LINE#         1565
  C:177CH         LINE#         1566
  C:177EH         LINE#         1567
  C:177EH         LINE#         1568
  C:177EH         LINE#         1586
  C:177EH         LINE#         1587
  -------         ENDPROC       TIME_LEDDISPBUFFREFRESH
  -------         PROC          LEDDISPBUFFREFRESH
  C:1688H         LINE#         1594
  C:1688H         LINE#         1595
  C:1688H         LINE#         1597
  C:168BH         LINE#         1599
  C:168FH         LINE#         1601
  C:1692H         LINE#         1603
  C:16CCH         LINE#         1604
  C:16CCH         LINE#         1605
  C:16D1H         LINE#         1606
  C:16D6H         LINE#         1607
  C:16DBH         LINE#         1608
  C:16E0H         LINE#         1609
  C:16E5H         LINE#         1610
  C:16EAH         LINE#         1611
  C:16EFH         LINE#         1612
  C:16F4H         LINE#         1613
  C:16F9H         LINE#         1614
  C:16FEH         LINE#         1616
  C:1703H         LINE#         1617
  C:1706H         LINE#         1618
  C:1706H         LINE#         1621
  C:1709H         LINE#         1622
  -------         ENDPROC       LEDDISPBUFFREFRESH
  -------         ENDMOD        LED

  -------         MODULE        MAIN
  C:0000H         SYMBOL        _ICE_DUMMY_
  D:0080H         PUBLIC        P0
  D:0090H         PUBLIC        P1
  C:14D5H         PUBLIC        timer0_int
  D:00A0H         PUBLIC        P2
  D:00B0H         PUBLIC        P3
  D:00C0H         PUBLIC        P4
  D:00C8H         PUBLIC        P5
  B:00A8H.7       PUBLIC        EA
  X:0000H         PUBLIC        CountCodeData
  D:0008H         PUBLIC        OsCmdSet
  C:2175H         PUBLIC        Start_Init
  X:0028H         PUBLIC        BackTask
  D:00A8H         PUBLIC        IE
  C:21CEH         PUBLIC        IO_Init
  D:000EH         PUBLIC        Disp
  B:00A0H.6       PUBLIC        p_led_blue
  I:005CH         PUBLIC        DigiLed
  D:00B8H         PUBLIC        IP
  C:219CH         PUBLIC        InitT0
BL51 BANKED LINKER/LOCATER V6.22                                                      10/09/2016  16:10:38  PAGE 34


  X:007FH         PUBLIC        SRCodeData
  C:1ECBH         PUBLIC        sys_disp_set
  D:001FH         PUBLIC        os_disp_set
  B:0080H.2       PUBLIC        p_led_red
  D:00D8H         PUBLIC        CCON
  I:0073H         PUBLIC        para
  C:1D7FH         PUBLIC        main
  D:0027H         PUBLIC        Key
  D:0032H         PUBLIC        KeyMode
  C:2131H         PUBLIC        _DelayMs
  D:0098H         PUBLIC        SCON
  D:0089H         PUBLIC        TMOD
  D:0088H         PUBLIC        TCON
  D:0035H         PUBLIC        led
  B:00A0H.2       PUBLIC        p_led_rxd
  B:00A0H.1       PUBLIC        p_led_txd
  X:00E7H         PUBLIC        uart
  D:00F0H         PUBLIC        B
  D:00E0H         PUBLIC        ACC
  B:00A8H.1       PUBLIC        ET0
  D:008CH         PUBLIC        TH0
  D:008AH         PUBLIC        TL0
  I:0079H         PUBLIC        para_bk
  B:0088H.4       PUBLIC        TR0
  I:007FH         PUBLIC        Buffer
  X:014FH         PUBLIC        UnfinishTask
  C:21C0H         PUBLIC        Delay1Ms
  C:177FH         PUBLIC        sys_data_reset
  C:224FH         PUBLIC        Version
  X:0175H         PUBLIC        SKUCodeData
  D:003DH         PUBLIC        os_time
  B:0080H.0       PUBLIC        p_m485_ctrl
  X:018DH         PUBLIC        FinishTask
  D:00D0H         PUBLIC        PSW
  B:00A0H.7       PUBLIC        p_led_green
  -------         PROC          SYS_DATA_RESET
  -------         DO            
  D:0007H         SYMBOL        i
  -------         ENDDO         
  C:177FH         LINE#         85
  C:177FH         LINE#         86
  C:177FH         LINE#         89
  C:1784H         LINE#         90
  C:1788H         LINE#         91
  C:178CH         LINE#         92
  C:178EH         LINE#         93
  C:1790H         LINE#         94
  C:1794H         LINE#         96
  C:1795H         LINE#         97
  C:1795H         LINE#         101
  C:17A5H         LINE#         102
  C:17B7H         LINE#         108
  C:17C7H         LINE#         109
  C:17D9H         LINE#         110
  C:17E9H         LINE#         111
  C:17EDH         LINE#         113
  C:17F0H         LINE#         115
BL51 BANKED LINKER/LOCATER V6.22                                                      10/09/2016  16:10:38  PAGE 35


  -------         ENDPROC       SYS_DATA_RESET
  -------         PROC          SYS_DISP_SET
  C:1ECBH         LINE#         120
  C:1ECBH         LINE#         121
  C:1ECBH         LINE#         123
  C:1ED1H         LINE#         124
  C:1ED1H         LINE#         125
  C:1ED4H         LINE#         126
  C:1ED7H         LINE#         127
  C:1EDEH         LINE#         128
  C:1EDEH         LINE#         129
  C:1EDEH         LINE#         130
  C:1EE0H         LINE#         133
  C:1EE0H         LINE#         134
  C:1EE3H         LINE#         135
  C:1EE6H         LINE#         136
  C:1EF1H         LINE#         137
  C:1EF3H         LINE#         138
  C:1EF5H         LINE#         139
  C:1EF5H         LINE#         140
  -------         ENDPROC       SYS_DISP_SET
  -------         PROC          DELAY1MS
  -------         DO            
  D:0006H         SYMBOL        i
  -------         ENDDO         
  C:21C0H         LINE#         145
  C:21C0H         LINE#         146
[...]
  C:053AH         LINE#         179
  C:0540H         LINE#         180
  C:054AH         LINE#         182
  C:0550H         LINE#         183
  C:0553H         LINE#         184
  C:0553H         LINE#         185
  C:0553H         LINE#         186
  C:0553H         LINE#         187
  C:0559H         LINE#         188
  C:0559H         LINE#         189
  C:055CH         LINE#         190
  C:055EH         LINE#         191
  C:0560H         LINE#         192
  C:0562H         LINE#         193
  C:0569H         LINE#         194
  C:0569H         LINE#         195
  C:056CH         LINE#         196
  C:0572H         LINE#         197
  C:057DH         LINE#         198
  C:057DH         LINE#         200
  C:0583H         LINE#         201
  C:058DH         LINE#         202
  C:058DH         LINE#         203
  C:0594H         LINE#         204
  C:05B0H         LINE#         205
BL51 BANKED LINKER/LOCATER V6.22                                                      10/09/2016  16:10:38  PAGE 42


  C:05B4H         LINE#         207
  C:05BAH         LINE#         208
  C:05C8H         LINE#         209
  C:05EFH         LINE#         212
  C:05F5H         LINE#         213
  C:05FBH         LINE#         214
  C:0605H         LINE#         215
  C:0605H         LINE#         216
  C:060CH         LINE#         217
  C:0628H         LINE#         218
  C:062CH         LINE#         220
  C:0632H         LINE#         221
  C:0640H         LINE#         222
  C:0667H         LINE#         223
  C:0671H         LINE#         224
  C:0677H         LINE#         225
  C:0677H         LINE#         226
  C:0677H         LINE#         227
  C:0677H         LINE#         228
  C:0677H         LINE#         232
  C:0681H         LINE#         233
  C:0685H         LINE#         234
  C:0688H         LINE#         237
  C:069BH         LINE#         238
  C:069BH         LINE#         239
  C:06A3H         LINE#         240
  C:06ABH         LINE#         241
  C:06B3H         LINE#         243
  C:06B9H         LINE#         244
  C:06B9H         LINE#         246
  C:06C1H         LINE#         248
  C:06C6H         LINE#         249
  C:06C8H         LINE#         253
  C:06CDH         LINE#         254
  C:06CDH         LINE#         258
  C:06DAH         LINE#         260
  C:06E5H         LINE#         262
  C:06F0H         LINE#         263
  C:06F0H         LINE#         264
  C:06F3H         LINE#         265
  C:06F6H         LINE#         266
  C:06F8H         LINE#         269
  C:06F8H         LINE#         270
  C:0705H         LINE#         271
  C:0705H         LINE#         272
  C:0705H         LINE#         274
  C:0709H         LINE#         275
  C:070EH         LINE#         276
  -------         ENDPROC       COMMU_TASK_PROCESS
  -------         PROC          ACK_MULTI_READ
  -------         DO            
  D:0007H         SYMBOL        addr
  D:0040H         SYMBOL        usCRC
  -------         ENDDO         
  C:0EFAH         LINE#         284
  C:0EFAH         LINE#         285
  C:0EFAH         LINE#         289
BL51 BANKED LINKER/LOCATER V6.22                                                      10/09/2016  16:10:38  PAGE 43


  C:0EFFH         LINE#         290
  C:0F02H         LINE#         292
  C:0F06H         LINE#         293
  C:0F0AH         LINE#         294
  C:0F0FH         LINE#         295
  C:0F13H         LINE#         296
  C:0F13H         LINE#         297
  C:0F17H         LINE#         299
  C:0F24H         LINE#         300
  C:0F29H         LINE#         301
  C:0F2DH         LINE#         302
  C:0F33H         LINE#         303
  C:0F36H         LINE#         304
  C:0F3FH         LINE#         305
  C:0F3FH         LINE#         311
  C:0F45H         LINE#         312
  C:0F45H         LINE#         313
  C:0F4BH         LINE#         315
  C:0F4EH         LINE#         316
  C:0F51H         LINE#         318
  C:0F5EH         LINE#         319
  C:0F63H         LINE#         320
  C:0F67H         LINE#         321
  C:0F6DH         LINE#         322
  C:0F70H         LINE#         323
  C:0F78H         LINE#         324
  C:0F78H         LINE#         325
  C:0F7EH         LINE#         327
  C:0F81H         LINE#         328
  C:0F92H         LINE#         329
  C:0F9AH         LINE#         330
  C:0FA4H         LINE#         332
  C:0FB1H         LINE#         333
  C:0FB6H         LINE#         334
  C:0FBAH         LINE#         335
  C:0FC0H         LINE#         336
  C:0FC2H         LINE#         337
  C:0FCAH         LINE#         338
  C:0FCAH         LINE#         339
  C:0FD0H         LINE#         341
  C:0FD4H         LINE#         342
  C:0FE5H         LINE#         343
  C:0FEDH         LINE#         344
  C:0FF7H         LINE#         345
  C:0FFFH         LINE#         346
  C:1009H         LINE#         348
  C:1016H         LINE#         349
  C:101BH         LINE#         350
  C:101FH         LINE#         351
  C:1025H         LINE#         352
  C:1025H         LINE#         353
  C:1025H         LINE#         354
  -------         ENDPROC       ACK_MULTI_READ
  -------         PROC          ACK_MULTI_READTESTADDR
  -------         DO            
  D:0007H         SYMBOL        addr
  D:0006H         SYMBOL        usCRC
BL51 BANKED LINKER/LOCATER V6.22                                                      10/09/2016  16:10:38  PAGE 44


  -------         ENDDO         
  C:1E13H         LINE#         357
  C:1E13H         LINE#         358
  C:1E13H         LINE#         362
  C:1E16H         LINE#         364
  C:1E1AH         LINE#         365
  C:1E1EH         LINE#         366
  C:1E21H         LINE#         367
  C:1E2AH         LINE#         368
  C:1E2FH         LINE#         369
  C:1E32H         LINE#         370
  C:1E38H         LINE#         371
  -------         ENDPROC       ACK_MULTI_READTESTADDR
  -------         PROC          ACK_SINGLE_WRITE
  C:21DCH         LINE#         378
  C:21DCH         LINE#         379
  C:21DCH         LINE#         380
  -------         ENDPROC       ACK_SINGLE_WRITE
  -------         PROC          ACK_MULTI_WRITE_REPEATERROR
  -------         DO            
  D:0007H         SYMBOL        addr
  D:0006H         SYMBOL        usCRC
  -------         ENDDO         
  C:1DB2H         LINE#         387
  C:1DB2H         LINE#         388
  C:1DB2H         LINE#         389
  C:1DB5H         LINE#         392
  C:1DB9H         LINE#         393
  C:1DBDH         LINE#         394
  C:1DC1H         LINE#         396
  C:1DCAH         LINE#         398
  C:1DCFH         LINE#         399
  C:1DD2H         LINE#         401
  C:1DD8H         LINE#         402
  -------         ENDPROC       ACK_MULTI_WRITE_REPEATERROR
  -------         PROC          ACK_MULTI_WRITE
  -------         DO            
  D:0007H         SYMBOL        addr
  D:0006H         SYMBOL        usCRC
  -------         ENDDO         
  C:1CACH         LINE#         409
  C:1CACH         LINE#         410
  C:1CACH         LINE#         411
  C:1CAFH         LINE#         414
  C:1CB3H         LINE#         415
  C:1CB7H         LINE#         416
  C:1CBAH         LINE#         417
  C:1CBCH         LINE#         418
  C:1CBEH         LINE#         419
  C:1CC2H         LINE#         421
  C:1CCBH         LINE#         423
  C:1CD0H         LINE#         424
  C:1CD3H         LINE#         426
  C:1CD9H         LINE#         427
  -------         ENDPROC       ACK_MULTI_WRITE
  -------         PROC          RESETADDR
  C:2204H         LINE#         433
BL51 BANKED LINKER/LOCATER V6.22                                                      10/09/2016  16:10:38  PAGE 45


  C:2204H         LINE#         434
  C:2204H         LINE#         436
  C:2207H         LINE#         437
  C:220AH         LINE#         440
  C:220EH         LINE#         441
  -------         ENDPROC       RESETADDR
  -------         PROC          DISCODEPROTOCALV1
  -------         DO            
  D:003EH         SYMBOL        addr
  D:0002H         SYMBOL        usCRC
  D:0004H         SYMBOL        retCRC
  D:003FH         SYMBOL        i
  -------         ENDDO         
  C:0026H         LINE#         447
  C:0026H         LINE#         448
  C:0026H         LINE#         449
  C:002BH         LINE#         452
  C:002EH         LINE#         454
  C:0040H         LINE#         455
  C:0051H         LINE#         456
  C:0066H         LINE#         458
  C:0071H         LINE#         459
  C:0071H         LINE#         461
  C:0073H         LINE#         463
  C:0090H         LINE#         464
  C:0090H         LINE#         466
  C:0096H         LINE#         467
  C:009CH         LINE#         469
  C:00A3H         LINE#         470
  C:00A3H         LINE#         471
  C:00ACH         LINE#         472
  C:00ACH         LINE#         473
  C:00AFH         LINE#         475
  C:00B6H         LINE#         477
  C:00B9H         LINE#         478
  C:00BCH         LINE#         480
  C:00C1H         LINE#         481
  C:00C1H         LINE#         482
  C:00C4H         LINE#         485
  C:00CFH         LINE#         486
  C:00CFH         LINE#         487
  C:00DEH         LINE#         489
  C:00E1H         LINE#         490
  C:00E1H         LINE#         491
  C:00EFH         LINE#         492
  C:00F6H         LINE#         494
  C:00FCH         LINE#         495
  C:0100H         LINE#         496
  C:010AH         LINE#         497
  C:010EH         LINE#         498
  C:0118H         LINE#         499
  C:011CH         LINE#         500
  C:0126H         LINE#         501
  C:012AH         LINE#         502
  C:0134H         LINE#         503
  C:0138H         LINE#         504
  C:0142H         LINE#         505
BL51 BANKED LINKER/LOCATER V6.22                                                      10/09/2016  16:10:38  PAGE 46


  C:0146H         LINE#         507
  C:014BH         LINE#         509
  C:014EH         LINE#         510
  C:0151H         LINE#         511
  C:0154H         LINE#         513
  C:015BH         LINE#         514
  C:015BH         LINE#         515
  C:015EH         LINE#         516
  C:0161H         LINE#         517
  C:0164H         LINE#         520
  C:016BH         LINE#         521
  C:016BH         LINE#         522
  C:0172H         LINE#         523
  C:0177H         LINE#         525
  C:0179H         LINE#         526
  C:0179H         LINE#         527
  C:0179H         LINE#         528
  C:017BH         LINE#         530
  C:0182H         LINE#         531
  C:0182H         LINE#         532
  C:0189H         LINE#         533
  C:018BH         LINE#         535
  C:018BH         LINE#         536
  C:018BH         LINE#         537
  C:018BH         LINE#         538
  C:018BH         LINE#         539
  C:018BH         LINE#         540
  C:018BH         LINE#         541
  C:018DH         LINE#         543
  C:0194H         LINE#         544
  C:0194H         LINE#         545
  C:019BH         LINE#         546
  C:019DH         LINE#         548
  C:019DH         LINE#         549
  C:019DH         LINE#         550
  C:019DH         LINE#         551
  C:019DH         LINE#         552
  C:019DH         LINE#         553
  C:019DH         LINE#         554
  C:019FH         LINE#         556
  C:01A6H         LINE#         557
  C:01A6H         LINE#         558
  C:01ADH         LINE#         559
  C:01B2H         LINE#         561
  C:01B5H         LINE#         562
  C:01B8H         LINE#         563
  C:01BDH         LINE#         564
  C:01BFH         LINE#         565
  C:01C4H         LINE#         566
  C:01C4H         LINE#         568
  C:01C6H         LINE#         570
  C:01D1H         LINE#         571
  C:01D1H         LINE#         572
  C:01D8H         LINE#         573
  C:01DDH         LINE#         575
  C:01E2H         LINE#         576
  C:01E5H         LINE#         577
BL51 BANKED LINKER/LOCATER V6.22                                                      10/09/2016  16:10:38  PAGE 47


  C:01E8H         LINE#         578
  C:01E8H         LINE#         579
  C:01EBH         LINE#         582
  C:01FDH         LINE#         583
  C:01FDH         LINE#         585
  C:0211H         LINE#         586
  C:0211H         LINE#         587
  C:0211H         LINE#         588
  C:0211H         LINE#         589
  C:021CH         LINE#         590
  C:021CH         LINE#         591
  C:021FH         LINE#         592
  C:0222H         LINE#         593
  C:0234H         LINE#         594
  C:0234H         LINE#         595
  C:0237H         LINE#         596
  C:0237H         LINE#         597
  C:023AH         LINE#         598
  C:023AH         LINE#         599
  C:023AH         LINE#         600
  C:023AH         LINE#         601
  C:0245H         LINE#         602
  C:0245H         LINE#         603
  C:0248H         LINE#         605
  C:024EH         LINE#         606
  C:024EH         LINE#         607
  C:024EH         LINE#         608
  C:024EH         LINE#         609
  C:024EH         LINE#         610
  C:0250H         LINE#         612
  C:025CH         LINE#         613
  C:025CH         LINE#         614
  C:025FH         LINE#         615
  C:0262H         LINE#         616
  C:0265H         LINE#         617
  C:0268H         LINE#         618
  C:026FH         LINE#         619
  C:026FH         LINE#         620
  C:0275H         LINE#         621
  C:0275H         LINE#         622
  C:0277H         LINE#         623
  C:027AH         LINE#         624
  C:0285H         LINE#         625
  C:0285H         LINE#         626
  C:0288H         LINE#         627
  C:0288H         LINE#         628
  C:028BH         LINE#         629
  C:0296H         LINE#         630
  C:0296H         LINE#         633
  C:02C4H         LINE#         634
  C:02C4H         LINE#         635
  C:02CAH         LINE#         636
  C:02D2H         LINE#         637
  C:02D2H         LINE#         639
  C:02DDH         LINE#         640
  C:02E5H         LINE#         641
  C:02E5H         LINE#         642
BL51 BANKED LINKER/LOCATER V6.22                                                      10/09/2016  16:10:38  PAGE 48


  C:02E5H         LINE#         643
  C:02E5H         LINE#         644
  C:02E5H         LINE#         645
  C:02E8H         LINE#         646
  C:02E8H         LINE#         647
  C:02E8H         LINE#         648
  C:02E8H         LINE#         655
  C:02F5H         LINE#         656
  C:02F5H         LINE#         657
  C:02F8H         LINE#         658
  C:02FBH         LINE#         659
  C:02FEH         LINE#         660
  C:0300H         LINE#         661
  C:033DH         LINE#         663
  C:033DH         LINE#         665
  C:0347H         LINE#         687
  C:0353H         LINE#         688
  C:0353H         LINE#         689
  C:0356H         LINE#         690
  C:0359H         LINE#         691
  C:0359H         LINE#         692
  C:035CH         LINE#         694
  C:035FH         LINE#         695
  C:0365H         LINE#         696
  C:0365H         LINE#         724
  C:036BH         LINE#         725
  C:036EH         LINE#         726
  C:036EH         LINE#         727
  C:036EH         LINE#         728
  C:036EH         LINE#         729
  C:036EH         LINE#         730
  C:036EH         LINE#         731
  C:036EH         LINE#         732
  C:036EH         LINE#         735
  C:0379H         LINE#         736
  C:0379H         LINE#         738
  C:0398H         LINE#         739
  C:0398H         LINE#         740
  C:039CH         LINE#         741
  C:039CH         LINE#         742
  C:03A9H         LINE#         743
  C:03A9H         LINE#         744
  C:03B8H         LINE#         745
  C:03B8H         LINE#         746
  C:03BBH         LINE#         747
  C:03BEH         LINE#         748
  C:03C1H         LINE#         749
  C:03C3H         LINE#         750
  C:03C3H         LINE#         751
  C:03C7H         LINE#         752
  C:03C7H         LINE#         753
  C:03CFH         LINE#         754
  C:03CFH         LINE#         755
  C:03DCH         LINE#         756
  C:03DCH         LINE#         757
  C:03EBH         LINE#         758
  C:03EBH         LINE#         759
BL51 BANKED LINKER/LOCATER V6.22                                                      10/09/2016  16:10:38  PAGE 49


  C:03FCH         LINE#         760
  C:03FFH         LINE#         761
  C:0401H         LINE#         762
  C:0401H         LINE#         763
  C:0405H         LINE#         764
  C:0405H         LINE#         765
  C:0405H         LINE#         766
  C:0405H         LINE#         769
  C:0407H         LINE#         770
  C:0407H         LINE#         773
  -------         ENDPROC       DISCODEPROTOCALV1
  -------         PROC          CMD_PROCESS
  C:1F48H         LINE#         798
  C:1F48H         LINE#         799
  C:1F48H         LINE#         802
  C:1F5AH         LINE#         803
  C:1F5AH         LINE#         806
  C:1F63H         LINE#         810
  C:1F63H         LINE#         813
  C:1F66H         LINE#         814
  C:1F66H         LINE#         816
  C:1F6BH         LINE#         817
  C:1F6FH         LINE#         818
  -------         ENDPROC       CMD_PROCESS
  -------         ENDMOD        PROCESS

  -------         MODULE        CRC
  C:0000H         SYMBOL        _ICE_DUMMY_
  D:0080H         PUBLIC        P0
  D:0090H         PUBLIC        P1
  D:00A0H         PUBLIC        P2
  D:00B0H         PUBLIC        P3
  D:00C0H         PUBLIC        P4
  D:00C8H         PUBLIC        P5
  D:00A8H         PUBLIC        IE
  D:00B8H         PUBLIC        IP
  D:00D8H         PUBLIC        CCON
  C:0BAEH         PUBLIC        auchCRCHi
  D:0098H         PUBLIC        SCON
  D:0088H         PUBLIC        TCON
  C:0CAEH         PUBLIC        auchCRCLo
  C:1D18H         PUBLIC        _CRC16
  D:00F0H         PUBLIC        B
  D:00E0H         PUBLIC        ACC
  D:00D0H         PUBLIC        PSW
  -------         PROC          _CRC16
  D:0006H         SYMBOL        puchMsg
  D:0001H         SYMBOL        usDataLen
  -------         DO            
  D:0005H         SYMBOL        uchCRCHi
  D:0004H         SYMBOL        uchCRCLo
  D:0042H         SYMBOL        uIndex
  -------         ENDDO         
  C:1D18H         LINE#         92
  C:1D1AH         LINE#         93
  C:1D1AH         LINE#         94
  C:1D1CH         LINE#         95
BL51 BANKED LINKER/LOCATER V6.22                                                      10/09/2016  16:10:38  PAGE 50


  C:1D1EH         LINE#         98
  C:1D24H         LINE#         99
  C:1D24H         LINE#         100
  C:1D2FH         LINE#         101
  C:1D34H         LINE#         102
  C:1D3DH         LINE#         103
  C:1D43H         LINE#         104
  C:1D45H         LINE#         105
  C:1D4BH         LINE#         106
  -------         ENDPROC       _CRC16
  -------         ENDMOD        CRC

  -------         MODULE        ?C?CLDPTR
  C:124FH         PUBLIC        ?C?CLDPTR
  -------         ENDMOD        ?C?CLDPTR

  -------         MODULE        ?C?CLDOPTR
  C:1268H         PUBLIC        ?C?CLDOPTR
  -------         ENDMOD        ?C?CLDOPTR

  -------         MODULE        ?C?CSTPTR
  C:1295H         PUBLIC        ?C?CSTPTR
  -------         ENDMOD        ?C?CSTPTR

  -------         MODULE        ?C?CSTOPTR
  C:12A7H         PUBLIC        ?C?CSTOPTR
  -------         ENDMOD        ?C?CSTOPTR

  -------         MODULE        ?C?IMUL
  C:12C9H         PUBLIC        ?C?IMUL
  -------         ENDMOD        ?C?IMUL

  -------         MODULE        ?C?UIDIV
  C:12DBH         PUBLIC        ?C?UIDIV
  -------         ENDMOD        ?C?UIDIV

  -------         MODULE        ?C?ULCMP
  C:1330H         PUBLIC        ?C?ULCMP
  -------         ENDMOD        ?C?ULCMP

Program Size: data=144.0 xdata=435 code=8814
LINK/LOCATE RUN COMPLETE.  0 WARNING(S),  0 ERROR(S)
